
*** Running vivado
    with args -log top.vds -m64 -product Vivado -mode batch -messageDb vivado.pb -notrace -source top.tcl


****** Vivado v2019.2 (64-bit)
  **** SW Build 2708876 on Wed Nov  6 21:39:14 MST 2019
  **** IP Build 2700528 on Thu Nov  7 00:09:20 MST 2019
    ** Copyright 1986-2019 Xilinx, Inc. All Rights Reserved.

source top.tcl -notrace
INFO: [IP_Flow 19-234] Refreshing IP repositories
INFO: [IP_Flow 19-1700] Loaded user IP repository '/home/pranav/PersonalProjects/vivado_ip_cores'.
INFO: [IP_Flow 19-2313] Loaded Vivado IP repository '/opt/Xilinx_2019_2/Vivado/2019.2/data/ip'.
Command: synth_design -top top -part xc7z020clg400-1
Starting synth_design
Attempting to get a license for feature 'Synthesis' and/or device 'xc7z020'
INFO: [Common 17-349] Got license for feature 'Synthesis' and/or device 'xc7z020'
INFO: [Device 21-403] Loading part xc7z020clg400-1
INFO: Launching helper process for spawning children vivado processes
INFO: Helper process launched with PID 253461 
---------------------------------------------------------------------------------
Starting RTL Elaboration : Time (s): cpu = 00:00:06 ; elapsed = 00:00:09 . Memory (MB): peak = 1953.902 ; gain = 201.719 ; free physical = 473 ; free virtual = 24547
---------------------------------------------------------------------------------
INFO: [Synth 8-6157] synthesizing module 'top' [/home/pranav/Documents/4-2-notes/fpga-lab/fpga-assignment-1/task-1/task-1-sequence-detector/task-1-sequence-detector.srcs/sources_1/new/top.v:23]
INFO: [Synth 8-6157] synthesizing module 'clockdiv' [/home/pranav/Documents/4-2-notes/fpga-lab/fpga-assignment-1/task-1/task-1-sequence-detector/task-1-sequence-detector.srcs/sources_1/imports/new/clockdiv.v:23]
	Parameter DESIRED_FREQ bound to: 1 - type: integer 
	Parameter IP_FREQ bound to: 125000000 - type: integer 
	Parameter SETPOINT bound to: 62500000 - type: integer 
	Parameter COUNTER_WIDTH bound to: 26 - type: integer 
INFO: [Synth 8-6155] done synthesizing module 'clockdiv' (1#1) [/home/pranav/Documents/4-2-notes/fpga-lab/fpga-assignment-1/task-1/task-1-sequence-detector/task-1-sequence-detector.srcs/sources_1/imports/new/clockdiv.v:23]
INFO: [Synth 8-6157] synthesizing module 'detector' [/home/pranav/Documents/4-2-notes/fpga-lab/fpga-assignment-1/task-1/task-1-sequence-detector/task-1-sequence-detector.srcs/sources_1/new/detector.v:23]
	Parameter RESET bound to: 3'b000 
	Parameter INIT bound to: 3'b001 
	Parameter ZO bound to: 3'b010 
	Parameter ZZ bound to: 3'b011 
	Parameter ZZO bound to: 3'b100 
	Parameter ZOZ bound to: 3'b101 
INFO: [Synth 8-6155] done synthesizing module 'detector' (2#1) [/home/pranav/Documents/4-2-notes/fpga-lab/fpga-assignment-1/task-1/task-1-sequence-detector/task-1-sequence-detector.srcs/sources_1/new/detector.v:23]
INFO: [Synth 8-6157] synthesizing module 'generator' [/home/pranav/Documents/4-2-notes/fpga-lab/fpga-assignment-1/task-1/task-1-sequence-detector/task-1-sequence-detector.srcs/sources_1/new/generator.v:3]
	Parameter TEST_STREAM bound to: 120'b001001000010010010010000100010010000000011111111001100100101001011001001101001000001000011101111001001000100010000100010 
INFO: [Synth 8-6155] done synthesizing module 'generator' (3#1) [/home/pranav/Documents/4-2-notes/fpga-lab/fpga-assignment-1/task-1/task-1-sequence-detector/task-1-sequence-detector.srcs/sources_1/new/generator.v:3]
INFO: [Synth 8-6155] done synthesizing module 'top' (4#1) [/home/pranav/Documents/4-2-notes/fpga-lab/fpga-assignment-1/task-1/task-1-sequence-detector/task-1-sequence-detector.srcs/sources_1/new/top.v:23]
---------------------------------------------------------------------------------
Finished RTL Elaboration : Time (s): cpu = 00:00:08 ; elapsed = 00:00:12 . Memory (MB): peak = 2015.652 ; gain = 263.469 ; free physical = 486 ; free virtual = 24601
---------------------------------------------------------------------------------

Report Check Netlist: 
+------+------------------+-------+---------+-------+------------------+
|      |Item              |Errors |Warnings |Status |Description       |
+------+------------------+-------+---------+-------+------------------+
|1     |multi_driven_nets |      0|        0|Passed |Multi driven nets |
+------+------------------+-------+---------+-------+------------------+
---------------------------------------------------------------------------------
Start Handling Custom Attributes
---------------------------------------------------------------------------------
---------------------------------------------------------------------------------
Finished Handling Custom Attributes : Time (s): cpu = 00:00:09 ; elapsed = 00:00:13 . Memory (MB): peak = 2018.621 ; gain = 266.438 ; free physical = 454 ; free virtual = 24585
---------------------------------------------------------------------------------
---------------------------------------------------------------------------------
Finished RTL Optimization Phase 1 : Time (s): cpu = 00:00:09 ; elapsed = 00:00:13 . Memory (MB): peak = 2018.621 ; gain = 266.438 ; free physical = 454 ; free virtual = 24585
---------------------------------------------------------------------------------
Netlist sorting complete. Time (s): cpu = 00:00:00 ; elapsed = 00:00:00 . Memory (MB): peak = 2018.621 ; gain = 0.000 ; free physical = 454 ; free virtual = 24585
INFO: [Project 1-570] Preparing netlist for logic optimization

Processing XDC Constraints
Initializing timing engine
Parsing XDC File [/home/pranav/Documents/4-2-notes/fpga-lab/fpga-assignment-1/task-1/task-1-sequence-detector/task-1-sequence-detector.srcs/constrs_1/new/constraints.xdc]
INFO: [Vivado 12-2286] Implicit search of objects for pattern 'i_clk' matched to 'port' objects. [/home/pranav/Documents/4-2-notes/fpga-lab/fpga-assignment-1/task-1/task-1-sequence-detector/task-1-sequence-detector.srcs/constrs_1/new/constraints.xdc:15]
Resolution: To avoid ambiguous patterns, provide proper objects using get commands e.g. [get_nets xyz].
Finished Parsing XDC File [/home/pranav/Documents/4-2-notes/fpga-lab/fpga-assignment-1/task-1/task-1-sequence-detector/task-1-sequence-detector.srcs/constrs_1/new/constraints.xdc]
INFO: [Project 1-236] Implementation specific constraints were found while reading constraint file [/home/pranav/Documents/4-2-notes/fpga-lab/fpga-assignment-1/task-1/task-1-sequence-detector/task-1-sequence-detector.srcs/constrs_1/new/constraints.xdc]. These constraints will be ignored for synthesis but will be used in implementation. Impacted constraints are listed in the file [.Xil/top_propImpl.xdc].
Resolution: To avoid this warning, move constraints listed in [.Xil/top_propImpl.xdc] to another XDC file and exclude this new file from synthesis with the used_in_synthesis property (File Properties dialog in GUI) and re-run elaboration/synthesis.
Completed Processing XDC Constraints

Netlist sorting complete. Time (s): cpu = 00:00:00 ; elapsed = 00:00:00 . Memory (MB): peak = 2163.371 ; gain = 0.000 ; free physical = 282 ; free virtual = 24474
INFO: [Project 1-111] Unisim Transformation Summary:
No Unisim elements were transformed.

Constraint Validation Runtime : Time (s): cpu = 00:00:00 ; elapsed = 00:00:00 . Memory (MB): peak = 2163.371 ; gain = 0.000 ; free physical = 282 ; free virtual = 24474
---------------------------------------------------------------------------------
Finished Constraint Validation : Time (s): cpu = 00:00:19 ; elapsed = 00:00:26 . Memory (MB): peak = 2163.371 ; gain = 411.188 ; free physical = 212 ; free virtual = 24550
---------------------------------------------------------------------------------
---------------------------------------------------------------------------------
Start Loading Part and Timing Information
---------------------------------------------------------------------------------
Loading part: xc7z020clg400-1
---------------------------------------------------------------------------------
Finished Loading Part and Timing Information : Time (s): cpu = 00:00:19 ; elapsed = 00:00:26 . Memory (MB): peak = 2163.371 ; gain = 411.188 ; free physical = 212 ; free virtual = 24550
---------------------------------------------------------------------------------
---------------------------------------------------------------------------------
Start Applying 'set_property' XDC Constraints
---------------------------------------------------------------------------------
---------------------------------------------------------------------------------
Finished applying 'set_property' XDC Constraints : Time (s): cpu = 00:00:19 ; elapsed = 00:00:26 . Memory (MB): peak = 2163.371 ; gain = 411.188 ; free physical = 212 ; free virtual = 24550
---------------------------------------------------------------------------------
INFO: [Synth 8-802] inferred FSM for state register 'state_reg' in module 'detector'
---------------------------------------------------------------------------------------------------
                   State |                     New Encoding |                Previous Encoding 
---------------------------------------------------------------------------------------------------
                   RESET |                              000 |                              000
                    INIT |                              001 |                              001
                      ZO |                              010 |                              010
                     ZOZ |                              011 |                              101
                      ZZ |                              100 |                              011
                     ZZO |                              101 |                              100
---------------------------------------------------------------------------------------------------
INFO: [Synth 8-3354] encoded FSM with state register 'state_reg' using encoding 'sequential' in module 'detector'
---------------------------------------------------------------------------------
Finished RTL Optimization Phase 2 : Time (s): cpu = 00:00:19 ; elapsed = 00:00:27 . Memory (MB): peak = 2163.371 ; gain = 411.188 ; free physical = 203 ; free virtual = 24551
---------------------------------------------------------------------------------

Report RTL Partitions: 
+-+--------------+------------+----------+
| |RTL Partition |Replication |Instances |
+-+--------------+------------+----------+
+-+--------------+------------+----------+
---------------------------------------------------------------------------------
Start RTL Component Statistics 
---------------------------------------------------------------------------------
Detailed RTL Component Info : 
+---Adders : 
	   2 Input     26 Bit       Adders := 1     
	   2 Input      7 Bit       Adders := 2     
+---Registers : 
	               26 Bit    Registers := 1     
	                7 Bit    Registers := 1     
	                1 Bit    Registers := 4     
+---Muxes : 
	   2 Input     26 Bit        Muxes := 1     
	   6 Input      3 Bit        Muxes := 1     
	   2 Input      3 Bit        Muxes := 5     
	   3 Input      1 Bit        Muxes := 1     
	   6 Input      1 Bit        Muxes := 1     
---------------------------------------------------------------------------------
Finished RTL Component Statistics 
---------------------------------------------------------------------------------
---------------------------------------------------------------------------------
Start RTL Hierarchical Component Statistics 
---------------------------------------------------------------------------------
Hierarchical RTL Component report 
Module top 
Detailed RTL Component Info : 
+---Registers : 
	                1 Bit    Registers := 1     
Module clockdiv 
Detailed RTL Component Info : 
+---Adders : 
	   2 Input     26 Bit       Adders := 1     
+---Registers : 
	               26 Bit    Registers := 1     
	                1 Bit    Registers := 2     
+---Muxes : 
	   2 Input     26 Bit        Muxes := 1     
	   3 Input      1 Bit        Muxes := 1     
Module detector 
Detailed RTL Component Info : 
+---Registers : 
	                1 Bit    Registers := 1     
+---Muxes : 
	   6 Input      3 Bit        Muxes := 1     
	   2 Input      3 Bit        Muxes := 5     
	   6 Input      1 Bit        Muxes := 1     
Module generator 
Detailed RTL Component Info : 
+---Adders : 
	   2 Input      7 Bit       Adders := 2     
+---Registers : 
	                7 Bit    Registers := 1     
---------------------------------------------------------------------------------
Finished RTL Hierarchical Component Statistics
---------------------------------------------------------------------------------
---------------------------------------------------------------------------------
Start Part Resource Summary
---------------------------------------------------------------------------------
Part Resources:
DSPs: 220 (col length:60)
BRAMs: 280 (col length: RAMB18 60 RAMB36 30)
---------------------------------------------------------------------------------
Finished Part Resource Summary
---------------------------------------------------------------------------------
---------------------------------------------------------------------------------
Start Cross Boundary and Area Optimization
---------------------------------------------------------------------------------
Warning: Parallel synthesis criteria is not met 
---------------------------------------------------------------------------------
Finished Cross Boundary and Area Optimization : Time (s): cpu = 00:00:21 ; elapsed = 00:00:29 . Memory (MB): peak = 2163.371 ; gain = 411.188 ; free physical = 180 ; free virtual = 24557
---------------------------------------------------------------------------------

Report RTL Partitions: 
+-+--------------+------------+----------+
| |RTL Partition |Replication |Instances |
+-+--------------+------------+----------+
+-+--------------+------------+----------+
---------------------------------------------------------------------------------
Start Applying XDC Timing Constraints
---------------------------------------------------------------------------------
---------------------------------------------------------------------------------
Finished Applying XDC Timing Constraints : Time (s): cpu = 00:00:31 ; elapsed = 00:00:42 . Memory (MB): peak = 2163.371 ; gain = 411.188 ; free physical = 157 ; free virtual = 24438
---------------------------------------------------------------------------------
---------------------------------------------------------------------------------
Start Timing Optimization
---------------------------------------------------------------------------------
---------------------------------------------------------------------------------
Finished Timing Optimization : Time (s): cpu = 00:00:31 ; elapsed = 00:00:42 . Memory (MB): peak = 2163.371 ; gain = 411.188 ; free physical = 199 ; free virtual = 24472
---------------------------------------------------------------------------------

Report RTL Partitions: 
+-+--------------+------------+----------+
| |RTL Partition |Replication |Instances |
+-+--------------+------------+----------+
+-+--------------+------------+----------+
---------------------------------------------------------------------------------
Start Technology Mapping
---------------------------------------------------------------------------------
---------------------------------------------------------------------------------
Finished Technology Mapping : Time (s): cpu = 00:00:31 ; elapsed = 00:00:42 . Memory (MB): peak = 2163.371 ; gain = 411.188 ; free physical = 197 ; free virtual = 24471
---------------------------------------------------------------------------------

Report RTL Partitions: 
+-+--------------+------------+----------+
| |RTL Partition |Replication |Instances |
+-+--------------+------------+----------+
+-+--------------+------------+----------+
---------------------------------------------------------------------------------
Start IO Insertion
---------------------------------------------------------------------------------
---------------------------------------------------------------------------------
Start Flattening Before IO Insertion
---------------------------------------------------------------------------------
---------------------------------------------------------------------------------
Finished Flattening Before IO Insertion
---------------------------------------------------------------------------------
---------------------------------------------------------------------------------
Start Final Netlist Cleanup
---------------------------------------------------------------------------------
---------------------------------------------------------------------------------
Finished Final Netlist Cleanup
---------------------------------------------------------------------------------
---------------------------------------------------------------------------------
Finished IO Insertion : Time (s): cpu = 00:00:36 ; elapsed = 00:00:47 . Memory (MB): peak = 2163.371 ; gain = 411.188 ; free physical = 184 ; free virtual = 24437
---------------------------------------------------------------------------------
---------------------------------------------------------------------------------
Start Renaming Generated Instances
---------------------------------------------------------------------------------
---------------------------------------------------------------------------------
Finished Renaming Generated Instances : Time (s): cpu = 00:00:36 ; elapsed = 00:00:47 . Memory (MB): peak = 2163.371 ; gain = 411.188 ; free physical = 184 ; free virtual = 24437
---------------------------------------------------------------------------------

Report RTL Partitions: 
+-+--------------+------------+----------+
| |RTL Partition |Replication |Instances |
+-+--------------+------------+----------+
+-+--------------+------------+----------+

Report Check Netlist: 
+------+------------------+-------+---------+-------+------------------+
|      |Item              |Errors |Warnings |Status |Description       |
+------+------------------+-------+---------+-------+------------------+
|1     |multi_driven_nets |      0|        0|Passed |Multi driven nets |
+------+------------------+-------+---------+-------+------------------+
---------------------------------------------------------------------------------
Start Rebuilding User Hierarchy
---------------------------------------------------------------------------------
---------------------------------------------------------------------------------
Finished Rebuilding User Hierarchy : Time (s): cpu = 00:00:36 ; elapsed = 00:00:47 . Memory (MB): peak = 2163.371 ; gain = 411.188 ; free physical = 183 ; free virtual = 24437
---------------------------------------------------------------------------------
---------------------------------------------------------------------------------
Start Renaming Generated Ports
---------------------------------------------------------------------------------
---------------------------------------------------------------------------------
Finished Renaming Generated Ports : Time (s): cpu = 00:00:36 ; elapsed = 00:00:47 . Memory (MB): peak = 2163.371 ; gain = 411.188 ; free physical = 183 ; free virtual = 24437
---------------------------------------------------------------------------------
---------------------------------------------------------------------------------
Start Handling Custom Attributes
---------------------------------------------------------------------------------
---------------------------------------------------------------------------------
Finished Handling Custom Attributes : Time (s): cpu = 00:00:36 ; elapsed = 00:00:47 . Memory (MB): peak = 2163.371 ; gain = 411.188 ; free physical = 183 ; free virtual = 24437
---------------------------------------------------------------------------------
---------------------------------------------------------------------------------
Start Renaming Generated Nets
---------------------------------------------------------------------------------
---------------------------------------------------------------------------------
Finished Renaming Generated Nets : Time (s): cpu = 00:00:36 ; elapsed = 00:00:47 . Memory (MB): peak = 2163.371 ; gain = 411.188 ; free physical = 183 ; free virtual = 24437
---------------------------------------------------------------------------------
---------------------------------------------------------------------------------
Start Writing Synthesis Report
---------------------------------------------------------------------------------

Report BlackBoxes: 
+-+--------------+----------+
| |BlackBox name |Instances |
+-+--------------+----------+
+-+--------------+----------+

Report Cell Usage: 
+------+-------+------+
|      |Cell   |Count |
+------+-------+------+
|1     |BUFG   |     1|
|2     |CARRY4 |     7|
|3     |LUT1   |     3|
|4     |LUT2   |    27|
|5     |LUT3   |     4|
|6     |LUT4   |     8|
|7     |LUT5   |     4|
|8     |LUT6   |     5|
|9     |FDCE   |    12|
|10    |FDRE   |    28|
|11    |IBUF   |     2|
|12    |OBUF   |     3|
+------+-------+------+

Report Instance Areas: 
+------+----------+----------+------+
|      |Instance  |Module    |Cells |
+------+----------+----------+------+
|1     |top       |          |   104|
|2     |  cdiv    |clockdiv  |    70|
|3     |  uut_det |detector  |     8|
|4     |  uut_gen |generator |    19|
+------+----------+----------+------+
---------------------------------------------------------------------------------
Finished Writing Synthesis Report : Time (s): cpu = 00:00:36 ; elapsed = 00:00:47 . Memory (MB): peak = 2163.371 ; gain = 411.188 ; free physical = 183 ; free virtual = 24437
---------------------------------------------------------------------------------
Synthesis finished with 0 errors, 0 critical warnings and 0 warnings.
Synthesis Optimization Runtime : Time (s): cpu = 00:00:33 ; elapsed = 00:00:43 . Memory (MB): peak = 2163.371 ; gain = 266.438 ; free physical = 202 ; free virtual = 24459
Synthesis Optimization Complete : Time (s): cpu = 00:00:36 ; elapsed = 00:00:48 . Memory (MB): peak = 2163.371 ; gain = 411.188 ; free physical = 202 ; free virtual = 24459
INFO: [Project 1-571] Translating synthesized netlist
Netlist sorting complete. Time (s): cpu = 00:00:00.01 ; elapsed = 00:00:00.01 . Memory (MB): peak = 2163.371 ; gain = 0.000 ; free physical = 260 ; free virtual = 24525
INFO: [Netlist 29-17] Analyzing 7 Unisim elements for replacement
INFO: [Netlist 29-28] Unisim Transformation completed in 0 CPU seconds
INFO: [Project 1-570] Preparing netlist for logic optimization
INFO: [Opt 31-138] Pushed 0 inverter(s) to 0 load pin(s).
Netlist sorting complete. Time (s): cpu = 00:00:00 ; elapsed = 00:00:00 . Memory (MB): peak = 2170.309 ; gain = 0.000 ; free physical = 197 ; free virtual = 24481
INFO: [Project 1-111] Unisim Transformation Summary:
No Unisim elements were transformed.

INFO: [Common 17-83] Releasing license: Synthesis
26 Infos, 0 Warnings, 0 Critical Warnings and 0 Errors encountered.
synth_design completed successfully
synth_design: Time (s): cpu = 00:00:49 ; elapsed = 00:01:09 . Memory (MB): peak = 2170.309 ; gain = 677.562 ; free physical = 252 ; free virtual = 24538
Netlist sorting complete. Time (s): cpu = 00:00:00 ; elapsed = 00:00:00 . Memory (MB): peak = 2170.309 ; gain = 0.000 ; free physical = 252 ; free virtual = 24538
WARNING: [Constraints 18-5210] No constraints selected for write.
Resolution: This message can indicate that there are no constraints for the design, or it can indicate that the used_in flags are set such that the constraints are ignored. This later case is used when running synth_design to not write synthesis constraints to the resulting checkpoint. Instead, project constraints are read when the synthesized design is opened.
INFO: [Common 17-1381] The checkpoint '/home/pranav/Documents/4-2-notes/fpga-lab/fpga-assignment-1/task-1/task-1-sequence-detector/task-1-sequence-detector.runs/synth_1/top.dcp' has been generated.
INFO: [runtcl-4] Executing : report_utilization -file top_utilization_synth.rpt -pb top_utilization_synth.pb
INFO: [Common 17-206] Exiting Vivado at Mon Aug 24 14:48:10 2026...
