Vivado Simulator 2019.2
Time resolution is 1 ps

------------------------------------------------------------
TEST 1:      0010 at end
INPUT: 000000001010
------------------------------------------------------------
  PASS

------------------------------------------------------------
TEST 2:      0100 at end
INPUT: 000000000100
------------------------------------------------------------
  PASS

------------------------------------------------------------
TEST 3: 010 at beginning
INPUT: 000000100000
------------------------------------------------------------
  PASS

------------------------------------------------------------
TEST 4: 100 at beginning
INPUT: 000001000000
------------------------------------------------------------
  PASS

------------------------------------------------------------
TEST 5:    0010 near end
INPUT: 000000010010
------------------------------------------------------------
  ERROR: o_pattern_valid did not return LOW

------------------------------------------------------------
TEST 6:    0100 near end
INPUT: 000000010100
------------------------------------------------------------
  PASS

------------------------------------------------------------
TEST 7:         All ones
INPUT: 000011111111
------------------------------------------------------------
  PASS

------------------------------------------------------------
TEST 8:        All zeros
INPUT: 000000000000
------------------------------------------------------------
  PASS

------------------------------------------------------------
TEST 9: rnating 10101010
INPUT: 000010101010
------------------------------------------------------------
  ERROR: o_pattern_valid did not return LOW

------------------------------------------------------------
TEST 10: rnating 01010101
INPUT: 000001010101
------------------------------------------------------------
  PASS

------------------------------------------------------------
TEST 11:         11110000
INPUT: 000011110000
------------------------------------------------------------
  PASS

------------------------------------------------------------
TEST 12:         11001100
INPUT: 000011001100
------------------------------------------------------------
  PASS

------------------------------------------------------------
TEST 13:  ones then zeros
INPUT: 001111110000
------------------------------------------------------------
  PASS

------------------------------------------------------------
TEST 14:  zeros then ones
INPUT: 000000001111
------------------------------------------------------------
  PASS

------------------------------------------------------------
TEST 15: 10 at position 1
INPUT: 000000101111
------------------------------------------------------------
  PASS

------------------------------------------------------------
TEST 16:   0010 in middle
INPUT: 000010010111
------------------------------------------------------------
  PASS

------------------------------------------------------------
TEST 17: 0010 in middle 2
INPUT: 000011001011
------------------------------------------------------------
  PASS

------------------------------------------------------------
TEST 18:    0100 near end
INPUT: 000011100100
------------------------------------------------------------
  PASS

------------------------------------------------------------
TEST 19: 00 at position 1
INPUT: 000001001111
------------------------------------------------------------
  PASS

------------------------------------------------------------
TEST 20:   0100 in middle
INPUT: 000011010011
------------------------------------------------------------
  PASS

------------------------------------------------------------
TEST 21: 0100 in middle 2
INPUT: 000011101001
------------------------------------------------------------
  PASS

------------------------------------------------------------
TEST 22:   0010 then 0100
INPUT: 000000100100
------------------------------------------------------------
  PASS

------------------------------------------------------------
TEST 23:   0100 then 0010
INPUT: 000001000010
------------------------------------------------------------
  PASS

------------------------------------------------------------
TEST 24:   0010 then 0010
INPUT: 000000100010
------------------------------------------------------------
  PASS

------------------------------------------------------------
TEST 25:   0100 then 0100
INPUT: 000001000100
------------------------------------------------------------
  PASS

------------------------------------------------------------
TEST 26:   0010 0100 0010
INPUT: 001001001010
------------------------------------------------------------
  ERROR: o_pattern_valid did not return LOW

------------------------------------------------------------
TEST 27:   0100 0010 0100
INPUT: 010000100100
------------------------------------------------------------
  PASS

------------------------------------------------------------
TEST 28:    0010 repeated
INPUT: 001000100010
------------------------------------------------------------
  PASS

------------------------------------------------------------
TEST 29:    0100 repeated
INPUT: 010001000100
------------------------------------------------------------
  PASS

------------------------------------------------------------
TEST 30:  instead of 0010
INPUT: 000000111111
------------------------------------------------------------
  PASS

------------------------------------------------------------
TEST 31:   0001 near miss
INPUT: 000000011111
------------------------------------------------------------
  PASS

------------------------------------------------------------
TEST 32:  instead of 0100
INPUT: 000001011111
------------------------------------------------------------
  PASS

------------------------------------------------------------
TEST 33:   0111 near miss
INPUT: 000001111111
------------------------------------------------------------
  PASS

------------------------------------------------------------
TEST 34:    0011 repeated
INPUT: 000000110011
------------------------------------------------------------
  PASS

------------------------------------------------------------
TEST 35:   0101 near miss
INPUT: 000001010111
------------------------------------------------------------
  PASS

------------------------------------------------------------
TEST 36:         01100110
INPUT: 000001100110
------------------------------------------------------------
  PASS

------------------------------------------------------------
TEST 37:         00010001
INPUT: 000000010001
------------------------------------------------------------
  ERROR: o_pattern_valid did not return LOW

------------------------------------------------------------
TEST 38: ndidate 00100100
INPUT: 000000100100
------------------------------------------------------------
  PASS

------------------------------------------------------------
TEST 39: ndidate 01001000
INPUT: 000001001000
------------------------------------------------------------
  PASS

------------------------------------------------------------
TEST 40:  0010 candidates
INPUT: 000010010010
------------------------------------------------------------
  PASS

------------------------------------------------------------
TEST 41:  0100 candidates
INPUT: 000100100100
------------------------------------------------------------
  PASS

------------------------------------------------------------
TEST 42:  0010 candidates
INPUT: 001001001001
------------------------------------------------------------
  ERROR: o_pattern_valid did not return LOW

------------------------------------------------------------
TEST 43:  0100 candidates
INPUT: 010010010010
------------------------------------------------------------
  ERROR: o_pattern_valid did not return LOW

------------------------------------------------------------
TEST 44: mixed candidates
INPUT: 001000100100
------------------------------------------------------------
  PASS

------------------------------------------------------------
TEST 45: xed candidates 2
INPUT: 010001001001
------------------------------------------------------------
  ERROR: o_pattern_valid did not return LOW

------------------------------------------------------------
TEST 46: followed by 0010
INPUT: 000000000010
------------------------------------------------------------
  PASS

------------------------------------------------------------
TEST 47: followed by 0100
INPUT: 000000000100
------------------------------------------------------------
  PASS

------------------------------------------------------------
TEST 48: ro run then 0010
INPUT: 000000000010
------------------------------------------------------------
  PASS

------------------------------------------------------------
TEST 49: ro run then 0100
INPUT: 000000000100
------------------------------------------------------------
  PASS

------------------------------------------------------------
TEST 50: heavy sequence 1
INPUT: 000001000010
------------------------------------------------------------
  PASS

------------------------------------------------------------
TEST 51: heavy sequence 2
INPUT: 000010000100
------------------------------------------------------------
  PASS

------------------------------------------------------------
TEST 52: followed by 0010
INPUT: 111111110010
------------------------------------------------------------
  PASS

------------------------------------------------------------
TEST 53: followed by 0100
INPUT: 111111110100
------------------------------------------------------------
  PASS

------------------------------------------------------------
TEST 54: y ones with 0010
INPUT: 111101110010
------------------------------------------------------------
  PASS

------------------------------------------------------------
TEST 55: y ones with 0100
INPUT: 111101110100
------------------------------------------------------------
  PASS

------------------------------------------------------------
TEST 56: Mixed sequence 1
INPUT: 101100101010
------------------------------------------------------------
  ERROR: o_pattern_valid did not return LOW

------------------------------------------------------------
TEST 57: Mixed sequence 2
INPUT: 110010110100
------------------------------------------------------------
  PASS

------------------------------------------------------------
TEST 58: Mixed sequence 3
INPUT: 100100100010
------------------------------------------------------------
  ERROR: o_pattern_valid did not return LOW

------------------------------------------------------------
TEST 59: Mixed sequence 4
INPUT: 011001001100
------------------------------------------------------------
  PASS

------------------------------------------------------------
TEST 60: Mixed sequence 5
INPUT: 101001000110
------------------------------------------------------------
  PASS

------------------------------------------------------------
TEST 61: Mixed sequence 6
INPUT: 110100100011
------------------------------------------------------------
  PASS

------------------------------------------------------------
TEST 62: Mixed sequence 7
INPUT: 100110010010
------------------------------------------------------------
  ERROR: o_pattern_valid did not return LOW

------------------------------------------------------------
TEST 63: Mixed sequence 8
INPUT: 011010010100
------------------------------------------------------------
  PASS

------------------------------------------------------------
TEST 64: 010 garbage 0100
INPUT: 001011110100
------------------------------------------------------------
  PASS

------------------------------------------------------------
TEST 65: 100 garbage 0010
INPUT: 010011110010
------------------------------------------------------------
  PASS

------------------------------------------------------------
TEST 66: xed garbage 0100
INPUT: 001010110100
------------------------------------------------------------
  PASS

------------------------------------------------------------
TEST 67: xed garbage 0010
INPUT: 010001100010
------------------------------------------------------------
  PASS

------------------------------------------------------------
TEST 68: ed 0010 patterns
INPUT: 110010110010
------------------------------------------------------------
  PASS

------------------------------------------------------------
TEST 69: ed 0100 patterns
INPUT: 110100110100
------------------------------------------------------------
  PASS

------------------------------------------------------------
TEST 70: ss plus patterns
INPUT: 001100100100
------------------------------------------------------------
  PASS

------------------------------------------------------------
TEST 71:  plus patterns 2
INPUT: 010100100010
------------------------------------------------------------
  PASS

------------------------------------------------------------
TEST 72: partial prefixes
INPUT: 000100100100
------------------------------------------------------------
  PASS

------------------------------------------------------------
TEST 73:  separated by 11
INPUT: 001001100100
------------------------------------------------------------
  PASS

------------------------------------------------------------
TEST 74: ndidate sequence
INPUT: 010010100010
------------------------------------------------------------
  ERROR: o_pattern_valid did not return LOW

------------------------------------------------------------
TEST 75: idate sequence 2
INPUT: 001010010100
------------------------------------------------------------
  PASS


============================================================
                    FINAL RESULT
============================================================
Tests run    : 75
Tests passed : 64
Errors       : 11
============================================================

**************** TEST FAILED *******************

$finish called at time : 9886 ns : File "/home/pranav/Documents/4-2-notes/fpga-lab/fpga-assignment-1/task-1/task-1-sequence-detector/task-1-sequence-detector.srcs/sim_1/new/top_tb.v" Line 466
