Copyright 1986-2019 Xilinx, Inc. All Rights Reserved.
--------------------------------------------------------------------------------------------------------------------------------------------------------------------------------
| Tool Version : Vivado v.2019.2 (lin64) Build 2708876 Wed Nov  6 21:39:14 MST 2019
| Date         : Mon Aug 24 14:50:17 2026
| Host         : pranav-inspirion-linux running 64-bit Ubuntu 26.04 LTS
| Command      : report_timing_summary -max_paths 10 -file top_timing_summary_routed.rpt -pb top_timing_summary_routed.pb -rpx top_timing_summary_routed.rpx -warn_on_violation
| Design       : top
| Device       : 7z020-clg400
| Speed File   : -1  PRODUCTION 1.11 2014-09-11
--------------------------------------------------------------------------------------------------------------------------------------------------------------------------------

Timing Summary Report

------------------------------------------------------------------------------------------------
| Timer Settings
| --------------
------------------------------------------------------------------------------------------------

  Enable Multi Corner Analysis               :  Yes
  Enable Pessimism Removal                   :  Yes
  Pessimism Removal Resolution               :  Nearest Common Node
  Enable Input Delay Default Clock           :  No
  Enable Preset / Clear Arcs                 :  No
  Disable Flight Delays                      :  No
  Ignore I/O Paths                           :  No
  Timing Early Launch at Borrowing Latches   :  No
  Borrow Time for Max Delay Exceptions       :  Yes
  Merge Timing Exceptions                    :  Yes

  Corner  Analyze    Analyze    
  Name    Max Paths  Min Paths  
  ------  ---------  ---------  
  Slow    Yes        Yes        
  Fast    Yes        Yes        



check_timing report

Table of Contents
-----------------
1. checking no_clock
2. checking constant_clock
3. checking pulse_width_clock
4. checking unconstrained_internal_endpoints
5. checking no_input_delay
6. checking no_output_delay
7. checking multiple_clock
8. checking generated_clocks
9. checking loops
10. checking partial_input_delay
11. checking partial_output_delay
12. checking latch_loops

1. checking no_clock
--------------------
 There are 0 register/latch pins with no clock.


2. checking constant_clock
--------------------------
 There are 0 register/latch pins with constant_clock.


3. checking pulse_width_clock
-----------------------------
 There are 0 register/latch pins which need pulse_width check


4. checking unconstrained_internal_endpoints
--------------------------------------------
 There are 0 pins that are not constrained for maximum delay.

 There are 0 pins that are not constrained for maximum delay due to constant clock.


5. checking no_input_delay
--------------------------
 There is 1 input port with no input delay specified. (HIGH)

 There are 0 input ports with no input delay but user has a false path constraint.


6. checking no_output_delay
---------------------------
 There are 3 ports with no output delay specified. (HIGH)

 There are 0 ports with no output delay but user has a false path constraint

 There are 0 ports with no output delay but with a timing clock defined on it or propagating through it


7. checking multiple_clock
--------------------------
 There are 0 register/latch pins with multiple clocks.


8. checking generated_clocks
----------------------------
 There are 0 generated clocks that are not connected to a clock source.


9. checking loops
-----------------
 There are 0 combinational loops in the design.


10. checking partial_input_delay
--------------------------------
 There are 0 input ports with partial input delay specified.


11. checking partial_output_delay
---------------------------------
 There are 0 ports with partial output delay specified.


12. checking latch_loops
------------------------
 There are 0 combinational latch loops in the design through latch input



------------------------------------------------------------------------------------------------
| Design Timing Summary
| ---------------------
------------------------------------------------------------------------------------------------

    WNS(ns)      TNS(ns)  TNS Failing Endpoints  TNS Total Endpoints      WHS(ns)      THS(ns)  THS Failing Endpoints  THS Total Endpoints     WPWS(ns)     TPWS(ns)  TPWS Failing Endpoints  TPWS Total Endpoints  
    -------      -------  ---------------------  -------------------      -------      -------  ---------------------  -------------------     --------     --------  ----------------------  --------------------  
      4.343        0.000                      0                   52        0.254        0.000                      0                   52        3.500        0.000                       0                    41  


All user specified timing constraints are met.


------------------------------------------------------------------------------------------------
| Clock Summary
| -------------
------------------------------------------------------------------------------------------------

Clock  Waveform(ns)         Period(ns)      Frequency(MHz)
-----  ------------         ----------      --------------
clk    {0.000 4.000}        8.000           125.000         


------------------------------------------------------------------------------------------------
| Intra Clock Table
| -----------------
------------------------------------------------------------------------------------------------

Clock             WNS(ns)      TNS(ns)  TNS Failing Endpoints  TNS Total Endpoints      WHS(ns)      THS(ns)  THS Failing Endpoints  THS Total Endpoints     WPWS(ns)     TPWS(ns)  TPWS Failing Endpoints  TPWS Total Endpoints  
-----             -------      -------  ---------------------  -------------------      -------      -------  ---------------------  -------------------     --------     --------  ----------------------  --------------------  
clk                 4.343        0.000                      0                   52        0.254        0.000                      0                   52        3.500        0.000                       0                    41  


------------------------------------------------------------------------------------------------
| Inter Clock Table
| -----------------
------------------------------------------------------------------------------------------------

From Clock    To Clock          WNS(ns)      TNS(ns)  TNS Failing Endpoints  TNS Total Endpoints      WHS(ns)      THS(ns)  THS Failing Endpoints  THS Total Endpoints  
----------    --------          -------      -------  ---------------------  -------------------      -------      -------  ---------------------  -------------------  


------------------------------------------------------------------------------------------------
| Other Path Groups Table
| -----------------------
------------------------------------------------------------------------------------------------

Path Group    From Clock    To Clock          WNS(ns)      TNS(ns)  TNS Failing Endpoints  TNS Total Endpoints      WHS(ns)      THS(ns)  THS Failing Endpoints  THS Total Endpoints  
----------    ----------    --------          -------      -------  ---------------------  -------------------      -------      -------  ---------------------  -------------------  


------------------------------------------------------------------------------------------------
| Timing Details
| --------------
------------------------------------------------------------------------------------------------


---------------------------------------------------------------------------------------------------
From Clock:  clk
  To Clock:  clk

Setup :            0  Failing Endpoints,  Worst Slack        4.343ns,  Total Violation        0.000ns
Hold  :            0  Failing Endpoints,  Worst Slack        0.254ns,  Total Violation        0.000ns
PW    :            0  Failing Endpoints,  Worst Slack        3.500ns,  Total Violation        0.000ns
---------------------------------------------------------------------------------------------------


Max Delay Paths
--------------------------------------------------------------------------------------
Slack (MET) :             4.343ns  (required time - arrival time)
  Source:                 cdiv/counter_reg[15]/C
                            (rising edge-triggered cell FDRE clocked by clk  {rise@0.000ns fall@4.000ns period=8.000ns})
  Destination:            cdiv/counter_reg[13]/D
                            (rising edge-triggered cell FDRE clocked by clk  {rise@0.000ns fall@4.000ns period=8.000ns})
  Path Group:             clk
  Path Type:              Setup (Max at Slow Process Corner)
  Requirement:            8.000ns  (clk rise@8.000ns - clk rise@0.000ns)
  Data Path Delay:        3.627ns  (logic 0.966ns (26.631%)  route 2.661ns (73.369%))
  Logic Levels:           3  (LUT2=1 LUT4=1 LUT6=1)
  Clock Path Skew:        -0.025ns (DCD - SCD + CPR)
    Destination Clock Delay (DCD):    5.448ns = ( 13.448 - 8.000 ) 
    Source Clock Delay      (SCD):    5.937ns
    Clock Pessimism Removal (CPR):    0.463ns
  Clock Uncertainty:      0.035ns  ((TSJ^2 + TIJ^2)^1/2 + DJ) / 2 + PE
    Total System Jitter     (TSJ):    0.071ns
    Total Input Jitter      (TIJ):    0.000ns
    Discrete Jitter          (DJ):    0.000ns
    Phase Error              (PE):    0.000ns

    Location             Delay type                Incr(ns)  Path(ns)    Netlist Resource(s)
  -------------------------------------------------------------------    -------------------
                         (clock clk rise edge)        0.000     0.000 r  
    H16                                               0.000     0.000 r  i_clk (IN)
                         net (fo=0)                   0.000     0.000    i_clk
    H16                  IBUF (Prop_ibuf_I_O)         1.451     1.451 r  i_clk_IBUF_inst/O
                         net (fo=1, routed)           2.522     3.973    i_clk_IBUF
    BUFGCTRL_X0Y16       BUFG (Prop_bufg_I_O)         0.101     4.074 r  i_clk_IBUF_BUFG_inst/O
                         net (fo=40, routed)          1.863     5.937    cdiv/CLK
    SLICE_X110Y89        FDRE                                         r  cdiv/counter_reg[15]/C
  -------------------------------------------------------------------    -------------------
    SLICE_X110Y89        FDRE (Prop_fdre_C_Q)         0.419     6.356 f  cdiv/counter_reg[15]/Q
                         net (fo=2, routed)           0.775     7.131    cdiv/sel0[15]
    SLICE_X110Y90        LUT4 (Prop_lut4_I0_O)        0.299     7.430 r  cdiv/counter[25]_i_3/O
                         net (fo=1, routed)           0.808     8.238    cdiv/counter[25]_i_3_n_0
    SLICE_X110Y89        LUT6 (Prop_lut6_I0_O)        0.124     8.362 r  cdiv/counter[25]_i_2/O
                         net (fo=27, routed)          1.078     9.440    cdiv/counter[25]_i_2_n_0
    SLICE_X110Y90        LUT2 (Prop_lut2_I0_O)        0.124     9.564 r  cdiv/counter[13]_i_1/O
                         net (fo=1, routed)           0.000     9.564    cdiv/counter[13]
    SLICE_X110Y90        FDRE                                         r  cdiv/counter_reg[13]/D
  -------------------------------------------------------------------    -------------------

                         (clock clk rise edge)        8.000     8.000 r  
    H16                                               0.000     8.000 r  i_clk (IN)
                         net (fo=0)                   0.000     8.000    i_clk
    H16                  IBUF (Prop_ibuf_I_O)         1.380     9.380 r  i_clk_IBUF_inst/O
                         net (fo=1, routed)           2.293    11.673    i_clk_IBUF
    BUFGCTRL_X0Y16       BUFG (Prop_bufg_I_O)         0.091    11.764 r  i_clk_IBUF_BUFG_inst/O
                         net (fo=40, routed)          1.684    13.448    cdiv/CLK
    SLICE_X110Y90        FDRE                                         r  cdiv/counter_reg[13]/C
                         clock pessimism              0.463    13.912    
                         clock uncertainty           -0.035    13.876    
    SLICE_X110Y90        FDRE (Setup_fdre_C_D)        0.031    13.907    cdiv/counter_reg[13]
  -------------------------------------------------------------------
                         required time                         13.907    
                         arrival time                          -9.564    
  -------------------------------------------------------------------
                         slack                                  4.343    

Slack (MET) :             4.354ns  (required time - arrival time)
  Source:                 cdiv/counter_reg[1]/C
                            (rising edge-triggered cell FDRE clocked by clk  {rise@0.000ns fall@4.000ns period=8.000ns})
  Destination:            cdiv/counter_reg[22]/D
                            (rising edge-triggered cell FDRE clocked by clk  {rise@0.000ns fall@4.000ns period=8.000ns})
  Path Group:             clk
  Path Type:              Setup (Max at Slow Process Corner)
  Requirement:            8.000ns  (clk rise@8.000ns - clk rise@0.000ns)
  Data Path Delay:        3.707ns  (logic 2.293ns (61.861%)  route 1.414ns (38.139%))
  Logic Levels:           7  (CARRY4=6 LUT2=1)
  Clock Path Skew:        -0.022ns (DCD - SCD + CPR)
    Destination Clock Delay (DCD):    5.449ns = ( 13.449 - 8.000 ) 
    Source Clock Delay      (SCD):    5.935ns
    Clock Pessimism Removal (CPR):    0.463ns
  Clock Uncertainty:      0.035ns  ((TSJ^2 + TIJ^2)^1/2 + DJ) / 2 + PE
    Total System Jitter     (TSJ):    0.071ns
    Total Input Jitter      (TIJ):    0.000ns
    Discrete Jitter          (DJ):    0.000ns
    Phase Error              (PE):    0.000ns

    Location             Delay type                Incr(ns)  Path(ns)    Netlist Resource(s)
  -------------------------------------------------------------------    -------------------
                         (clock clk rise edge)        0.000     0.000 r  
    H16                                               0.000     0.000 r  i_clk (IN)
                         net (fo=0)                   0.000     0.000    i_clk
    H16                  IBUF (Prop_ibuf_I_O)         1.451     1.451 r  i_clk_IBUF_inst/O
                         net (fo=1, routed)           2.522     3.973    i_clk_IBUF
    BUFGCTRL_X0Y16       BUFG (Prop_bufg_I_O)         0.101     4.074 r  i_clk_IBUF_BUFG_inst/O
                         net (fo=40, routed)          1.861     5.935    cdiv/CLK
    SLICE_X112Y87        FDRE                                         r  cdiv/counter_reg[1]/C
  -------------------------------------------------------------------    -------------------
    SLICE_X112Y87        FDRE (Prop_fdre_C_Q)         0.518     6.453 r  cdiv/counter_reg[1]/Q
                         net (fo=2, routed)           0.582     7.034    cdiv/sel0[1]
    SLICE_X111Y87        CARRY4 (Prop_carry4_S[0]_CO[3])
                                                      0.656     7.690 r  cdiv/counter0_carry/CO[3]
                         net (fo=1, routed)           0.000     7.690    cdiv/counter0_carry_n_0
    SLICE_X111Y88        CARRY4 (Prop_carry4_CI_CO[3])
                                                      0.114     7.804 r  cdiv/counter0_carry__0/CO[3]
                         net (fo=1, routed)           0.000     7.804    cdiv/counter0_carry__0_n_0
    SLICE_X111Y89        CARRY4 (Prop_carry4_CI_CO[3])
                                                      0.114     7.918 r  cdiv/counter0_carry__1/CO[3]
                         net (fo=1, routed)           0.000     7.918    cdiv/counter0_carry__1_n_0
    SLICE_X111Y90        CARRY4 (Prop_carry4_CI_CO[3])
                                                      0.114     8.032 r  cdiv/counter0_carry__2/CO[3]
                         net (fo=1, routed)           0.000     8.032    cdiv/counter0_carry__2_n_0
    SLICE_X111Y91        CARRY4 (Prop_carry4_CI_CO[3])
                                                      0.114     8.146 r  cdiv/counter0_carry__3/CO[3]
                         net (fo=1, routed)           0.000     8.146    cdiv/counter0_carry__3_n_0
    SLICE_X111Y92        CARRY4 (Prop_carry4_CI_O[1])
                                                      0.334     8.480 r  cdiv/counter0_carry__4/O[1]
                         net (fo=1, routed)           0.832     9.312    cdiv/data0[22]
    SLICE_X112Y91        LUT2 (Prop_lut2_I1_O)        0.329     9.641 r  cdiv/counter[22]_i_1/O
                         net (fo=1, routed)           0.000     9.641    cdiv/counter[22]
    SLICE_X112Y91        FDRE                                         r  cdiv/counter_reg[22]/D
  -------------------------------------------------------------------    -------------------

                         (clock clk rise edge)        8.000     8.000 r  
    H16                                               0.000     8.000 r  i_clk (IN)
                         net (fo=0)                   0.000     8.000    i_clk
    H16                  IBUF (Prop_ibuf_I_O)         1.380     9.380 r  i_clk_IBUF_inst/O
                         net (fo=1, routed)           2.293    11.673    i_clk_IBUF
    BUFGCTRL_X0Y16       BUFG (Prop_bufg_I_O)         0.091    11.764 r  i_clk_IBUF_BUFG_inst/O
                         net (fo=40, routed)          1.685    13.449    cdiv/CLK
    SLICE_X112Y91        FDRE                                         r  cdiv/counter_reg[22]/C
                         clock pessimism              0.463    13.913    
                         clock uncertainty           -0.035    13.877    
    SLICE_X112Y91        FDRE (Setup_fdre_C_D)        0.118    13.995    cdiv/counter_reg[22]
  -------------------------------------------------------------------
                         required time                         13.995    
                         arrival time                          -9.641    
  -------------------------------------------------------------------
                         slack                                  4.354    

Slack (MET) :             4.357ns  (required time - arrival time)
  Source:                 cdiv/counter_reg[15]/C
                            (rising edge-triggered cell FDRE clocked by clk  {rise@0.000ns fall@4.000ns period=8.000ns})
  Destination:            cdiv/counter_reg[21]/D
                            (rising edge-triggered cell FDRE clocked by clk  {rise@0.000ns fall@4.000ns period=8.000ns})
  Path Group:             clk
  Path Type:              Setup (Max at Slow Process Corner)
  Requirement:            8.000ns  (clk rise@8.000ns - clk rise@0.000ns)
  Data Path Delay:        3.657ns  (logic 0.996ns (27.233%)  route 2.661ns (72.767%))
  Logic Levels:           3  (LUT2=1 LUT4=1 LUT6=1)
  Clock Path Skew:        -0.025ns (DCD - SCD + CPR)
    Destination Clock Delay (DCD):    5.448ns = ( 13.448 - 8.000 ) 
    Source Clock Delay      (SCD):    5.937ns
    Clock Pessimism Removal (CPR):    0.463ns
  Clock Uncertainty:      0.035ns  ((TSJ^2 + TIJ^2)^1/2 + DJ) / 2 + PE
    Total System Jitter     (TSJ):    0.071ns
    Total Input Jitter      (TIJ):    0.000ns
    Discrete Jitter          (DJ):    0.000ns
    Phase Error              (PE):    0.000ns

    Location             Delay type                Incr(ns)  Path(ns)    Netlist Resource(s)
  -------------------------------------------------------------------    -------------------
                         (clock clk rise edge)        0.000     0.000 r  
    H16                                               0.000     0.000 r  i_clk (IN)
                         net (fo=0)                   0.000     0.000    i_clk
    H16                  IBUF (Prop_ibuf_I_O)         1.451     1.451 r  i_clk_IBUF_inst/O
                         net (fo=1, routed)           2.522     3.973    i_clk_IBUF
    BUFGCTRL_X0Y16       BUFG (Prop_bufg_I_O)         0.101     4.074 r  i_clk_IBUF_BUFG_inst/O
                         net (fo=40, routed)          1.863     5.937    cdiv/CLK
    SLICE_X110Y89        FDRE                                         r  cdiv/counter_reg[15]/C
  -------------------------------------------------------------------    -------------------
    SLICE_X110Y89        FDRE (Prop_fdre_C_Q)         0.419     6.356 f  cdiv/counter_reg[15]/Q
                         net (fo=2, routed)           0.775     7.131    cdiv/sel0[15]
    SLICE_X110Y90        LUT4 (Prop_lut4_I0_O)        0.299     7.430 r  cdiv/counter[25]_i_3/O
                         net (fo=1, routed)           0.808     8.238    cdiv/counter[25]_i_3_n_0
    SLICE_X110Y89        LUT6 (Prop_lut6_I0_O)        0.124     8.362 r  cdiv/counter[25]_i_2/O
                         net (fo=27, routed)          1.078     9.440    cdiv/counter[25]_i_2_n_0
    SLICE_X110Y90        LUT2 (Prop_lut2_I0_O)        0.154     9.594 r  cdiv/counter[21]_i_1/O
                         net (fo=1, routed)           0.000     9.594    cdiv/counter[21]
    SLICE_X110Y90        FDRE                                         r  cdiv/counter_reg[21]/D
  -------------------------------------------------------------------    -------------------

                         (clock clk rise edge)        8.000     8.000 r  
    H16                                               0.000     8.000 r  i_clk (IN)
                         net (fo=0)                   0.000     8.000    i_clk
    H16                  IBUF (Prop_ibuf_I_O)         1.380     9.380 r  i_clk_IBUF_inst/O
                         net (fo=1, routed)           2.293    11.673    i_clk_IBUF
    BUFGCTRL_X0Y16       BUFG (Prop_bufg_I_O)         0.091    11.764 r  i_clk_IBUF_BUFG_inst/O
                         net (fo=40, routed)          1.684    13.448    cdiv/CLK
    SLICE_X110Y90        FDRE                                         r  cdiv/counter_reg[21]/C
                         clock pessimism              0.463    13.912    
                         clock uncertainty           -0.035    13.876    
    SLICE_X110Y90        FDRE (Setup_fdre_C_D)        0.075    13.951    cdiv/counter_reg[21]
  -------------------------------------------------------------------
                         required time                         13.951    
                         arrival time                          -9.594    
  -------------------------------------------------------------------
                         slack                                  4.357    

Slack (MET) :             4.359ns  (required time - arrival time)
  Source:                 cdiv/counter_reg[1]/C
                            (rising edge-triggered cell FDRE clocked by clk  {rise@0.000ns fall@4.000ns period=8.000ns})
  Destination:            cdiv/counter_reg[24]/D
                            (rising edge-triggered cell FDRE clocked by clk  {rise@0.000ns fall@4.000ns period=8.000ns})
  Path Group:             clk
  Path Type:              Setup (Max at Slow Process Corner)
  Requirement:            8.000ns  (clk rise@8.000ns - clk rise@0.000ns)
  Data Path Delay:        3.659ns  (logic 2.277ns (62.228%)  route 1.382ns (37.772%))
  Logic Levels:           7  (CARRY4=6 LUT2=1)
  Clock Path Skew:        -0.022ns (DCD - SCD + CPR)
    Destination Clock Delay (DCD):    5.449ns = ( 13.449 - 8.000 ) 
    Source Clock Delay      (SCD):    5.935ns
    Clock Pessimism Removal (CPR):    0.463ns
  Clock Uncertainty:      0.035ns  ((TSJ^2 + TIJ^2)^1/2 + DJ) / 2 + PE
    Total System Jitter     (TSJ):    0.071ns
    Total Input Jitter      (TIJ):    0.000ns
    Discrete Jitter          (DJ):    0.000ns
    Phase Error              (PE):    0.000ns

    Location             Delay type                Incr(ns)  Path(ns)    Netlist Resource(s)
  -------------------------------------------------------------------    -------------------
                         (clock clk rise edge)        0.000     0.000 r  
    H16                                               0.000     0.000 r  i_clk (IN)
                         net (fo=0)                   0.000     0.000    i_clk
    H16                  IBUF (Prop_ibuf_I_O)         1.451     1.451 r  i_clk_IBUF_inst/O
                         net (fo=1, routed)           2.522     3.973    i_clk_IBUF
    BUFGCTRL_X0Y16       BUFG (Prop_bufg_I_O)         0.101     4.074 r  i_clk_IBUF_BUFG_inst/O
                         net (fo=40, routed)          1.861     5.935    cdiv/CLK
    SLICE_X112Y87        FDRE                                         r  cdiv/counter_reg[1]/C
  -------------------------------------------------------------------    -------------------
    SLICE_X112Y87        FDRE (Prop_fdre_C_Q)         0.518     6.453 r  cdiv/counter_reg[1]/Q
                         net (fo=2, routed)           0.582     7.034    cdiv/sel0[1]
    SLICE_X111Y87        CARRY4 (Prop_carry4_S[0]_CO[3])
                                                      0.656     7.690 r  cdiv/counter0_carry/CO[3]
                         net (fo=1, routed)           0.000     7.690    cdiv/counter0_carry_n_0
    SLICE_X111Y88        CARRY4 (Prop_carry4_CI_CO[3])
                                                      0.114     7.804 r  cdiv/counter0_carry__0/CO[3]
                         net (fo=1, routed)           0.000     7.804    cdiv/counter0_carry__0_n_0
    SLICE_X111Y89        CARRY4 (Prop_carry4_CI_CO[3])
                                                      0.114     7.918 r  cdiv/counter0_carry__1/CO[3]
                         net (fo=1, routed)           0.000     7.918    cdiv/counter0_carry__1_n_0
    SLICE_X111Y90        CARRY4 (Prop_carry4_CI_CO[3])
                                                      0.114     8.032 r  cdiv/counter0_carry__2/CO[3]
                         net (fo=1, routed)           0.000     8.032    cdiv/counter0_carry__2_n_0
    SLICE_X111Y91        CARRY4 (Prop_carry4_CI_CO[3])
                                                      0.114     8.146 r  cdiv/counter0_carry__3/CO[3]
                         net (fo=1, routed)           0.000     8.146    cdiv/counter0_carry__3_n_0
    SLICE_X111Y92        CARRY4 (Prop_carry4_CI_O[3])
                                                      0.313     8.459 r  cdiv/counter0_carry__4/O[3]
                         net (fo=1, routed)           0.801     9.260    cdiv/data0[24]
    SLICE_X110Y91        LUT2 (Prop_lut2_I1_O)        0.334     9.594 r  cdiv/counter[24]_i_1/O
                         net (fo=1, routed)           0.000     9.594    cdiv/counter[24]
    SLICE_X110Y91        FDRE                                         r  cdiv/counter_reg[24]/D
  -------------------------------------------------------------------    -------------------

                         (clock clk rise edge)        8.000     8.000 r  
    H16                                               0.000     8.000 r  i_clk (IN)
                         net (fo=0)                   0.000     8.000    i_clk
    H16                  IBUF (Prop_ibuf_I_O)         1.380     9.380 r  i_clk_IBUF_inst/O
                         net (fo=1, routed)           2.293    11.673    i_clk_IBUF
    BUFGCTRL_X0Y16       BUFG (Prop_bufg_I_O)         0.091    11.764 r  i_clk_IBUF_BUFG_inst/O
                         net (fo=40, routed)          1.685    13.449    cdiv/CLK
    SLICE_X110Y91        FDRE                                         r  cdiv/counter_reg[24]/C
                         clock pessimism              0.463    13.913    
                         clock uncertainty           -0.035    13.877    
    SLICE_X110Y91        FDRE (Setup_fdre_C_D)        0.075    13.952    cdiv/counter_reg[24]
  -------------------------------------------------------------------
                         required time                         13.952    
                         arrival time                          -9.594    
  -------------------------------------------------------------------
                         slack                                  4.359    

Slack (MET) :             4.396ns  (required time - arrival time)
  Source:                 cdiv/counter_reg[15]/C
                            (rising edge-triggered cell FDRE clocked by clk  {rise@0.000ns fall@4.000ns period=8.000ns})
  Destination:            cdiv/counter_reg[19]/D
                            (rising edge-triggered cell FDRE clocked by clk  {rise@0.000ns fall@4.000ns period=8.000ns})
  Path Group:             clk
  Path Type:              Setup (Max at Slow Process Corner)
  Requirement:            8.000ns  (clk rise@8.000ns - clk rise@0.000ns)
  Data Path Delay:        3.575ns  (logic 0.966ns (27.019%)  route 2.609ns (72.981%))
  Logic Levels:           3  (LUT2=1 LUT4=1 LUT6=1)
  Clock Path Skew:        -0.024ns (DCD - SCD + CPR)
    Destination Clock Delay (DCD):    5.449ns = ( 13.449 - 8.000 ) 
    Source Clock Delay      (SCD):    5.937ns
    Clock Pessimism Removal (CPR):    0.463ns
  Clock Uncertainty:      0.035ns  ((TSJ^2 + TIJ^2)^1/2 + DJ) / 2 + PE
    Total System Jitter     (TSJ):    0.071ns
    Total Input Jitter      (TIJ):    0.000ns
    Discrete Jitter          (DJ):    0.000ns
    Phase Error              (PE):    0.000ns

    Location             Delay type                Incr(ns)  Path(ns)    Netlist Resource(s)
  -------------------------------------------------------------------    -------------------
                         (clock clk rise edge)        0.000     0.000 r  
    H16                                               0.000     0.000 r  i_clk (IN)
                         net (fo=0)                   0.000     0.000    i_clk
    H16                  IBUF (Prop_ibuf_I_O)         1.451     1.451 r  i_clk_IBUF_inst/O
                         net (fo=1, routed)           2.522     3.973    i_clk_IBUF
    BUFGCTRL_X0Y16       BUFG (Prop_bufg_I_O)         0.101     4.074 r  i_clk_IBUF_BUFG_inst/O
                         net (fo=40, routed)          1.863     5.937    cdiv/CLK
    SLICE_X110Y89        FDRE                                         r  cdiv/counter_reg[15]/C
  -------------------------------------------------------------------    -------------------
    SLICE_X110Y89        FDRE (Prop_fdre_C_Q)         0.419     6.356 f  cdiv/counter_reg[15]/Q
                         net (fo=2, routed)           0.775     7.131    cdiv/sel0[15]
    SLICE_X110Y90        LUT4 (Prop_lut4_I0_O)        0.299     7.430 r  cdiv/counter[25]_i_3/O
                         net (fo=1, routed)           0.808     8.238    cdiv/counter[25]_i_3_n_0
    SLICE_X110Y89        LUT6 (Prop_lut6_I0_O)        0.124     8.362 r  cdiv/counter[25]_i_2/O
                         net (fo=27, routed)          1.026     9.388    cdiv/counter[25]_i_2_n_0
    SLICE_X110Y91        LUT2 (Prop_lut2_I0_O)        0.124     9.512 r  cdiv/counter[19]_i_1/O
                         net (fo=1, routed)           0.000     9.512    cdiv/counter[19]
    SLICE_X110Y91        FDRE                                         r  cdiv/counter_reg[19]/D
  -------------------------------------------------------------------    -------------------

                         (clock clk rise edge)        8.000     8.000 r  
    H16                                               0.000     8.000 r  i_clk (IN)
                         net (fo=0)                   0.000     8.000    i_clk
    H16                  IBUF (Prop_ibuf_I_O)         1.380     9.380 r  i_clk_IBUF_inst/O
                         net (fo=1, routed)           2.293    11.673    i_clk_IBUF
    BUFGCTRL_X0Y16       BUFG (Prop_bufg_I_O)         0.091    11.764 r  i_clk_IBUF_BUFG_inst/O
                         net (fo=40, routed)          1.685    13.449    cdiv/CLK
    SLICE_X110Y91        FDRE                                         r  cdiv/counter_reg[19]/C
                         clock pessimism              0.463    13.913    
                         clock uncertainty           -0.035    13.877    
    SLICE_X110Y91        FDRE (Setup_fdre_C_D)        0.031    13.908    cdiv/counter_reg[19]
  -------------------------------------------------------------------
                         required time                         13.908    
                         arrival time                          -9.512    
  -------------------------------------------------------------------
                         slack                                  4.396    

Slack (MET) :             4.412ns  (required time - arrival time)
  Source:                 cdiv/counter_reg[15]/C
                            (rising edge-triggered cell FDRE clocked by clk  {rise@0.000ns fall@4.000ns period=8.000ns})
  Destination:            cdiv/counter_reg[23]/D
                            (rising edge-triggered cell FDRE clocked by clk  {rise@0.000ns fall@4.000ns period=8.000ns})
  Path Group:             clk
  Path Type:              Setup (Max at Slow Process Corner)
  Requirement:            8.000ns  (clk rise@8.000ns - clk rise@0.000ns)
  Data Path Delay:        3.603ns  (logic 0.994ns (27.586%)  route 2.609ns (72.414%))
  Logic Levels:           3  (LUT2=1 LUT4=1 LUT6=1)
  Clock Path Skew:        -0.024ns (DCD - SCD + CPR)
    Destination Clock Delay (DCD):    5.449ns = ( 13.449 - 8.000 ) 
    Source Clock Delay      (SCD):    5.937ns
    Clock Pessimism Removal (CPR):    0.463ns
  Clock Uncertainty:      0.035ns  ((TSJ^2 + TIJ^2)^1/2 + DJ) / 2 + PE
    Total System Jitter     (TSJ):    0.071ns
    Total Input Jitter      (TIJ):    0.000ns
    Discrete Jitter          (DJ):    0.000ns
    Phase Error              (PE):    0.000ns

    Location             Delay type                Incr(ns)  Path(ns)    Netlist Resource(s)
  -------------------------------------------------------------------    -------------------
                         (clock clk rise edge)        0.000     0.000 r  
    H16                                               0.000     0.000 r  i_clk (IN)
                         net (fo=0)                   0.000     0.000    i_clk
    H16                  IBUF (Prop_ibuf_I_O)         1.451     1.451 r  i_clk_IBUF_inst/O
                         net (fo=1, routed)           2.522     3.973    i_clk_IBUF
    BUFGCTRL_X0Y16       BUFG (Prop_bufg_I_O)         0.101     4.074 r  i_clk_IBUF_BUFG_inst/O
                         net (fo=40, routed)          1.863     5.937    cdiv/CLK
    SLICE_X110Y89        FDRE                                         r  cdiv/counter_reg[15]/C
  -------------------------------------------------------------------    -------------------
    SLICE_X110Y89        FDRE (Prop_fdre_C_Q)         0.419     6.356 f  cdiv/counter_reg[15]/Q
                         net (fo=2, routed)           0.775     7.131    cdiv/sel0[15]
    SLICE_X110Y90        LUT4 (Prop_lut4_I0_O)        0.299     7.430 r  cdiv/counter[25]_i_3/O
                         net (fo=1, routed)           0.808     8.238    cdiv/counter[25]_i_3_n_0
    SLICE_X110Y89        LUT6 (Prop_lut6_I0_O)        0.124     8.362 r  cdiv/counter[25]_i_2/O
                         net (fo=27, routed)          1.026     9.388    cdiv/counter[25]_i_2_n_0
    SLICE_X110Y91        LUT2 (Prop_lut2_I0_O)        0.152     9.540 r  cdiv/counter[23]_i_1/O
                         net (fo=1, routed)           0.000     9.540    cdiv/counter[23]
    SLICE_X110Y91        FDRE                                         r  cdiv/counter_reg[23]/D
  -------------------------------------------------------------------    -------------------

                         (clock clk rise edge)        8.000     8.000 r  
    H16                                               0.000     8.000 r  i_clk (IN)
                         net (fo=0)                   0.000     8.000    i_clk
    H16                  IBUF (Prop_ibuf_I_O)         1.380     9.380 r  i_clk_IBUF_inst/O
                         net (fo=1, routed)           2.293    11.673    i_clk_IBUF
    BUFGCTRL_X0Y16       BUFG (Prop_bufg_I_O)         0.091    11.764 r  i_clk_IBUF_BUFG_inst/O
                         net (fo=40, routed)          1.685    13.449    cdiv/CLK
    SLICE_X110Y91        FDRE                                         r  cdiv/counter_reg[23]/C
                         clock pessimism              0.463    13.913    
                         clock uncertainty           -0.035    13.877    
    SLICE_X110Y91        FDRE (Setup_fdre_C_D)        0.075    13.952    cdiv/counter_reg[23]
  -------------------------------------------------------------------
                         required time                         13.952    
                         arrival time                          -9.540    
  -------------------------------------------------------------------
                         slack                                  4.412    

Slack (MET) :             4.435ns  (required time - arrival time)
  Source:                 cdiv/counter_reg[1]/C
                            (rising edge-triggered cell FDRE clocked by clk  {rise@0.000ns fall@4.000ns period=8.000ns})
  Destination:            cdiv/counter_reg[18]/D
                            (rising edge-triggered cell FDRE clocked by clk  {rise@0.000ns fall@4.000ns period=8.000ns})
  Path Group:             clk
  Path Type:              Setup (Max at Slow Process Corner)
  Requirement:            8.000ns  (clk rise@8.000ns - clk rise@0.000ns)
  Data Path Delay:        3.582ns  (logic 2.181ns (60.893%)  route 1.401ns (39.107%))
  Logic Levels:           6  (CARRY4=5 LUT2=1)
  Clock Path Skew:        -0.023ns (DCD - SCD + CPR)
    Destination Clock Delay (DCD):    5.448ns = ( 13.448 - 8.000 ) 
    Source Clock Delay      (SCD):    5.935ns
    Clock Pessimism Removal (CPR):    0.463ns
  Clock Uncertainty:      0.035ns  ((TSJ^2 + TIJ^2)^1/2 + DJ) / 2 + PE
    Total System Jitter     (TSJ):    0.071ns
    Total Input Jitter      (TIJ):    0.000ns
    Discrete Jitter          (DJ):    0.000ns
    Phase Error              (PE):    0.000ns

    Location             Delay type                Incr(ns)  Path(ns)    Netlist Resource(s)
  -------------------------------------------------------------------    -------------------
                         (clock clk rise edge)        0.000     0.000 r  
    H16                                               0.000     0.000 r  i_clk (IN)
                         net (fo=0)                   0.000     0.000    i_clk
    H16                  IBUF (Prop_ibuf_I_O)         1.451     1.451 r  i_clk_IBUF_inst/O
                         net (fo=1, routed)           2.522     3.973    i_clk_IBUF
    BUFGCTRL_X0Y16       BUFG (Prop_bufg_I_O)         0.101     4.074 r  i_clk_IBUF_BUFG_inst/O
                         net (fo=40, routed)          1.861     5.935    cdiv/CLK
    SLICE_X112Y87        FDRE                                         r  cdiv/counter_reg[1]/C
  -------------------------------------------------------------------    -------------------
    SLICE_X112Y87        FDRE (Prop_fdre_C_Q)         0.518     6.453 r  cdiv/counter_reg[1]/Q
                         net (fo=2, routed)           0.582     7.034    cdiv/sel0[1]
    SLICE_X111Y87        CARRY4 (Prop_carry4_S[0]_CO[3])
                                                      0.656     7.690 r  cdiv/counter0_carry/CO[3]
                         net (fo=1, routed)           0.000     7.690    cdiv/counter0_carry_n_0
    SLICE_X111Y88        CARRY4 (Prop_carry4_CI_CO[3])
                                                      0.114     7.804 r  cdiv/counter0_carry__0/CO[3]
                         net (fo=1, routed)           0.000     7.804    cdiv/counter0_carry__0_n_0
    SLICE_X111Y89        CARRY4 (Prop_carry4_CI_CO[3])
                                                      0.114     7.918 r  cdiv/counter0_carry__1/CO[3]
                         net (fo=1, routed)           0.000     7.918    cdiv/counter0_carry__1_n_0
    SLICE_X111Y90        CARRY4 (Prop_carry4_CI_CO[3])
                                                      0.114     8.032 r  cdiv/counter0_carry__2/CO[3]
                         net (fo=1, routed)           0.000     8.032    cdiv/counter0_carry__2_n_0
    SLICE_X111Y91        CARRY4 (Prop_carry4_CI_O[1])
                                                      0.334     8.366 r  cdiv/counter0_carry__3/O[1]
                         net (fo=1, routed)           0.819     9.185    cdiv/data0[18]
    SLICE_X110Y90        LUT2 (Prop_lut2_I1_O)        0.331     9.516 r  cdiv/counter[18]_i_1/O
                         net (fo=1, routed)           0.000     9.516    cdiv/counter[18]
    SLICE_X110Y90        FDRE                                         r  cdiv/counter_reg[18]/D
  -------------------------------------------------------------------    -------------------

                         (clock clk rise edge)        8.000     8.000 r  
    H16                                               0.000     8.000 r  i_clk (IN)
                         net (fo=0)                   0.000     8.000    i_clk
    H16                  IBUF (Prop_ibuf_I_O)         1.380     9.380 r  i_clk_IBUF_inst/O
                         net (fo=1, routed)           2.293    11.673    i_clk_IBUF
    BUFGCTRL_X0Y16       BUFG (Prop_bufg_I_O)         0.091    11.764 r  i_clk_IBUF_BUFG_inst/O
                         net (fo=40, routed)          1.684    13.448    cdiv/CLK
    SLICE_X110Y90        FDRE                                         r  cdiv/counter_reg[18]/C
                         clock pessimism              0.463    13.912    
                         clock uncertainty           -0.035    13.876    
    SLICE_X110Y90        FDRE (Setup_fdre_C_D)        0.075    13.951    cdiv/counter_reg[18]
  -------------------------------------------------------------------
                         required time                         13.951    
                         arrival time                          -9.516    
  -------------------------------------------------------------------
                         slack                                  4.435    

Slack (MET) :             4.438ns  (required time - arrival time)
  Source:                 cdiv/counter_reg[15]/C
                            (rising edge-triggered cell FDRE clocked by clk  {rise@0.000ns fall@4.000ns period=8.000ns})
  Destination:            cdiv/counter_reg[14]/D
                            (rising edge-triggered cell FDRE clocked by clk  {rise@0.000ns fall@4.000ns period=8.000ns})
  Path Group:             clk
  Path Type:              Setup (Max at Slow Process Corner)
  Requirement:            8.000ns  (clk rise@8.000ns - clk rise@0.000ns)
  Data Path Delay:        3.580ns  (logic 0.966ns (26.986%)  route 2.614ns (73.014%))
  Logic Levels:           3  (LUT2=1 LUT4=1 LUT6=1)
  Clock Path Skew:        -0.024ns (DCD - SCD + CPR)
    Destination Clock Delay (DCD):    5.449ns = ( 13.449 - 8.000 ) 
    Source Clock Delay      (SCD):    5.937ns
    Clock Pessimism Removal (CPR):    0.463ns
  Clock Uncertainty:      0.035ns  ((TSJ^2 + TIJ^2)^1/2 + DJ) / 2 + PE
    Total System Jitter     (TSJ):    0.071ns
    Total Input Jitter      (TIJ):    0.000ns
    Discrete Jitter          (DJ):    0.000ns
    Phase Error              (PE):    0.000ns

    Location             Delay type                Incr(ns)  Path(ns)    Netlist Resource(s)
  -------------------------------------------------------------------    -------------------
                         (clock clk rise edge)        0.000     0.000 r  
    H16                                               0.000     0.000 r  i_clk (IN)
                         net (fo=0)                   0.000     0.000    i_clk
    H16                  IBUF (Prop_ibuf_I_O)         1.451     1.451 r  i_clk_IBUF_inst/O
                         net (fo=1, routed)           2.522     3.973    i_clk_IBUF
    BUFGCTRL_X0Y16       BUFG (Prop_bufg_I_O)         0.101     4.074 r  i_clk_IBUF_BUFG_inst/O
                         net (fo=40, routed)          1.863     5.937    cdiv/CLK
    SLICE_X110Y89        FDRE                                         r  cdiv/counter_reg[15]/C
  -------------------------------------------------------------------    -------------------
    SLICE_X110Y89        FDRE (Prop_fdre_C_Q)         0.419     6.356 f  cdiv/counter_reg[15]/Q
                         net (fo=2, routed)           0.775     7.131    cdiv/sel0[15]
    SLICE_X110Y90        LUT4 (Prop_lut4_I0_O)        0.299     7.430 r  cdiv/counter[25]_i_3/O
                         net (fo=1, routed)           0.808     8.238    cdiv/counter[25]_i_3_n_0
    SLICE_X110Y89        LUT6 (Prop_lut6_I0_O)        0.124     8.362 r  cdiv/counter[25]_i_2/O
                         net (fo=27, routed)          1.031     9.392    cdiv/counter[25]_i_2_n_0
    SLICE_X112Y91        LUT2 (Prop_lut2_I0_O)        0.124     9.516 r  cdiv/counter[14]_i_1/O
                         net (fo=1, routed)           0.000     9.516    cdiv/counter[14]
    SLICE_X112Y91        FDRE                                         r  cdiv/counter_reg[14]/D
  -------------------------------------------------------------------    -------------------

                         (clock clk rise edge)        8.000     8.000 r  
    H16                                               0.000     8.000 r  i_clk (IN)
                         net (fo=0)                   0.000     8.000    i_clk
    H16                  IBUF (Prop_ibuf_I_O)         1.380     9.380 r  i_clk_IBUF_inst/O
                         net (fo=1, routed)           2.293    11.673    i_clk_IBUF
    BUFGCTRL_X0Y16       BUFG (Prop_bufg_I_O)         0.091    11.764 r  i_clk_IBUF_BUFG_inst/O
                         net (fo=40, routed)          1.685    13.449    cdiv/CLK
    SLICE_X112Y91        FDRE                                         r  cdiv/counter_reg[14]/C
                         clock pessimism              0.463    13.913    
                         clock uncertainty           -0.035    13.877    
    SLICE_X112Y91        FDRE (Setup_fdre_C_D)        0.077    13.954    cdiv/counter_reg[14]
  -------------------------------------------------------------------
                         required time                         13.954    
                         arrival time                          -9.516    
  -------------------------------------------------------------------
                         slack                                  4.438    

Slack (MET) :             4.444ns  (required time - arrival time)
  Source:                 cdiv/counter_reg[15]/C
                            (rising edge-triggered cell FDRE clocked by clk  {rise@0.000ns fall@4.000ns period=8.000ns})
  Destination:            cdiv/counter_reg[17]/D
                            (rising edge-triggered cell FDRE clocked by clk  {rise@0.000ns fall@4.000ns period=8.000ns})
  Path Group:             clk
  Path Type:              Setup (Max at Slow Process Corner)
  Requirement:            8.000ns  (clk rise@8.000ns - clk rise@0.000ns)
  Data Path Delay:        3.578ns  (logic 0.966ns (27.001%)  route 2.612ns (72.999%))
  Logic Levels:           3  (LUT2=1 LUT4=1 LUT6=1)
  Clock Path Skew:        -0.024ns (DCD - SCD + CPR)
    Destination Clock Delay (DCD):    5.449ns = ( 13.449 - 8.000 ) 
    Source Clock Delay      (SCD):    5.937ns
    Clock Pessimism Removal (CPR):    0.463ns
  Clock Uncertainty:      0.035ns  ((TSJ^2 + TIJ^2)^1/2 + DJ) / 2 + PE
    Total System Jitter     (TSJ):    0.071ns
    Total Input Jitter      (TIJ):    0.000ns
    Discrete Jitter          (DJ):    0.000ns
    Phase Error              (PE):    0.000ns

    Location             Delay type                Incr(ns)  Path(ns)    Netlist Resource(s)
  -------------------------------------------------------------------    -------------------
                         (clock clk rise edge)        0.000     0.000 r  
    H16                                               0.000     0.000 r  i_clk (IN)
                         net (fo=0)                   0.000     0.000    i_clk
    H16                  IBUF (Prop_ibuf_I_O)         1.451     1.451 r  i_clk_IBUF_inst/O
                         net (fo=1, routed)           2.522     3.973    i_clk_IBUF
    BUFGCTRL_X0Y16       BUFG (Prop_bufg_I_O)         0.101     4.074 r  i_clk_IBUF_BUFG_inst/O
                         net (fo=40, routed)          1.863     5.937    cdiv/CLK
    SLICE_X110Y89        FDRE                                         r  cdiv/counter_reg[15]/C
  -------------------------------------------------------------------    -------------------
    SLICE_X110Y89        FDRE (Prop_fdre_C_Q)         0.419     6.356 f  cdiv/counter_reg[15]/Q
                         net (fo=2, routed)           0.775     7.131    cdiv/sel0[15]
    SLICE_X110Y90        LUT4 (Prop_lut4_I0_O)        0.299     7.430 r  cdiv/counter[25]_i_3/O
                         net (fo=1, routed)           0.808     8.238    cdiv/counter[25]_i_3_n_0
    SLICE_X110Y89        LUT6 (Prop_lut6_I0_O)        0.124     8.362 r  cdiv/counter[25]_i_2/O
                         net (fo=27, routed)          1.029     9.390    cdiv/counter[25]_i_2_n_0
    SLICE_X112Y91        LUT2 (Prop_lut2_I0_O)        0.124     9.514 r  cdiv/counter[17]_i_1/O
                         net (fo=1, routed)           0.000     9.514    cdiv/counter[17]
    SLICE_X112Y91        FDRE                                         r  cdiv/counter_reg[17]/D
  -------------------------------------------------------------------    -------------------

                         (clock clk rise edge)        8.000     8.000 r  
    H16                                               0.000     8.000 r  i_clk (IN)
                         net (fo=0)                   0.000     8.000    i_clk
    H16                  IBUF (Prop_ibuf_I_O)         1.380     9.380 r  i_clk_IBUF_inst/O
                         net (fo=1, routed)           2.293    11.673    i_clk_IBUF
    BUFGCTRL_X0Y16       BUFG (Prop_bufg_I_O)         0.091    11.764 r  i_clk_IBUF_BUFG_inst/O
                         net (fo=40, routed)          1.685    13.449    cdiv/CLK
    SLICE_X112Y91        FDRE                                         r  cdiv/counter_reg[17]/C
                         clock pessimism              0.463    13.913    
                         clock uncertainty           -0.035    13.877    
    SLICE_X112Y91        FDRE (Setup_fdre_C_D)        0.081    13.958    cdiv/counter_reg[17]
  -------------------------------------------------------------------
                         required time                         13.958    
                         arrival time                          -9.514    
  -------------------------------------------------------------------
                         slack                                  4.444    

Slack (MET) :             4.455ns  (required time - arrival time)
  Source:                 cdiv/counter_reg[15]/C
                            (rising edge-triggered cell FDRE clocked by clk  {rise@0.000ns fall@4.000ns period=8.000ns})
  Destination:            cdiv/counter_reg[25]/D
                            (rising edge-triggered cell FDRE clocked by clk  {rise@0.000ns fall@4.000ns period=8.000ns})
  Path Group:             clk
  Path Type:              Setup (Max at Slow Process Corner)
  Requirement:            8.000ns  (clk rise@8.000ns - clk rise@0.000ns)
  Data Path Delay:        3.604ns  (logic 0.992ns (27.527%)  route 2.612ns (72.473%))
  Logic Levels:           3  (LUT2=1 LUT4=1 LUT6=1)
  Clock Path Skew:        -0.024ns (DCD - SCD + CPR)
    Destination Clock Delay (DCD):    5.449ns = ( 13.449 - 8.000 ) 
    Source Clock Delay      (SCD):    5.937ns
    Clock Pessimism Removal (CPR):    0.463ns
  Clock Uncertainty:      0.035ns  ((TSJ^2 + TIJ^2)^1/2 + DJ) / 2 + PE
    Total System Jitter     (TSJ):    0.071ns
    Total Input Jitter      (TIJ):    0.000ns
    Discrete Jitter          (DJ):    0.000ns
    Phase Error              (PE):    0.000ns

    Location             Delay type                Incr(ns)  Path(ns)    Netlist Resource(s)
  -------------------------------------------------------------------    -------------------
                         (clock clk rise edge)        0.000     0.000 r  
    H16                                               0.000     0.000 r  i_clk (IN)
                         net (fo=0)                   0.000     0.000    i_clk
    H16                  IBUF (Prop_ibuf_I_O)         1.451     1.451 r  i_clk_IBUF_inst/O
                         net (fo=1, routed)           2.522     3.973    i_clk_IBUF
    BUFGCTRL_X0Y16       BUFG (Prop_bufg_I_O)         0.101     4.074 r  i_clk_IBUF_BUFG_inst/O
                         net (fo=40, routed)          1.863     5.937    cdiv/CLK
    SLICE_X110Y89        FDRE                                         r  cdiv/counter_reg[15]/C
  -------------------------------------------------------------------    -------------------
    SLICE_X110Y89        FDRE (Prop_fdre_C_Q)         0.419     6.356 f  cdiv/counter_reg[15]/Q
                         net (fo=2, routed)           0.775     7.131    cdiv/sel0[15]
    SLICE_X110Y90        LUT4 (Prop_lut4_I0_O)        0.299     7.430 r  cdiv/counter[25]_i_3/O
                         net (fo=1, routed)           0.808     8.238    cdiv/counter[25]_i_3_n_0
    SLICE_X110Y89        LUT6 (Prop_lut6_I0_O)        0.124     8.362 r  cdiv/counter[25]_i_2/O
                         net (fo=27, routed)          1.029     9.390    cdiv/counter[25]_i_2_n_0
    SLICE_X112Y91        LUT2 (Prop_lut2_I0_O)        0.150     9.540 r  cdiv/counter[25]_i_1/O
                         net (fo=1, routed)           0.000     9.540    cdiv/counter[25]
    SLICE_X112Y91        FDRE                                         r  cdiv/counter_reg[25]/D
  -------------------------------------------------------------------    -------------------

                         (clock clk rise edge)        8.000     8.000 r  
    H16                                               0.000     8.000 r  i_clk (IN)
                         net (fo=0)                   0.000     8.000    i_clk
    H16                  IBUF (Prop_ibuf_I_O)         1.380     9.380 r  i_clk_IBUF_inst/O
                         net (fo=1, routed)           2.293    11.673    i_clk_IBUF
    BUFGCTRL_X0Y16       BUFG (Prop_bufg_I_O)         0.091    11.764 r  i_clk_IBUF_BUFG_inst/O
                         net (fo=40, routed)          1.685    13.449    cdiv/CLK
    SLICE_X112Y91        FDRE                                         r  cdiv/counter_reg[25]/C
                         clock pessimism              0.463    13.913    
                         clock uncertainty           -0.035    13.877    
    SLICE_X112Y91        FDRE (Setup_fdre_C_D)        0.118    13.995    cdiv/counter_reg[25]
  -------------------------------------------------------------------
                         required time                         13.995    
                         arrival time                          -9.540    
  -------------------------------------------------------------------
                         slack                                  4.455    





Min Delay Paths
--------------------------------------------------------------------------------------
Slack (MET) :             0.254ns  (arrival time - required time)
  Source:                 uut_gen/bit_count_reg[5]/C
                            (rising edge-triggered cell FDCE clocked by clk  {rise@0.000ns fall@4.000ns period=8.000ns})
  Destination:            uut_gen/bit_count_reg[6]/D
                            (rising edge-triggered cell FDCE clocked by clk  {rise@0.000ns fall@4.000ns period=8.000ns})
  Path Group:             clk
  Path Type:              Hold (Min at Fast Process Corner)
  Requirement:            0.000ns  (clk rise@0.000ns - clk rise@0.000ns)
  Data Path Delay:        0.361ns  (logic 0.230ns (63.751%)  route 0.131ns (36.249%))
  Logic Levels:           1  (LUT5=1)
  Clock Path Skew:        0.000ns (DCD - SCD - CPR)
    Destination Clock Delay (DCD):    2.245ns
    Source Clock Delay      (SCD):    1.718ns
    Clock Pessimism Removal (CPR):    0.527ns

    Location             Delay type                Incr(ns)  Path(ns)    Netlist Resource(s)
  -------------------------------------------------------------------    -------------------
                         (clock clk rise edge)        0.000     0.000 r  
    H16                                               0.000     0.000 r  i_clk (IN)
                         net (fo=0)                   0.000     0.000    i_clk
    H16                  IBUF (Prop_ibuf_I_O)         0.219     0.219 r  i_clk_IBUF_inst/O
                         net (fo=1, routed)           0.842     1.060    i_clk_IBUF
    BUFGCTRL_X0Y16       BUFG (Prop_bufg_I_O)         0.026     1.086 r  i_clk_IBUF_BUFG_inst/O
                         net (fo=40, routed)          0.632     1.718    uut_gen/CLK
    SLICE_X110Y86        FDCE                                         r  uut_gen/bit_count_reg[5]/C
  -------------------------------------------------------------------    -------------------
    SLICE_X110Y86        FDCE (Prop_fdce_C_Q)         0.128     1.846 r  uut_gen/bit_count_reg[5]/Q
                         net (fo=7, routed)           0.131     1.977    uut_gen/bit_count[5]
    SLICE_X110Y86        LUT5 (Prop_lut5_I3_O)        0.102     2.079 r  uut_gen/bit_count[6]_i_1/O
                         net (fo=1, routed)           0.000     2.079    uut_gen/bit_count_0[6]
    SLICE_X110Y86        FDCE                                         r  uut_gen/bit_count_reg[6]/D
  -------------------------------------------------------------------    -------------------

                         (clock clk rise edge)        0.000     0.000 r  
    H16                                               0.000     0.000 r  i_clk (IN)
                         net (fo=0)                   0.000     0.000    i_clk
    H16                  IBUF (Prop_ibuf_I_O)         0.406     0.406 r  i_clk_IBUF_inst/O
                         net (fo=1, routed)           0.907     1.313    i_clk_IBUF
    BUFGCTRL_X0Y16       BUFG (Prop_bufg_I_O)         0.029     1.342 r  i_clk_IBUF_BUFG_inst/O
                         net (fo=40, routed)          0.903     2.245    uut_gen/CLK
    SLICE_X110Y86        FDCE                                         r  uut_gen/bit_count_reg[6]/C
                         clock pessimism             -0.527     1.718    
    SLICE_X110Y86        FDCE (Hold_fdce_C_D)         0.107     1.825    uut_gen/bit_count_reg[6]
  -------------------------------------------------------------------
                         required time                         -1.825    
                         arrival time                           2.079    
  -------------------------------------------------------------------
                         slack                                  0.254    

Slack (MET) :             0.265ns  (arrival time - required time)
  Source:                 uut_gen/bit_count_reg[5]/C
                            (rising edge-triggered cell FDCE clocked by clk  {rise@0.000ns fall@4.000ns period=8.000ns})
  Destination:            uut_gen/bit_count_reg[3]/D
                            (rising edge-triggered cell FDCE clocked by clk  {rise@0.000ns fall@4.000ns period=8.000ns})
  Path Group:             clk
  Path Type:              Hold (Min at Fast Process Corner)
  Requirement:            0.000ns  (clk rise@0.000ns - clk rise@0.000ns)
  Data Path Delay:        0.357ns  (logic 0.226ns (63.345%)  route 0.131ns (36.656%))
  Logic Levels:           1  (LUT5=1)
  Clock Path Skew:        0.000ns (DCD - SCD - CPR)
    Destination Clock Delay (DCD):    2.245ns
    Source Clock Delay      (SCD):    1.718ns
    Clock Pessimism Removal (CPR):    0.527ns

    Location             Delay type                Incr(ns)  Path(ns)    Netlist Resource(s)
  -------------------------------------------------------------------    -------------------
                         (clock clk rise edge)        0.000     0.000 r  
    H16                                               0.000     0.000 r  i_clk (IN)
                         net (fo=0)                   0.000     0.000    i_clk
    H16                  IBUF (Prop_ibuf_I_O)         0.219     0.219 r  i_clk_IBUF_inst/O
                         net (fo=1, routed)           0.842     1.060    i_clk_IBUF
    BUFGCTRL_X0Y16       BUFG (Prop_bufg_I_O)         0.026     1.086 r  i_clk_IBUF_BUFG_inst/O
                         net (fo=40, routed)          0.632     1.718    uut_gen/CLK
    SLICE_X110Y86        FDCE                                         r  uut_gen/bit_count_reg[5]/C
  -------------------------------------------------------------------    -------------------
    SLICE_X110Y86        FDCE (Prop_fdce_C_Q)         0.128     1.846 f  uut_gen/bit_count_reg[5]/Q
                         net (fo=7, routed)           0.131     1.977    uut_gen/bit_count[5]
    SLICE_X110Y86        LUT5 (Prop_lut5_I2_O)        0.098     2.075 r  uut_gen/bit_count[3]_i_1/O
                         net (fo=1, routed)           0.000     2.075    uut_gen/bit_count_0[3]
    SLICE_X110Y86        FDCE                                         r  uut_gen/bit_count_reg[3]/D
  -------------------------------------------------------------------    -------------------

                         (clock clk rise edge)        0.000     0.000 r  
    H16                                               0.000     0.000 r  i_clk (IN)
                         net (fo=0)                   0.000     0.000    i_clk
    H16                  IBUF (Prop_ibuf_I_O)         0.406     0.406 r  i_clk_IBUF_inst/O
                         net (fo=1, routed)           0.907     1.313    i_clk_IBUF
    BUFGCTRL_X0Y16       BUFG (Prop_bufg_I_O)         0.029     1.342 r  i_clk_IBUF_BUFG_inst/O
                         net (fo=40, routed)          0.903     2.245    uut_gen/CLK
    SLICE_X110Y86        FDCE                                         r  uut_gen/bit_count_reg[3]/C
                         clock pessimism             -0.527     1.718    
    SLICE_X110Y86        FDCE (Hold_fdce_C_D)         0.092     1.810    uut_gen/bit_count_reg[3]
  -------------------------------------------------------------------
                         required time                         -1.810    
                         arrival time                           2.075    
  -------------------------------------------------------------------
                         slack                                  0.265    

Slack (MET) :             0.276ns  (arrival time - required time)
  Source:                 cdiv/counter_reg[0]/C
                            (rising edge-triggered cell FDRE clocked by clk  {rise@0.000ns fall@4.000ns period=8.000ns})
  Destination:            cdiv/counter_reg[0]/D
                            (rising edge-triggered cell FDRE clocked by clk  {rise@0.000ns fall@4.000ns period=8.000ns})
  Path Group:             clk
  Path Type:              Hold (Min at Fast Process Corner)
  Requirement:            0.000ns  (clk rise@0.000ns - clk rise@0.000ns)
  Data Path Delay:        0.367ns  (logic 0.186ns (50.750%)  route 0.181ns (49.250%))
  Logic Levels:           1  (LUT1=1)
  Clock Path Skew:        0.000ns (DCD - SCD - CPR)
    Destination Clock Delay (DCD):    2.245ns
    Source Clock Delay      (SCD):    1.719ns
    Clock Pessimism Removal (CPR):    0.526ns

    Location             Delay type                Incr(ns)  Path(ns)    Netlist Resource(s)
  -------------------------------------------------------------------    -------------------
                         (clock clk rise edge)        0.000     0.000 r  
    H16                                               0.000     0.000 r  i_clk (IN)
                         net (fo=0)                   0.000     0.000    i_clk
    H16                  IBUF (Prop_ibuf_I_O)         0.219     0.219 r  i_clk_IBUF_inst/O
                         net (fo=1, routed)           0.842     1.060    i_clk_IBUF
    BUFGCTRL_X0Y16       BUFG (Prop_bufg_I_O)         0.026     1.086 r  i_clk_IBUF_BUFG_inst/O
                         net (fo=40, routed)          0.633     1.719    cdiv/CLK
    SLICE_X109Y88        FDRE                                         r  cdiv/counter_reg[0]/C
  -------------------------------------------------------------------    -------------------
    SLICE_X109Y88        FDRE (Prop_fdre_C_Q)         0.141     1.860 f  cdiv/counter_reg[0]/Q
                         net (fo=3, routed)           0.181     2.041    cdiv/sel0[0]
    SLICE_X109Y88        LUT1 (Prop_lut1_I0_O)        0.045     2.086 r  cdiv/counter[0]_i_1/O
                         net (fo=1, routed)           0.000     2.086    cdiv/counter[0]
    SLICE_X109Y88        FDRE                                         r  cdiv/counter_reg[0]/D
  -------------------------------------------------------------------    -------------------

                         (clock clk rise edge)        0.000     0.000 r  
    H16                                               0.000     0.000 r  i_clk (IN)
                         net (fo=0)                   0.000     0.000    i_clk
    H16                  IBUF (Prop_ibuf_I_O)         0.406     0.406 r  i_clk_IBUF_inst/O
                         net (fo=1, routed)           0.907     1.313    i_clk_IBUF
    BUFGCTRL_X0Y16       BUFG (Prop_bufg_I_O)         0.029     1.342 r  i_clk_IBUF_BUFG_inst/O
                         net (fo=40, routed)          0.903     2.245    cdiv/CLK
    SLICE_X109Y88        FDRE                                         r  cdiv/counter_reg[0]/C
                         clock pessimism             -0.526     1.719    
    SLICE_X109Y88        FDRE (Hold_fdre_C_D)         0.091     1.810    cdiv/counter_reg[0]
  -------------------------------------------------------------------
                         required time                         -1.810    
                         arrival time                           2.086    
  -------------------------------------------------------------------
                         slack                                  0.276    

Slack (MET) :             0.301ns  (arrival time - required time)
  Source:                 cdiv/o_en_reg/C
                            (rising edge-triggered cell FDRE clocked by clk  {rise@0.000ns fall@4.000ns period=8.000ns})
  Destination:            uut_gen/bit_count_reg[2]/CE
                            (rising edge-triggered cell FDCE clocked by clk  {rise@0.000ns fall@4.000ns period=8.000ns})
  Path Group:             clk
  Path Type:              Hold (Min at Fast Process Corner)
  Requirement:            0.000ns  (clk rise@0.000ns - clk rise@0.000ns)
  Data Path Delay:        0.277ns  (logic 0.164ns (59.162%)  route 0.113ns (40.838%))
  Logic Levels:           0  
  Clock Path Skew:        0.015ns (DCD - SCD - CPR)
    Destination Clock Delay (DCD):    2.245ns
    Source Clock Delay      (SCD):    1.718ns
    Clock Pessimism Removal (CPR):    0.512ns

    Location             Delay type                Incr(ns)  Path(ns)    Netlist Resource(s)
  -------------------------------------------------------------------    -------------------
                         (clock clk rise edge)        0.000     0.000 r  
    H16                                               0.000     0.000 r  i_clk (IN)
                         net (fo=0)                   0.000     0.000    i_clk
    H16                  IBUF (Prop_ibuf_I_O)         0.219     0.219 r  i_clk_IBUF_inst/O
                         net (fo=1, routed)           0.842     1.060    i_clk_IBUF
    BUFGCTRL_X0Y16       BUFG (Prop_bufg_I_O)         0.026     1.086 r  i_clk_IBUF_BUFG_inst/O
                         net (fo=40, routed)          0.632     1.718    cdiv/CLK
    SLICE_X112Y86        FDRE                                         r  cdiv/o_en_reg/C
  -------------------------------------------------------------------    -------------------
    SLICE_X112Y86        FDRE (Prop_fdre_C_Q)         0.164     1.882 r  cdiv/o_en_reg/Q
                         net (fo=12, routed)          0.113     1.995    uut_gen/E[0]
    SLICE_X111Y86        FDCE                                         r  uut_gen/bit_count_reg[2]/CE
  -------------------------------------------------------------------    -------------------

                         (clock clk rise edge)        0.000     0.000 r  
    H16                                               0.000     0.000 r  i_clk (IN)
                         net (fo=0)                   0.000     0.000    i_clk
    H16                  IBUF (Prop_ibuf_I_O)         0.406     0.406 r  i_clk_IBUF_inst/O
                         net (fo=1, routed)           0.907     1.313    i_clk_IBUF
    BUFGCTRL_X0Y16       BUFG (Prop_bufg_I_O)         0.029     1.342 r  i_clk_IBUF_BUFG_inst/O
                         net (fo=40, routed)          0.903     2.245    uut_gen/CLK
    SLICE_X111Y86        FDCE                                         r  uut_gen/bit_count_reg[2]/C
                         clock pessimism             -0.512     1.733    
    SLICE_X111Y86        FDCE (Hold_fdce_C_CE)       -0.039     1.694    uut_gen/bit_count_reg[2]
  -------------------------------------------------------------------
                         required time                         -1.694    
                         arrival time                           1.995    
  -------------------------------------------------------------------
                         slack                                  0.301    

Slack (MET) :             0.309ns  (arrival time - required time)
  Source:                 uut_det/FSM_sequential_state_reg[1]/C
                            (rising edge-triggered cell FDCE clocked by clk  {rise@0.000ns fall@4.000ns period=8.000ns})
  Destination:            uut_det/FSM_sequential_state_reg[2]/D
                            (rising edge-triggered cell FDCE clocked by clk  {rise@0.000ns fall@4.000ns period=8.000ns})
  Path Group:             clk
  Path Type:              Hold (Min at Fast Process Corner)
  Requirement:            0.000ns  (clk rise@0.000ns - clk rise@0.000ns)
  Data Path Delay:        0.440ns  (logic 0.208ns (47.250%)  route 0.232ns (52.750%))
  Logic Levels:           1  (LUT4=1)
  Clock Path Skew:        0.000ns (DCD - SCD - CPR)
    Destination Clock Delay (DCD):    2.248ns
    Source Clock Delay      (SCD):    1.720ns
    Clock Pessimism Removal (CPR):    0.528ns

    Location             Delay type                Incr(ns)  Path(ns)    Netlist Resource(s)
  -------------------------------------------------------------------    -------------------
                         (clock clk rise edge)        0.000     0.000 r  
    H16                                               0.000     0.000 r  i_clk (IN)
                         net (fo=0)                   0.000     0.000    i_clk
    H16                  IBUF (Prop_ibuf_I_O)         0.219     0.219 r  i_clk_IBUF_inst/O
                         net (fo=1, routed)           0.842     1.060    i_clk_IBUF
    BUFGCTRL_X0Y16       BUFG (Prop_bufg_I_O)         0.026     1.086 r  i_clk_IBUF_BUFG_inst/O
                         net (fo=40, routed)          0.634     1.720    uut_det/CLK
    SLICE_X112Y88        FDCE                                         r  uut_det/FSM_sequential_state_reg[1]/C
  -------------------------------------------------------------------    -------------------
    SLICE_X112Y88        FDCE (Prop_fdce_C_Q)         0.164     1.884 f  uut_det/FSM_sequential_state_reg[1]/Q
                         net (fo=3, routed)           0.232     2.116    uut_det/state[1]
    SLICE_X112Y88        LUT4 (Prop_lut4_I1_O)        0.044     2.160 r  uut_det/FSM_sequential_state[2]_i_1/O
                         net (fo=1, routed)           0.000     2.160    uut_det/state__0[2]
    SLICE_X112Y88        FDCE                                         r  uut_det/FSM_sequential_state_reg[2]/D
  -------------------------------------------------------------------    -------------------

                         (clock clk rise edge)        0.000     0.000 r  
    H16                                               0.000     0.000 r  i_clk (IN)
                         net (fo=0)                   0.000     0.000    i_clk
    H16                  IBUF (Prop_ibuf_I_O)         0.406     0.406 r  i_clk_IBUF_inst/O
                         net (fo=1, routed)           0.907     1.313    i_clk_IBUF
    BUFGCTRL_X0Y16       BUFG (Prop_bufg_I_O)         0.029     1.342 r  i_clk_IBUF_BUFG_inst/O
                         net (fo=40, routed)          0.906     2.248    uut_det/CLK
    SLICE_X112Y88        FDCE                                         r  uut_det/FSM_sequential_state_reg[2]/C
                         clock pessimism             -0.528     1.720    
    SLICE_X112Y88        FDCE (Hold_fdce_C_D)         0.131     1.851    uut_det/FSM_sequential_state_reg[2]
  -------------------------------------------------------------------
                         required time                         -1.851    
                         arrival time                           2.160    
  -------------------------------------------------------------------
                         slack                                  0.309    

Slack (MET) :             0.311ns  (arrival time - required time)
  Source:                 uut_det/FSM_sequential_state_reg[1]/C
                            (rising edge-triggered cell FDCE clocked by clk  {rise@0.000ns fall@4.000ns period=8.000ns})
  Destination:            uut_det/o_pattern_valid_reg/D
                            (rising edge-triggered cell FDCE clocked by clk  {rise@0.000ns fall@4.000ns period=8.000ns})
  Path Group:             clk
  Path Type:              Hold (Min at Fast Process Corner)
  Requirement:            0.000ns  (clk rise@0.000ns - clk rise@0.000ns)
  Data Path Delay:        0.442ns  (logic 0.208ns (47.037%)  route 0.234ns (52.963%))
  Logic Levels:           1  (LUT4=1)
  Clock Path Skew:        0.000ns (DCD - SCD - CPR)
    Destination Clock Delay (DCD):    2.248ns
    Source Clock Delay      (SCD):    1.720ns
    Clock Pessimism Removal (CPR):    0.528ns

    Location             Delay type                Incr(ns)  Path(ns)    Netlist Resource(s)
  -------------------------------------------------------------------    -------------------
                         (clock clk rise edge)        0.000     0.000 r  
    H16                                               0.000     0.000 r  i_clk (IN)
                         net (fo=0)                   0.000     0.000    i_clk
    H16                  IBUF (Prop_ibuf_I_O)         0.219     0.219 r  i_clk_IBUF_inst/O
                         net (fo=1, routed)           0.842     1.060    i_clk_IBUF
    BUFGCTRL_X0Y16       BUFG (Prop_bufg_I_O)         0.026     1.086 r  i_clk_IBUF_BUFG_inst/O
                         net (fo=40, routed)          0.634     1.720    uut_det/CLK
    SLICE_X112Y88        FDCE                                         r  uut_det/FSM_sequential_state_reg[1]/C
  -------------------------------------------------------------------    -------------------
    SLICE_X112Y88        FDCE (Prop_fdce_C_Q)         0.164     1.884 r  uut_det/FSM_sequential_state_reg[1]/Q
                         net (fo=3, routed)           0.234     2.118    uut_det/state[1]
    SLICE_X112Y88        LUT4 (Prop_lut4_I2_O)        0.044     2.162 r  uut_det/o_pattern_valid_i_1/O
                         net (fo=1, routed)           0.000     2.162    uut_det/o_pattern_valid_i_1_n_0
    SLICE_X112Y88        FDCE                                         r  uut_det/o_pattern_valid_reg/D
  -------------------------------------------------------------------    -------------------

                         (clock clk rise edge)        0.000     0.000 r  
    H16                                               0.000     0.000 r  i_clk (IN)
                         net (fo=0)                   0.000     0.000    i_clk
    H16                  IBUF (Prop_ibuf_I_O)         0.406     0.406 r  i_clk_IBUF_inst/O
                         net (fo=1, routed)           0.907     1.313    i_clk_IBUF
    BUFGCTRL_X0Y16       BUFG (Prop_bufg_I_O)         0.029     1.342 r  i_clk_IBUF_BUFG_inst/O
                         net (fo=40, routed)          0.906     2.248    uut_det/CLK
    SLICE_X112Y88        FDCE                                         r  uut_det/o_pattern_valid_reg/C
                         clock pessimism             -0.528     1.720    
    SLICE_X112Y88        FDCE (Hold_fdce_C_D)         0.131     1.851    uut_det/o_pattern_valid_reg
  -------------------------------------------------------------------
                         required time                         -1.851    
                         arrival time                           2.162    
  -------------------------------------------------------------------
                         slack                                  0.311    

Slack (MET) :             0.320ns  (arrival time - required time)
  Source:                 uut_det/FSM_sequential_state_reg[1]/C
                            (rising edge-triggered cell FDCE clocked by clk  {rise@0.000ns fall@4.000ns period=8.000ns})
  Destination:            uut_det/FSM_sequential_state_reg[1]/D
                            (rising edge-triggered cell FDCE clocked by clk  {rise@0.000ns fall@4.000ns period=8.000ns})
  Path Group:             clk
  Path Type:              Hold (Min at Fast Process Corner)
  Requirement:            0.000ns  (clk rise@0.000ns - clk rise@0.000ns)
  Data Path Delay:        0.441ns  (logic 0.209ns (47.370%)  route 0.232ns (52.630%))
  Logic Levels:           1  (LUT4=1)
  Clock Path Skew:        0.000ns (DCD - SCD - CPR)
    Destination Clock Delay (DCD):    2.248ns
    Source Clock Delay      (SCD):    1.720ns
    Clock Pessimism Removal (CPR):    0.528ns

    Location             Delay type                Incr(ns)  Path(ns)    Netlist Resource(s)
  -------------------------------------------------------------------    -------------------
                         (clock clk rise edge)        0.000     0.000 r  
    H16                                               0.000     0.000 r  i_clk (IN)
                         net (fo=0)                   0.000     0.000    i_clk
    H16                  IBUF (Prop_ibuf_I_O)         0.219     0.219 r  i_clk_IBUF_inst/O
                         net (fo=1, routed)           0.842     1.060    i_clk_IBUF
    BUFGCTRL_X0Y16       BUFG (Prop_bufg_I_O)         0.026     1.086 r  i_clk_IBUF_BUFG_inst/O
                         net (fo=40, routed)          0.634     1.720    uut_det/CLK
    SLICE_X112Y88        FDCE                                         r  uut_det/FSM_sequential_state_reg[1]/C
  -------------------------------------------------------------------    -------------------
    SLICE_X112Y88        FDCE (Prop_fdce_C_Q)         0.164     1.884 r  uut_det/FSM_sequential_state_reg[1]/Q
                         net (fo=3, routed)           0.232     2.116    uut_det/state[1]
    SLICE_X112Y88        LUT4 (Prop_lut4_I0_O)        0.045     2.161 r  uut_det/FSM_sequential_state[1]_i_1/O
                         net (fo=1, routed)           0.000     2.161    uut_det/state__0[1]
    SLICE_X112Y88        FDCE                                         r  uut_det/FSM_sequential_state_reg[1]/D
  -------------------------------------------------------------------    -------------------

                         (clock clk rise edge)        0.000     0.000 r  
    H16                                               0.000     0.000 r  i_clk (IN)
                         net (fo=0)                   0.000     0.000    i_clk
    H16                  IBUF (Prop_ibuf_I_O)         0.406     0.406 r  i_clk_IBUF_inst/O
                         net (fo=1, routed)           0.907     1.313    i_clk_IBUF
    BUFGCTRL_X0Y16       BUFG (Prop_bufg_I_O)         0.029     1.342 r  i_clk_IBUF_BUFG_inst/O
                         net (fo=40, routed)          0.906     2.248    uut_det/CLK
    SLICE_X112Y88        FDCE                                         r  uut_det/FSM_sequential_state_reg[1]/C
                         clock pessimism             -0.528     1.720    
    SLICE_X112Y88        FDCE (Hold_fdce_C_D)         0.121     1.841    uut_det/FSM_sequential_state_reg[1]
  -------------------------------------------------------------------
                         required time                         -1.841    
                         arrival time                           2.161    
  -------------------------------------------------------------------
                         slack                                  0.320    

Slack (MET) :             0.322ns  (arrival time - required time)
  Source:                 uut_gen/bit_count_reg[3]/C
                            (rising edge-triggered cell FDCE clocked by clk  {rise@0.000ns fall@4.000ns period=8.000ns})
  Destination:            uut_gen/bit_count_reg[5]/D
                            (rising edge-triggered cell FDCE clocked by clk  {rise@0.000ns fall@4.000ns period=8.000ns})
  Path Group:             clk
  Path Type:              Hold (Min at Fast Process Corner)
  Requirement:            0.000ns  (clk rise@0.000ns - clk rise@0.000ns)
  Data Path Delay:        0.429ns  (logic 0.183ns (42.629%)  route 0.246ns (57.371%))
  Logic Levels:           1  (LUT5=1)
  Clock Path Skew:        0.000ns (DCD - SCD - CPR)
    Destination Clock Delay (DCD):    2.245ns
    Source Clock Delay      (SCD):    1.718ns
    Clock Pessimism Removal (CPR):    0.527ns

    Location             Delay type                Incr(ns)  Path(ns)    Netlist Resource(s)
  -------------------------------------------------------------------    -------------------
                         (clock clk rise edge)        0.000     0.000 r  
    H16                                               0.000     0.000 r  i_clk (IN)
                         net (fo=0)                   0.000     0.000    i_clk
    H16                  IBUF (Prop_ibuf_I_O)         0.219     0.219 r  i_clk_IBUF_inst/O
                         net (fo=1, routed)           0.842     1.060    i_clk_IBUF
    BUFGCTRL_X0Y16       BUFG (Prop_bufg_I_O)         0.026     1.086 r  i_clk_IBUF_BUFG_inst/O
                         net (fo=40, routed)          0.632     1.718    uut_gen/CLK
    SLICE_X110Y86        FDCE                                         r  uut_gen/bit_count_reg[3]/C
  -------------------------------------------------------------------    -------------------
    SLICE_X110Y86        FDCE (Prop_fdce_C_Q)         0.141     1.859 r  uut_gen/bit_count_reg[3]/Q
                         net (fo=7, routed)           0.246     2.105    uut_gen/bit_count[3]
    SLICE_X110Y86        LUT5 (Prop_lut5_I3_O)        0.042     2.147 r  uut_gen/bit_count[5]_i_1/O
                         net (fo=1, routed)           0.000     2.147    uut_gen/bit_count_0[5]
    SLICE_X110Y86        FDCE                                         r  uut_gen/bit_count_reg[5]/D
  -------------------------------------------------------------------    -------------------

                         (clock clk rise edge)        0.000     0.000 r  
    H16                                               0.000     0.000 r  i_clk (IN)
                         net (fo=0)                   0.000     0.000    i_clk
    H16                  IBUF (Prop_ibuf_I_O)         0.406     0.406 r  i_clk_IBUF_inst/O
                         net (fo=1, routed)           0.907     1.313    i_clk_IBUF
    BUFGCTRL_X0Y16       BUFG (Prop_bufg_I_O)         0.029     1.342 r  i_clk_IBUF_BUFG_inst/O
                         net (fo=40, routed)          0.903     2.245    uut_gen/CLK
    SLICE_X110Y86        FDCE                                         r  uut_gen/bit_count_reg[5]/C
                         clock pessimism             -0.527     1.718    
    SLICE_X110Y86        FDCE (Hold_fdce_C_D)         0.107     1.825    uut_gen/bit_count_reg[5]
  -------------------------------------------------------------------
                         required time                         -1.825    
                         arrival time                           2.147    
  -------------------------------------------------------------------
                         slack                                  0.322    

Slack (MET) :             0.340ns  (arrival time - required time)
  Source:                 uut_gen/bit_count_reg[3]/C
                            (rising edge-triggered cell FDCE clocked by clk  {rise@0.000ns fall@4.000ns period=8.000ns})
  Destination:            uut_gen/bit_count_reg[4]/D
                            (rising edge-triggered cell FDCE clocked by clk  {rise@0.000ns fall@4.000ns period=8.000ns})
  Path Group:             clk
  Path Type:              Hold (Min at Fast Process Corner)
  Requirement:            0.000ns  (clk rise@0.000ns - clk rise@0.000ns)
  Data Path Delay:        0.432ns  (logic 0.186ns (43.027%)  route 0.246ns (56.973%))
  Logic Levels:           1  (LUT5=1)
  Clock Path Skew:        0.000ns (DCD - SCD - CPR)
    Destination Clock Delay (DCD):    2.245ns
    Source Clock Delay      (SCD):    1.718ns
    Clock Pessimism Removal (CPR):    0.527ns

    Location             Delay type                Incr(ns)  Path(ns)    Netlist Resource(s)
  -------------------------------------------------------------------    -------------------
                         (clock clk rise edge)        0.000     0.000 r  
    H16                                               0.000     0.000 r  i_clk (IN)
                         net (fo=0)                   0.000     0.000    i_clk
    H16                  IBUF (Prop_ibuf_I_O)         0.219     0.219 r  i_clk_IBUF_inst/O
                         net (fo=1, routed)           0.842     1.060    i_clk_IBUF
    BUFGCTRL_X0Y16       BUFG (Prop_bufg_I_O)         0.026     1.086 r  i_clk_IBUF_BUFG_inst/O
                         net (fo=40, routed)          0.632     1.718    uut_gen/CLK
    SLICE_X110Y86        FDCE                                         r  uut_gen/bit_count_reg[3]/C
  -------------------------------------------------------------------    -------------------
    SLICE_X110Y86        FDCE (Prop_fdce_C_Q)         0.141     1.859 r  uut_gen/bit_count_reg[3]/Q
                         net (fo=7, routed)           0.246     2.105    uut_gen/bit_count[3]
    SLICE_X110Y86        LUT5 (Prop_lut5_I4_O)        0.045     2.150 r  uut_gen/bit_count[4]_i_1/O
                         net (fo=1, routed)           0.000     2.150    uut_gen/bit_count_0[4]
    SLICE_X110Y86        FDCE                                         r  uut_gen/bit_count_reg[4]/D
  -------------------------------------------------------------------    -------------------

                         (clock clk rise edge)        0.000     0.000 r  
    H16                                               0.000     0.000 r  i_clk (IN)
                         net (fo=0)                   0.000     0.000    i_clk
    H16                  IBUF (Prop_ibuf_I_O)         0.406     0.406 r  i_clk_IBUF_inst/O
                         net (fo=1, routed)           0.907     1.313    i_clk_IBUF
    BUFGCTRL_X0Y16       BUFG (Prop_bufg_I_O)         0.029     1.342 r  i_clk_IBUF_BUFG_inst/O
                         net (fo=40, routed)          0.903     2.245    uut_gen/CLK
    SLICE_X110Y86        FDCE                                         r  uut_gen/bit_count_reg[4]/C
                         clock pessimism             -0.527     1.718    
    SLICE_X110Y86        FDCE (Hold_fdce_C_D)         0.092     1.810    uut_gen/bit_count_reg[4]
  -------------------------------------------------------------------
                         required time                         -1.810    
                         arrival time                           2.150    
  -------------------------------------------------------------------
                         slack                                  0.340    

Slack (MET) :             0.375ns  (arrival time - required time)
  Source:                 uut_det/FSM_sequential_state_reg[2]/C
                            (rising edge-triggered cell FDCE clocked by clk  {rise@0.000ns fall@4.000ns period=8.000ns})
  Destination:            uut_det/FSM_sequential_state_reg[0]/D
                            (rising edge-triggered cell FDCE clocked by clk  {rise@0.000ns fall@4.000ns period=8.000ns})
  Path Group:             clk
  Path Type:              Hold (Min at Fast Process Corner)
  Requirement:            0.000ns  (clk rise@0.000ns - clk rise@0.000ns)
  Data Path Delay:        0.495ns  (logic 0.247ns (49.946%)  route 0.248ns (50.054%))
  Logic Levels:           1  (LUT3=1)
  Clock Path Skew:        0.000ns (DCD - SCD - CPR)
    Destination Clock Delay (DCD):    2.248ns
    Source Clock Delay      (SCD):    1.720ns
    Clock Pessimism Removal (CPR):    0.528ns

    Location             Delay type                Incr(ns)  Path(ns)    Netlist Resource(s)
  -------------------------------------------------------------------    -------------------
                         (clock clk rise edge)        0.000     0.000 r  
    H16                                               0.000     0.000 r  i_clk (IN)
                         net (fo=0)                   0.000     0.000    i_clk
    H16                  IBUF (Prop_ibuf_I_O)         0.219     0.219 r  i_clk_IBUF_inst/O
                         net (fo=1, routed)           0.842     1.060    i_clk_IBUF
    BUFGCTRL_X0Y16       BUFG (Prop_bufg_I_O)         0.026     1.086 r  i_clk_IBUF_BUFG_inst/O
                         net (fo=40, routed)          0.634     1.720    uut_det/CLK
    SLICE_X112Y88        FDCE                                         r  uut_det/FSM_sequential_state_reg[2]/C
  -------------------------------------------------------------------    -------------------
    SLICE_X112Y88        FDCE (Prop_fdce_C_Q)         0.148     1.868 r  uut_det/FSM_sequential_state_reg[2]/Q
                         net (fo=4, routed)           0.248     2.116    uut_det/state[2]
    SLICE_X112Y88        LUT3 (Prop_lut3_I0_O)        0.099     2.215 r  uut_det/FSM_sequential_state[0]_i_1/O
                         net (fo=1, routed)           0.000     2.215    uut_det/state__0[0]
    SLICE_X112Y88        FDCE                                         r  uut_det/FSM_sequential_state_reg[0]/D
  -------------------------------------------------------------------    -------------------

                         (clock clk rise edge)        0.000     0.000 r  
    H16                                               0.000     0.000 r  i_clk (IN)
                         net (fo=0)                   0.000     0.000    i_clk
    H16                  IBUF (Prop_ibuf_I_O)         0.406     0.406 r  i_clk_IBUF_inst/O
                         net (fo=1, routed)           0.907     1.313    i_clk_IBUF
    BUFGCTRL_X0Y16       BUFG (Prop_bufg_I_O)         0.029     1.342 r  i_clk_IBUF_BUFG_inst/O
                         net (fo=40, routed)          0.906     2.248    uut_det/CLK
    SLICE_X112Y88        FDCE                                         r  uut_det/FSM_sequential_state_reg[0]/C
                         clock pessimism             -0.528     1.720    
    SLICE_X112Y88        FDCE (Hold_fdce_C_D)         0.120     1.840    uut_det/FSM_sequential_state_reg[0]
  -------------------------------------------------------------------
                         required time                         -1.840    
                         arrival time                           2.215    
  -------------------------------------------------------------------
                         slack                                  0.375    





Pulse Width Checks
--------------------------------------------------------------------------------------
Clock Name:         clk
Waveform(ns):       { 0.000 4.000 }
Period(ns):         8.000
Sources:            { i_clk }

Check Type        Corner  Lib Pin  Reference Pin  Required(ns)  Actual(ns)  Slack(ns)  Location        Pin
Min Period        n/a     BUFG/I   n/a            2.155         8.000       5.845      BUFGCTRL_X0Y16  i_clk_IBUF_BUFG_inst/I
Min Period        n/a     FDRE/C   n/a            1.000         8.000       7.000      SLICE_X109Y88   cdiv/counter_reg[0]/C
Min Period        n/a     FDRE/C   n/a            1.000         8.000       7.000      SLICE_X110Y90   cdiv/counter_reg[10]/C
Min Period        n/a     FDRE/C   n/a            1.000         8.000       7.000      SLICE_X110Y89   cdiv/counter_reg[11]/C
Min Period        n/a     FDRE/C   n/a            1.000         8.000       7.000      SLICE_X110Y90   cdiv/counter_reg[12]/C
Min Period        n/a     FDRE/C   n/a            1.000         8.000       7.000      SLICE_X110Y90   cdiv/counter_reg[13]/C
Min Period        n/a     FDRE/C   n/a            1.000         8.000       7.000      SLICE_X112Y91   cdiv/counter_reg[14]/C
Min Period        n/a     FDRE/C   n/a            1.000         8.000       7.000      SLICE_X110Y89   cdiv/counter_reg[15]/C
Min Period        n/a     FDRE/C   n/a            1.000         8.000       7.000      SLICE_X110Y91   cdiv/counter_reg[16]/C
Min Period        n/a     FDRE/C   n/a            1.000         8.000       7.000      SLICE_X112Y91   cdiv/counter_reg[17]/C
Low Pulse Width   Slow    FDRE/C   n/a            0.500         4.000       3.500      SLICE_X112Y87   cdiv/counter_reg[1]/C
Low Pulse Width   Slow    FDRE/C   n/a            0.500         4.000       3.500      SLICE_X110Y87   cdiv/counter_reg[2]/C
Low Pulse Width   Slow    FDRE/C   n/a            0.500         4.000       3.500      SLICE_X110Y87   cdiv/counter_reg[3]/C
Low Pulse Width   Slow    FDRE/C   n/a            0.500         4.000       3.500      SLICE_X112Y87   cdiv/o_clk_reg/C
Low Pulse Width   Slow    FDRE/C   n/a            0.500         4.000       3.500      SLICE_X112Y86   cdiv/o_en_reg/C
Low Pulse Width   Slow    FDCE/C   n/a            0.500         4.000       3.500      SLICE_X110Y86   uut_gen/bit_count_reg[0]/C
Low Pulse Width   Slow    FDCE/C   n/a            0.500         4.000       3.500      SLICE_X110Y86   uut_gen/bit_count_reg[1]/C
Low Pulse Width   Slow    FDCE/C   n/a            0.500         4.000       3.500      SLICE_X111Y86   uut_gen/bit_count_reg[2]/C
Low Pulse Width   Slow    FDCE/C   n/a            0.500         4.000       3.500      SLICE_X110Y86   uut_gen/bit_count_reg[3]/C
Low Pulse Width   Slow    FDCE/C   n/a            0.500         4.000       3.500      SLICE_X110Y86   uut_gen/bit_count_reg[4]/C
High Pulse Width  Fast    FDRE/C   n/a            0.500         4.000       3.500      SLICE_X109Y88   cdiv/counter_reg[0]/C
High Pulse Width  Slow    FDRE/C   n/a            0.500         4.000       3.500      SLICE_X110Y90   cdiv/counter_reg[10]/C
High Pulse Width  Fast    FDRE/C   n/a            0.500         4.000       3.500      SLICE_X110Y90   cdiv/counter_reg[10]/C
High Pulse Width  Slow    FDRE/C   n/a            0.500         4.000       3.500      SLICE_X110Y89   cdiv/counter_reg[11]/C
High Pulse Width  Fast    FDRE/C   n/a            0.500         4.000       3.500      SLICE_X110Y89   cdiv/counter_reg[11]/C
High Pulse Width  Slow    FDRE/C   n/a            0.500         4.000       3.500      SLICE_X110Y90   cdiv/counter_reg[12]/C
High Pulse Width  Fast    FDRE/C   n/a            0.500         4.000       3.500      SLICE_X110Y90   cdiv/counter_reg[12]/C
High Pulse Width  Slow    FDRE/C   n/a            0.500         4.000       3.500      SLICE_X110Y90   cdiv/counter_reg[13]/C
High Pulse Width  Fast    FDRE/C   n/a            0.500         4.000       3.500      SLICE_X110Y90   cdiv/counter_reg[13]/C
High Pulse Width  Slow    FDRE/C   n/a            0.500         4.000       3.500      SLICE_X112Y91   cdiv/counter_reg[14]/C



