Copyright 1986-2019 Xilinx, Inc. All Rights Reserved.
--------------------------------------------------------------------------------------------------------------------------------------------------------------------------------
| Tool Version : Vivado v.2019.2 (lin64) Build 2708876 Wed Nov  6 21:39:14 MST 2019
| Date         : Mon Aug 24 15:14:50 2026
| Host         : pranav-inspirion-linux running 64-bit Ubuntu 26.04 LTS
| Command      : report_timing_summary -max_paths 10 -file top_timing_summary_routed.rpt -pb top_timing_summary_routed.pb -rpx top_timing_summary_routed.rpx -warn_on_violation
| Design       : top
| Device       : 7z020-clg400
| Speed File   : -1  PRODUCTION 1.11 2014-09-11
--------------------------------------------------------------------------------------------------------------------------------------------------------------------------------

Timing Summary Report

------------------------------------------------------------------------------------------------
| Timer Settings
| --------------
------------------------------------------------------------------------------------------------

  Enable Multi Corner Analysis               :  Yes
  Enable Pessimism Removal                   :  Yes
  Pessimism Removal Resolution               :  Nearest Common Node
  Enable Input Delay Default Clock           :  No
  Enable Preset / Clear Arcs                 :  No
  Disable Flight Delays                      :  No
  Ignore I/O Paths                           :  No
  Timing Early Launch at Borrowing Latches   :  No
  Borrow Time for Max Delay Exceptions       :  Yes
  Merge Timing Exceptions                    :  Yes

  Corner  Analyze    Analyze    
  Name    Max Paths  Min Paths  
  ------  ---------  ---------  
  Slow    Yes        Yes        
  Fast    Yes        Yes        



check_timing report

Table of Contents
-----------------
1. checking no_clock
2. checking constant_clock
3. checking pulse_width_clock
4. checking unconstrained_internal_endpoints
5. checking no_input_delay
6. checking no_output_delay
7. checking multiple_clock
8. checking generated_clocks
9. checking loops
10. checking partial_input_delay
11. checking partial_output_delay
12. checking latch_loops

1. checking no_clock
--------------------
 There are 0 register/latch pins with no clock.


2. checking constant_clock
--------------------------
 There are 0 register/latch pins with constant_clock.


3. checking pulse_width_clock
-----------------------------
 There are 0 register/latch pins which need pulse_width check


4. checking unconstrained_internal_endpoints
--------------------------------------------
 There are 0 pins that are not constrained for maximum delay.

 There are 0 pins that are not constrained for maximum delay due to constant clock.


5. checking no_input_delay
--------------------------
 There are 2 input ports with no input delay specified. (HIGH)

 There are 0 input ports with no input delay but user has a false path constraint.


6. checking no_output_delay
---------------------------
 There are 4 ports with no output delay specified. (HIGH)

 There are 0 ports with no output delay but user has a false path constraint

 There are 0 ports with no output delay but with a timing clock defined on it or propagating through it


7. checking multiple_clock
--------------------------
 There are 0 register/latch pins with multiple clocks.


8. checking generated_clocks
----------------------------
 There are 0 generated clocks that are not connected to a clock source.


9. checking loops
-----------------
 There are 0 combinational loops in the design.


10. checking partial_input_delay
--------------------------------
 There are 0 input ports with partial input delay specified.


11. checking partial_output_delay
---------------------------------
 There are 0 ports with partial output delay specified.


12. checking latch_loops
------------------------
 There are 0 combinational latch loops in the design through latch input



------------------------------------------------------------------------------------------------
| Design Timing Summary
| ---------------------
------------------------------------------------------------------------------------------------

    WNS(ns)      TNS(ns)  TNS Failing Endpoints  TNS Total Endpoints      WHS(ns)      THS(ns)  THS Failing Endpoints  THS Total Endpoints     WPWS(ns)     TPWS(ns)  TPWS Failing Endpoints  TPWS Total Endpoints  
    -------      -------  ---------------------  -------------------      -------      -------  ---------------------  -------------------     --------     --------  ----------------------  --------------------  
      4.219        0.000                      0                   39        0.224        0.000                      0                   39        3.500        0.000                       0                    37  


All user specified timing constraints are met.


------------------------------------------------------------------------------------------------
| Clock Summary
| -------------
------------------------------------------------------------------------------------------------

Clock  Waveform(ns)         Period(ns)      Frequency(MHz)
-----  ------------         ----------      --------------
clk    {0.000 4.000}        8.000           125.000         


------------------------------------------------------------------------------------------------
| Intra Clock Table
| -----------------
------------------------------------------------------------------------------------------------

Clock             WNS(ns)      TNS(ns)  TNS Failing Endpoints  TNS Total Endpoints      WHS(ns)      THS(ns)  THS Failing Endpoints  THS Total Endpoints     WPWS(ns)     TPWS(ns)  TPWS Failing Endpoints  TPWS Total Endpoints  
-----             -------      -------  ---------------------  -------------------      -------      -------  ---------------------  -------------------     --------     --------  ----------------------  --------------------  
clk                 4.219        0.000                      0                   39        0.224        0.000                      0                   39        3.500        0.000                       0                    37  


------------------------------------------------------------------------------------------------
| Inter Clock Table
| -----------------
------------------------------------------------------------------------------------------------

From Clock    To Clock          WNS(ns)      TNS(ns)  TNS Failing Endpoints  TNS Total Endpoints      WHS(ns)      THS(ns)  THS Failing Endpoints  THS Total Endpoints  
----------    --------          -------      -------  ---------------------  -------------------      -------      -------  ---------------------  -------------------  


------------------------------------------------------------------------------------------------
| Other Path Groups Table
| -----------------------
------------------------------------------------------------------------------------------------

Path Group    From Clock    To Clock          WNS(ns)      TNS(ns)  TNS Failing Endpoints  TNS Total Endpoints      WHS(ns)      THS(ns)  THS Failing Endpoints  THS Total Endpoints  
----------    ----------    --------          -------      -------  ---------------------  -------------------      -------      -------  ---------------------  -------------------  


------------------------------------------------------------------------------------------------
| Timing Details
| --------------
------------------------------------------------------------------------------------------------


---------------------------------------------------------------------------------------------------
From Clock:  clk
  To Clock:  clk

Setup :            0  Failing Endpoints,  Worst Slack        4.219ns,  Total Violation        0.000ns
Hold  :            0  Failing Endpoints,  Worst Slack        0.224ns,  Total Violation        0.000ns
PW    :            0  Failing Endpoints,  Worst Slack        3.500ns,  Total Violation        0.000ns
---------------------------------------------------------------------------------------------------


Max Delay Paths
--------------------------------------------------------------------------------------
Slack (MET) :             4.219ns  (required time - arrival time)
  Source:                 cdiv/counter_reg[18]/C
                            (rising edge-triggered cell FDRE clocked by clk  {rise@0.000ns fall@4.000ns period=8.000ns})
  Destination:            cdiv/counter_reg[5]/D
                            (rising edge-triggered cell FDRE clocked by clk  {rise@0.000ns fall@4.000ns period=8.000ns})
  Path Group:             clk
  Path Type:              Setup (Max at Slow Process Corner)
  Requirement:            8.000ns  (clk rise@8.000ns - clk rise@0.000ns)
  Data Path Delay:        3.706ns  (logic 1.021ns (27.549%)  route 2.685ns (72.451%))
  Logic Levels:           3  (LUT2=1 LUT4=1 LUT6=1)
  Clock Path Skew:        -0.069ns (DCD - SCD + CPR)
    Destination Clock Delay (DCD):    5.444ns = ( 13.444 - 8.000 ) 
    Source Clock Delay      (SCD):    5.937ns
    Clock Pessimism Removal (CPR):    0.423ns
  Clock Uncertainty:      0.035ns  ((TSJ^2 + TIJ^2)^1/2 + DJ) / 2 + PE
    Total System Jitter     (TSJ):    0.071ns
    Total Input Jitter      (TIJ):    0.000ns
    Discrete Jitter          (DJ):    0.000ns
    Phase Error              (PE):    0.000ns

    Location             Delay type                Incr(ns)  Path(ns)    Netlist Resource(s)
  -------------------------------------------------------------------    -------------------
                         (clock clk rise edge)        0.000     0.000 r  
    H16                                               0.000     0.000 r  i_clk (IN)
                         net (fo=0)                   0.000     0.000    i_clk
    H16                  IBUF (Prop_ibuf_I_O)         1.451     1.451 r  i_clk_IBUF_inst/O
                         net (fo=1, routed)           2.522     3.973    i_clk_IBUF
    BUFGCTRL_X0Y16       BUFG (Prop_bufg_I_O)         0.101     4.074 r  i_clk_IBUF_BUFG_inst/O
                         net (fo=36, routed)          1.863     5.937    cdiv/CLK
    SLICE_X112Y90        FDRE                                         r  cdiv/counter_reg[18]/C
  -------------------------------------------------------------------    -------------------
    SLICE_X112Y90        FDRE (Prop_fdre_C_Q)         0.478     6.415 r  cdiv/counter_reg[18]/Q
                         net (fo=2, routed)           0.603     7.017    cdiv/sel0[18]
    SLICE_X110Y91        LUT4 (Prop_lut4_I1_O)        0.295     7.312 r  cdiv/counter[25]_i_4/O
                         net (fo=1, routed)           0.953     8.265    cdiv/counter[25]_i_4_n_0
    SLICE_X110Y90        LUT6 (Prop_lut6_I1_O)        0.124     8.389 r  cdiv/counter[25]_i_2/O
                         net (fo=27, routed)          1.130     9.519    cdiv/counter[25]_i_2_n_0
    SLICE_X109Y88        LUT2 (Prop_lut2_I0_O)        0.124     9.643 r  cdiv/counter[5]_i_1/O
                         net (fo=1, routed)           0.000     9.643    cdiv/counter[5]
    SLICE_X109Y88        FDRE                                         r  cdiv/counter_reg[5]/D
  -------------------------------------------------------------------    -------------------

                         (clock clk rise edge)        8.000     8.000 r  
    H16                                               0.000     8.000 r  i_clk (IN)
                         net (fo=0)                   0.000     8.000    i_clk
    H16                  IBUF (Prop_ibuf_I_O)         1.380     9.380 r  i_clk_IBUF_inst/O
                         net (fo=1, routed)           2.293    11.673    i_clk_IBUF
    BUFGCTRL_X0Y16       BUFG (Prop_bufg_I_O)         0.091    11.764 r  i_clk_IBUF_BUFG_inst/O
                         net (fo=36, routed)          1.680    13.444    cdiv/CLK
    SLICE_X109Y88        FDRE                                         r  cdiv/counter_reg[5]/C
                         clock pessimism              0.423    13.868    
                         clock uncertainty           -0.035    13.832    
    SLICE_X109Y88        FDRE (Setup_fdre_C_D)        0.029    13.861    cdiv/counter_reg[5]
  -------------------------------------------------------------------
                         required time                         13.861    
                         arrival time                          -9.643    
  -------------------------------------------------------------------
                         slack                                  4.219    

Slack (MET) :             4.234ns  (required time - arrival time)
  Source:                 cdiv/counter_reg[6]/C
                            (rising edge-triggered cell FDRE clocked by clk  {rise@0.000ns fall@4.000ns period=8.000ns})
  Destination:            cdiv/counter_reg[25]/D
                            (rising edge-triggered cell FDRE clocked by clk  {rise@0.000ns fall@4.000ns period=8.000ns})
  Path Group:             clk
  Path Type:              Setup (Max at Slow Process Corner)
  Requirement:            8.000ns  (clk rise@8.000ns - clk rise@0.000ns)
  Data Path Delay:        3.744ns  (logic 2.273ns (60.707%)  route 1.471ns (39.293%))
  Logic Levels:           7  (CARRY4=6 LUT2=1)
  Clock Path Skew:        -0.061ns (DCD - SCD + CPR)
    Destination Clock Delay (DCD):    5.449ns = ( 13.449 - 8.000 ) 
    Source Clock Delay      (SCD):    5.934ns
    Clock Pessimism Removal (CPR):    0.423ns
  Clock Uncertainty:      0.035ns  ((TSJ^2 + TIJ^2)^1/2 + DJ) / 2 + PE
    Total System Jitter     (TSJ):    0.071ns
    Total Input Jitter      (TIJ):    0.000ns
    Discrete Jitter          (DJ):    0.000ns
    Phase Error              (PE):    0.000ns

    Location             Delay type                Incr(ns)  Path(ns)    Netlist Resource(s)
  -------------------------------------------------------------------    -------------------
                         (clock clk rise edge)        0.000     0.000 r  
    H16                                               0.000     0.000 r  i_clk (IN)
                         net (fo=0)                   0.000     0.000    i_clk
    H16                  IBUF (Prop_ibuf_I_O)         1.451     1.451 r  i_clk_IBUF_inst/O
                         net (fo=1, routed)           2.522     3.973    i_clk_IBUF
    BUFGCTRL_X0Y16       BUFG (Prop_bufg_I_O)         0.101     4.074 r  i_clk_IBUF_BUFG_inst/O
                         net (fo=36, routed)          1.860     5.934    cdiv/CLK
    SLICE_X109Y88        FDRE                                         r  cdiv/counter_reg[6]/C
  -------------------------------------------------------------------    -------------------
    SLICE_X109Y88        FDRE (Prop_fdre_C_Q)         0.419     6.353 r  cdiv/counter_reg[6]/Q
                         net (fo=2, routed)           0.502     6.855    cdiv/sel0[6]
    SLICE_X111Y88        CARRY4 (Prop_carry4_S[1]_CO[3])
                                                      0.849     7.704 r  cdiv/counter0_carry__0/CO[3]
                         net (fo=1, routed)           0.000     7.704    cdiv/counter0_carry__0_n_0
    SLICE_X111Y89        CARRY4 (Prop_carry4_CI_CO[3])
                                                      0.114     7.818 r  cdiv/counter0_carry__1/CO[3]
                         net (fo=1, routed)           0.000     7.818    cdiv/counter0_carry__1_n_0
    SLICE_X111Y90        CARRY4 (Prop_carry4_CI_CO[3])
                                                      0.114     7.932 r  cdiv/counter0_carry__2/CO[3]
                         net (fo=1, routed)           0.000     7.932    cdiv/counter0_carry__2_n_0
    SLICE_X111Y91        CARRY4 (Prop_carry4_CI_CO[3])
                                                      0.114     8.046 r  cdiv/counter0_carry__3/CO[3]
                         net (fo=1, routed)           0.000     8.046    cdiv/counter0_carry__3_n_0
    SLICE_X111Y92        CARRY4 (Prop_carry4_CI_CO[3])
                                                      0.114     8.160 r  cdiv/counter0_carry__4/CO[3]
                         net (fo=1, routed)           0.000     8.160    cdiv/counter0_carry__4_n_0
    SLICE_X111Y93        CARRY4 (Prop_carry4_CI_O[0])
                                                      0.222     8.382 r  cdiv/counter0_carry__5/O[0]
                         net (fo=1, routed)           0.969     9.351    cdiv/data0[25]
    SLICE_X110Y91        LUT2 (Prop_lut2_I1_O)        0.327     9.678 r  cdiv/counter[25]_i_1/O
                         net (fo=1, routed)           0.000     9.678    cdiv/counter[25]
    SLICE_X110Y91        FDRE                                         r  cdiv/counter_reg[25]/D
  -------------------------------------------------------------------    -------------------

                         (clock clk rise edge)        8.000     8.000 r  
    H16                                               0.000     8.000 r  i_clk (IN)
                         net (fo=0)                   0.000     8.000    i_clk
    H16                  IBUF (Prop_ibuf_I_O)         1.380     9.380 r  i_clk_IBUF_inst/O
                         net (fo=1, routed)           2.293    11.673    i_clk_IBUF
    BUFGCTRL_X0Y16       BUFG (Prop_bufg_I_O)         0.091    11.764 r  i_clk_IBUF_BUFG_inst/O
                         net (fo=36, routed)          1.685    13.449    cdiv/CLK
    SLICE_X110Y91        FDRE                                         r  cdiv/counter_reg[25]/C
                         clock pessimism              0.423    13.873    
                         clock uncertainty           -0.035    13.837    
    SLICE_X110Y91        FDRE (Setup_fdre_C_D)        0.075    13.912    cdiv/counter_reg[25]
  -------------------------------------------------------------------
                         required time                         13.912    
                         arrival time                          -9.678    
  -------------------------------------------------------------------
                         slack                                  4.234    

Slack (MET) :             4.237ns  (required time - arrival time)
  Source:                 cdiv/counter_reg[18]/C
                            (rising edge-triggered cell FDRE clocked by clk  {rise@0.000ns fall@4.000ns period=8.000ns})
  Destination:            cdiv/counter_reg[6]/D
                            (rising edge-triggered cell FDRE clocked by clk  {rise@0.000ns fall@4.000ns period=8.000ns})
  Path Group:             clk
  Path Type:              Setup (Max at Slow Process Corner)
  Requirement:            8.000ns  (clk rise@8.000ns - clk rise@0.000ns)
  Data Path Delay:        3.734ns  (logic 1.049ns (28.093%)  route 2.685ns (71.907%))
  Logic Levels:           3  (LUT2=1 LUT4=1 LUT6=1)
  Clock Path Skew:        -0.069ns (DCD - SCD + CPR)
    Destination Clock Delay (DCD):    5.444ns = ( 13.444 - 8.000 ) 
    Source Clock Delay      (SCD):    5.937ns
    Clock Pessimism Removal (CPR):    0.423ns
  Clock Uncertainty:      0.035ns  ((TSJ^2 + TIJ^2)^1/2 + DJ) / 2 + PE
    Total System Jitter     (TSJ):    0.071ns
    Total Input Jitter      (TIJ):    0.000ns
    Discrete Jitter          (DJ):    0.000ns
    Phase Error              (PE):    0.000ns

    Location             Delay type                Incr(ns)  Path(ns)    Netlist Resource(s)
  -------------------------------------------------------------------    -------------------
                         (clock clk rise edge)        0.000     0.000 r  
    H16                                               0.000     0.000 r  i_clk (IN)
                         net (fo=0)                   0.000     0.000    i_clk
    H16                  IBUF (Prop_ibuf_I_O)         1.451     1.451 r  i_clk_IBUF_inst/O
                         net (fo=1, routed)           2.522     3.973    i_clk_IBUF
    BUFGCTRL_X0Y16       BUFG (Prop_bufg_I_O)         0.101     4.074 r  i_clk_IBUF_BUFG_inst/O
                         net (fo=36, routed)          1.863     5.937    cdiv/CLK
    SLICE_X112Y90        FDRE                                         r  cdiv/counter_reg[18]/C
  -------------------------------------------------------------------    -------------------
    SLICE_X112Y90        FDRE (Prop_fdre_C_Q)         0.478     6.415 r  cdiv/counter_reg[18]/Q
                         net (fo=2, routed)           0.603     7.017    cdiv/sel0[18]
    SLICE_X110Y91        LUT4 (Prop_lut4_I1_O)        0.295     7.312 r  cdiv/counter[25]_i_4/O
                         net (fo=1, routed)           0.953     8.265    cdiv/counter[25]_i_4_n_0
    SLICE_X110Y90        LUT6 (Prop_lut6_I1_O)        0.124     8.389 r  cdiv/counter[25]_i_2/O
                         net (fo=27, routed)          1.130     9.519    cdiv/counter[25]_i_2_n_0
    SLICE_X109Y88        LUT2 (Prop_lut2_I0_O)        0.152     9.671 r  cdiv/counter[6]_i_1/O
                         net (fo=1, routed)           0.000     9.671    cdiv/counter[6]
    SLICE_X109Y88        FDRE                                         r  cdiv/counter_reg[6]/D
  -------------------------------------------------------------------    -------------------

                         (clock clk rise edge)        8.000     8.000 r  
    H16                                               0.000     8.000 r  i_clk (IN)
                         net (fo=0)                   0.000     8.000    i_clk
    H16                  IBUF (Prop_ibuf_I_O)         1.380     9.380 r  i_clk_IBUF_inst/O
                         net (fo=1, routed)           2.293    11.673    i_clk_IBUF
    BUFGCTRL_X0Y16       BUFG (Prop_bufg_I_O)         0.091    11.764 r  i_clk_IBUF_BUFG_inst/O
                         net (fo=36, routed)          1.680    13.444    cdiv/CLK
    SLICE_X109Y88        FDRE                                         r  cdiv/counter_reg[6]/C
                         clock pessimism              0.423    13.868    
                         clock uncertainty           -0.035    13.832    
    SLICE_X109Y88        FDRE (Setup_fdre_C_D)        0.075    13.907    cdiv/counter_reg[6]
  -------------------------------------------------------------------
                         required time                         13.907    
                         arrival time                          -9.671    
  -------------------------------------------------------------------
                         slack                                  4.237    

Slack (MET) :             4.309ns  (required time - arrival time)
  Source:                 cdiv/counter_reg[6]/C
                            (rising edge-triggered cell FDRE clocked by clk  {rise@0.000ns fall@4.000ns period=8.000ns})
  Destination:            cdiv/counter_reg[24]/D
                            (rising edge-triggered cell FDRE clocked by clk  {rise@0.000ns fall@4.000ns period=8.000ns})
  Path Group:             clk
  Path Type:              Setup (Max at Slow Process Corner)
  Requirement:            8.000ns  (clk rise@8.000ns - clk rise@0.000ns)
  Data Path Delay:        3.712ns  (logic 2.258ns (60.830%)  route 1.454ns (39.170%))
  Logic Levels:           6  (CARRY4=5 LUT2=1)
  Clock Path Skew:        -0.062ns (DCD - SCD + CPR)
    Destination Clock Delay (DCD):    5.448ns = ( 13.448 - 8.000 ) 
    Source Clock Delay      (SCD):    5.934ns
    Clock Pessimism Removal (CPR):    0.423ns
  Clock Uncertainty:      0.035ns  ((TSJ^2 + TIJ^2)^1/2 + DJ) / 2 + PE
    Total System Jitter     (TSJ):    0.071ns
    Total Input Jitter      (TIJ):    0.000ns
    Discrete Jitter          (DJ):    0.000ns
    Phase Error              (PE):    0.000ns

    Location             Delay type                Incr(ns)  Path(ns)    Netlist Resource(s)
  -------------------------------------------------------------------    -------------------
                         (clock clk rise edge)        0.000     0.000 r  
    H16                                               0.000     0.000 r  i_clk (IN)
                         net (fo=0)                   0.000     0.000    i_clk
    H16                  IBUF (Prop_ibuf_I_O)         1.451     1.451 r  i_clk_IBUF_inst/O
                         net (fo=1, routed)           2.522     3.973    i_clk_IBUF
    BUFGCTRL_X0Y16       BUFG (Prop_bufg_I_O)         0.101     4.074 r  i_clk_IBUF_BUFG_inst/O
                         net (fo=36, routed)          1.860     5.934    cdiv/CLK
    SLICE_X109Y88        FDRE                                         r  cdiv/counter_reg[6]/C
  -------------------------------------------------------------------    -------------------
    SLICE_X109Y88        FDRE (Prop_fdre_C_Q)         0.419     6.353 r  cdiv/counter_reg[6]/Q
                         net (fo=2, routed)           0.502     6.855    cdiv/sel0[6]
    SLICE_X111Y88        CARRY4 (Prop_carry4_S[1]_CO[3])
                                                      0.849     7.704 r  cdiv/counter0_carry__0/CO[3]
                         net (fo=1, routed)           0.000     7.704    cdiv/counter0_carry__0_n_0
    SLICE_X111Y89        CARRY4 (Prop_carry4_CI_CO[3])
                                                      0.114     7.818 r  cdiv/counter0_carry__1/CO[3]
                         net (fo=1, routed)           0.000     7.818    cdiv/counter0_carry__1_n_0
    SLICE_X111Y90        CARRY4 (Prop_carry4_CI_CO[3])
                                                      0.114     7.932 r  cdiv/counter0_carry__2/CO[3]
                         net (fo=1, routed)           0.000     7.932    cdiv/counter0_carry__2_n_0
    SLICE_X111Y91        CARRY4 (Prop_carry4_CI_CO[3])
                                                      0.114     8.046 r  cdiv/counter0_carry__3/CO[3]
                         net (fo=1, routed)           0.000     8.046    cdiv/counter0_carry__3_n_0
    SLICE_X111Y92        CARRY4 (Prop_carry4_CI_O[3])
                                                      0.313     8.359 r  cdiv/counter0_carry__4/O[3]
                         net (fo=1, routed)           0.952     9.311    cdiv/data0[24]
    SLICE_X112Y90        LUT2 (Prop_lut2_I1_O)        0.335     9.646 r  cdiv/counter[24]_i_1/O
                         net (fo=1, routed)           0.000     9.646    cdiv/counter[24]
    SLICE_X112Y90        FDRE                                         r  cdiv/counter_reg[24]/D
  -------------------------------------------------------------------    -------------------

                         (clock clk rise edge)        8.000     8.000 r  
    H16                                               0.000     8.000 r  i_clk (IN)
                         net (fo=0)                   0.000     8.000    i_clk
    H16                  IBUF (Prop_ibuf_I_O)         1.380     9.380 r  i_clk_IBUF_inst/O
                         net (fo=1, routed)           2.293    11.673    i_clk_IBUF
    BUFGCTRL_X0Y16       BUFG (Prop_bufg_I_O)         0.091    11.764 r  i_clk_IBUF_BUFG_inst/O
                         net (fo=36, routed)          1.684    13.448    cdiv/CLK
    SLICE_X112Y90        FDRE                                         r  cdiv/counter_reg[24]/C
                         clock pessimism              0.423    13.872    
                         clock uncertainty           -0.035    13.836    
    SLICE_X112Y90        FDRE (Setup_fdre_C_D)        0.118    13.954    cdiv/counter_reg[24]
  -------------------------------------------------------------------
                         required time                         13.954    
                         arrival time                          -9.646    
  -------------------------------------------------------------------
                         slack                                  4.309    

Slack (MET) :             4.323ns  (required time - arrival time)
  Source:                 cdiv/counter_reg[6]/C
                            (rising edge-triggered cell FDRE clocked by clk  {rise@0.000ns fall@4.000ns period=8.000ns})
  Destination:            cdiv/counter_reg[21]/D
                            (rising edge-triggered cell FDRE clocked by clk  {rise@0.000ns fall@4.000ns period=8.000ns})
  Path Group:             clk
  Path Type:              Setup (Max at Slow Process Corner)
  Requirement:            8.000ns  (clk rise@8.000ns - clk rise@0.000ns)
  Data Path Delay:        3.654ns  (logic 2.159ns (59.080%)  route 1.495ns (40.920%))
  Logic Levels:           6  (CARRY4=5 LUT2=1)
  Clock Path Skew:        -0.062ns (DCD - SCD + CPR)
    Destination Clock Delay (DCD):    5.448ns = ( 13.448 - 8.000 ) 
    Source Clock Delay      (SCD):    5.934ns
    Clock Pessimism Removal (CPR):    0.423ns
  Clock Uncertainty:      0.035ns  ((TSJ^2 + TIJ^2)^1/2 + DJ) / 2 + PE
    Total System Jitter     (TSJ):    0.071ns
    Total Input Jitter      (TIJ):    0.000ns
    Discrete Jitter          (DJ):    0.000ns
    Phase Error              (PE):    0.000ns

    Location             Delay type                Incr(ns)  Path(ns)    Netlist Resource(s)
  -------------------------------------------------------------------    -------------------
                         (clock clk rise edge)        0.000     0.000 r  
    H16                                               0.000     0.000 r  i_clk (IN)
                         net (fo=0)                   0.000     0.000    i_clk
    H16                  IBUF (Prop_ibuf_I_O)         1.451     1.451 r  i_clk_IBUF_inst/O
                         net (fo=1, routed)           2.522     3.973    i_clk_IBUF
    BUFGCTRL_X0Y16       BUFG (Prop_bufg_I_O)         0.101     4.074 r  i_clk_IBUF_BUFG_inst/O
                         net (fo=36, routed)          1.860     5.934    cdiv/CLK
    SLICE_X109Y88        FDRE                                         r  cdiv/counter_reg[6]/C
  -------------------------------------------------------------------    -------------------
    SLICE_X109Y88        FDRE (Prop_fdre_C_Q)         0.419     6.353 r  cdiv/counter_reg[6]/Q
                         net (fo=2, routed)           0.502     6.855    cdiv/sel0[6]
    SLICE_X111Y88        CARRY4 (Prop_carry4_S[1]_CO[3])
                                                      0.849     7.704 r  cdiv/counter0_carry__0/CO[3]
                         net (fo=1, routed)           0.000     7.704    cdiv/counter0_carry__0_n_0
    SLICE_X111Y89        CARRY4 (Prop_carry4_CI_CO[3])
                                                      0.114     7.818 r  cdiv/counter0_carry__1/CO[3]
                         net (fo=1, routed)           0.000     7.818    cdiv/counter0_carry__1_n_0
    SLICE_X111Y90        CARRY4 (Prop_carry4_CI_CO[3])
                                                      0.114     7.932 r  cdiv/counter0_carry__2/CO[3]
                         net (fo=1, routed)           0.000     7.932    cdiv/counter0_carry__2_n_0
    SLICE_X111Y91        CARRY4 (Prop_carry4_CI_CO[3])
                                                      0.114     8.046 r  cdiv/counter0_carry__3/CO[3]
                         net (fo=1, routed)           0.000     8.046    cdiv/counter0_carry__3_n_0
    SLICE_X111Y92        CARRY4 (Prop_carry4_CI_O[0])
                                                      0.222     8.268 r  cdiv/counter0_carry__4/O[0]
                         net (fo=1, routed)           0.993     9.261    cdiv/data0[21]
    SLICE_X110Y90        LUT2 (Prop_lut2_I1_O)        0.327     9.588 r  cdiv/counter[21]_i_1/O
                         net (fo=1, routed)           0.000     9.588    cdiv/counter[21]
    SLICE_X110Y90        FDRE                                         r  cdiv/counter_reg[21]/D
  -------------------------------------------------------------------    -------------------

                         (clock clk rise edge)        8.000     8.000 r  
    H16                                               0.000     8.000 r  i_clk (IN)
                         net (fo=0)                   0.000     8.000    i_clk
    H16                  IBUF (Prop_ibuf_I_O)         1.380     9.380 r  i_clk_IBUF_inst/O
                         net (fo=1, routed)           2.293    11.673    i_clk_IBUF
    BUFGCTRL_X0Y16       BUFG (Prop_bufg_I_O)         0.091    11.764 r  i_clk_IBUF_BUFG_inst/O
                         net (fo=36, routed)          1.684    13.448    cdiv/CLK
    SLICE_X110Y90        FDRE                                         r  cdiv/counter_reg[21]/C
                         clock pessimism              0.423    13.872    
                         clock uncertainty           -0.035    13.836    
    SLICE_X110Y90        FDRE (Setup_fdre_C_D)        0.075    13.911    cdiv/counter_reg[21]
  -------------------------------------------------------------------
                         required time                         13.911    
                         arrival time                          -9.588    
  -------------------------------------------------------------------
                         slack                                  4.323    

Slack (MET) :             4.414ns  (required time - arrival time)
  Source:                 cdiv/counter_reg[6]/C
                            (rising edge-triggered cell FDRE clocked by clk  {rise@0.000ns fall@4.000ns period=8.000ns})
  Destination:            cdiv/counter_reg[22]/D
                            (rising edge-triggered cell FDRE clocked by clk  {rise@0.000ns fall@4.000ns period=8.000ns})
  Path Group:             clk
  Path Type:              Setup (Max at Slow Process Corner)
  Requirement:            8.000ns  (clk rise@8.000ns - clk rise@0.000ns)
  Data Path Delay:        3.608ns  (logic 2.273ns (63.008%)  route 1.335ns (36.992%))
  Logic Levels:           6  (CARRY4=5 LUT2=1)
  Clock Path Skew:        -0.061ns (DCD - SCD + CPR)
    Destination Clock Delay (DCD):    5.449ns = ( 13.449 - 8.000 ) 
    Source Clock Delay      (SCD):    5.934ns
    Clock Pessimism Removal (CPR):    0.423ns
  Clock Uncertainty:      0.035ns  ((TSJ^2 + TIJ^2)^1/2 + DJ) / 2 + PE
    Total System Jitter     (TSJ):    0.071ns
    Total Input Jitter      (TIJ):    0.000ns
    Discrete Jitter          (DJ):    0.000ns
    Phase Error              (PE):    0.000ns

    Location             Delay type                Incr(ns)  Path(ns)    Netlist Resource(s)
  -------------------------------------------------------------------    -------------------
                         (clock clk rise edge)        0.000     0.000 r  
    H16                                               0.000     0.000 r  i_clk (IN)
                         net (fo=0)                   0.000     0.000    i_clk
    H16                  IBUF (Prop_ibuf_I_O)         1.451     1.451 r  i_clk_IBUF_inst/O
                         net (fo=1, routed)           2.522     3.973    i_clk_IBUF
    BUFGCTRL_X0Y16       BUFG (Prop_bufg_I_O)         0.101     4.074 r  i_clk_IBUF_BUFG_inst/O
                         net (fo=36, routed)          1.860     5.934    cdiv/CLK
    SLICE_X109Y88        FDRE                                         r  cdiv/counter_reg[6]/C
  -------------------------------------------------------------------    -------------------
    SLICE_X109Y88        FDRE (Prop_fdre_C_Q)         0.419     6.353 r  cdiv/counter_reg[6]/Q
                         net (fo=2, routed)           0.502     6.855    cdiv/sel0[6]
    SLICE_X111Y88        CARRY4 (Prop_carry4_S[1]_CO[3])
                                                      0.849     7.704 r  cdiv/counter0_carry__0/CO[3]
                         net (fo=1, routed)           0.000     7.704    cdiv/counter0_carry__0_n_0
    SLICE_X111Y89        CARRY4 (Prop_carry4_CI_CO[3])
                                                      0.114     7.818 r  cdiv/counter0_carry__1/CO[3]
                         net (fo=1, routed)           0.000     7.818    cdiv/counter0_carry__1_n_0
    SLICE_X111Y90        CARRY4 (Prop_carry4_CI_CO[3])
                                                      0.114     7.932 r  cdiv/counter0_carry__2/CO[3]
                         net (fo=1, routed)           0.000     7.932    cdiv/counter0_carry__2_n_0
    SLICE_X111Y91        CARRY4 (Prop_carry4_CI_CO[3])
                                                      0.114     8.046 r  cdiv/counter0_carry__3/CO[3]
                         net (fo=1, routed)           0.000     8.046    cdiv/counter0_carry__3_n_0
    SLICE_X111Y92        CARRY4 (Prop_carry4_CI_O[1])
                                                      0.334     8.380 r  cdiv/counter0_carry__4/O[1]
                         net (fo=1, routed)           0.832     9.212    cdiv/data0[22]
    SLICE_X112Y91        LUT2 (Prop_lut2_I1_O)        0.329     9.541 r  cdiv/counter[22]_i_1/O
                         net (fo=1, routed)           0.000     9.541    cdiv/counter[22]
    SLICE_X112Y91        FDRE                                         r  cdiv/counter_reg[22]/D
  -------------------------------------------------------------------    -------------------

                         (clock clk rise edge)        8.000     8.000 r  
    H16                                               0.000     8.000 r  i_clk (IN)
                         net (fo=0)                   0.000     8.000    i_clk
    H16                  IBUF (Prop_ibuf_I_O)         1.380     9.380 r  i_clk_IBUF_inst/O
                         net (fo=1, routed)           2.293    11.673    i_clk_IBUF
    BUFGCTRL_X0Y16       BUFG (Prop_bufg_I_O)         0.091    11.764 r  i_clk_IBUF_BUFG_inst/O
                         net (fo=36, routed)          1.685    13.449    cdiv/CLK
    SLICE_X112Y91        FDRE                                         r  cdiv/counter_reg[22]/C
                         clock pessimism              0.423    13.873    
                         clock uncertainty           -0.035    13.837    
    SLICE_X112Y91        FDRE (Setup_fdre_C_D)        0.118    13.955    cdiv/counter_reg[22]
  -------------------------------------------------------------------
                         required time                         13.955    
                         arrival time                          -9.541    
  -------------------------------------------------------------------
                         slack                                  4.414    

Slack (MET) :             4.440ns  (required time - arrival time)
  Source:                 cdiv/counter_reg[6]/C
                            (rising edge-triggered cell FDRE clocked by clk  {rise@0.000ns fall@4.000ns period=8.000ns})
  Destination:            cdiv/counter_reg[17]/D
                            (rising edge-triggered cell FDRE clocked by clk  {rise@0.000ns fall@4.000ns period=8.000ns})
  Path Group:             clk
  Path Type:              Setup (Max at Slow Process Corner)
  Requirement:            8.000ns  (clk rise@8.000ns - clk rise@0.000ns)
  Data Path Delay:        3.493ns  (logic 0.966ns (27.658%)  route 2.527ns (72.342%))
  Logic Levels:           3  (LUT2=1 LUT4=1 LUT6=1)
  Clock Path Skew:        -0.061ns (DCD - SCD + CPR)
    Destination Clock Delay (DCD):    5.449ns = ( 13.449 - 8.000 ) 
    Source Clock Delay      (SCD):    5.934ns
    Clock Pessimism Removal (CPR):    0.423ns
  Clock Uncertainty:      0.035ns  ((TSJ^2 + TIJ^2)^1/2 + DJ) / 2 + PE
    Total System Jitter     (TSJ):    0.071ns
    Total Input Jitter      (TIJ):    0.000ns
    Discrete Jitter          (DJ):    0.000ns
    Phase Error              (PE):    0.000ns

    Location             Delay type                Incr(ns)  Path(ns)    Netlist Resource(s)
  -------------------------------------------------------------------    -------------------
                         (clock clk rise edge)        0.000     0.000 r  
    H16                                               0.000     0.000 r  i_clk (IN)
                         net (fo=0)                   0.000     0.000    i_clk
    H16                  IBUF (Prop_ibuf_I_O)         1.451     1.451 r  i_clk_IBUF_inst/O
                         net (fo=1, routed)           2.522     3.973    i_clk_IBUF
    BUFGCTRL_X0Y16       BUFG (Prop_bufg_I_O)         0.101     4.074 r  i_clk_IBUF_BUFG_inst/O
                         net (fo=36, routed)          1.860     5.934    cdiv/CLK
    SLICE_X109Y88        FDRE                                         r  cdiv/counter_reg[6]/C
  -------------------------------------------------------------------    -------------------
    SLICE_X109Y88        FDRE (Prop_fdre_C_Q)         0.419     6.353 r  cdiv/counter_reg[6]/Q
                         net (fo=2, routed)           1.015     7.367    cdiv/sel0[6]
    SLICE_X110Y88        LUT4 (Prop_lut4_I1_O)        0.299     7.666 r  cdiv/counter[25]_i_5/O
                         net (fo=1, routed)           0.581     8.247    cdiv/counter[25]_i_5_n_0
    SLICE_X110Y90        LUT6 (Prop_lut6_I2_O)        0.124     8.371 r  cdiv/counter[25]_i_2/O
                         net (fo=27, routed)          0.931     9.302    cdiv/counter[25]_i_2_n_0
    SLICE_X110Y91        LUT2 (Prop_lut2_I0_O)        0.124     9.426 r  cdiv/counter[17]_i_1/O
                         net (fo=1, routed)           0.000     9.426    cdiv/counter[17]
    SLICE_X110Y91        FDRE                                         r  cdiv/counter_reg[17]/D
  -------------------------------------------------------------------    -------------------

                         (clock clk rise edge)        8.000     8.000 r  
    H16                                               0.000     8.000 r  i_clk (IN)
                         net (fo=0)                   0.000     8.000    i_clk
    H16                  IBUF (Prop_ibuf_I_O)         1.380     9.380 r  i_clk_IBUF_inst/O
                         net (fo=1, routed)           2.293    11.673    i_clk_IBUF
    BUFGCTRL_X0Y16       BUFG (Prop_bufg_I_O)         0.091    11.764 r  i_clk_IBUF_BUFG_inst/O
                         net (fo=36, routed)          1.685    13.449    cdiv/CLK
    SLICE_X110Y91        FDRE                                         r  cdiv/counter_reg[17]/C
                         clock pessimism              0.423    13.873    
                         clock uncertainty           -0.035    13.837    
    SLICE_X110Y91        FDRE (Setup_fdre_C_D)        0.029    13.866    cdiv/counter_reg[17]
  -------------------------------------------------------------------
                         required time                         13.866    
                         arrival time                          -9.426    
  -------------------------------------------------------------------
                         slack                                  4.440    

Slack (MET) :             4.442ns  (required time - arrival time)
  Source:                 cdiv/counter_reg[6]/C
                            (rising edge-triggered cell FDRE clocked by clk  {rise@0.000ns fall@4.000ns period=8.000ns})
  Destination:            cdiv/counter_reg[1]/D
                            (rising edge-triggered cell FDRE clocked by clk  {rise@0.000ns fall@4.000ns period=8.000ns})
  Path Group:             clk
  Path Type:              Setup (Max at Slow Process Corner)
  Requirement:            8.000ns  (clk rise@8.000ns - clk rise@0.000ns)
  Data Path Delay:        3.488ns  (logic 0.966ns (27.698%)  route 2.522ns (72.302%))
  Logic Levels:           3  (LUT2=1 LUT4=1 LUT6=1)
  Clock Path Skew:        -0.064ns (DCD - SCD + CPR)
    Destination Clock Delay (DCD):    5.446ns = ( 13.446 - 8.000 ) 
    Source Clock Delay      (SCD):    5.934ns
    Clock Pessimism Removal (CPR):    0.423ns
  Clock Uncertainty:      0.035ns  ((TSJ^2 + TIJ^2)^1/2 + DJ) / 2 + PE
    Total System Jitter     (TSJ):    0.071ns
    Total Input Jitter      (TIJ):    0.000ns
    Discrete Jitter          (DJ):    0.000ns
    Phase Error              (PE):    0.000ns

    Location             Delay type                Incr(ns)  Path(ns)    Netlist Resource(s)
  -------------------------------------------------------------------    -------------------
                         (clock clk rise edge)        0.000     0.000 r  
    H16                                               0.000     0.000 r  i_clk (IN)
                         net (fo=0)                   0.000     0.000    i_clk
    H16                  IBUF (Prop_ibuf_I_O)         1.451     1.451 r  i_clk_IBUF_inst/O
                         net (fo=1, routed)           2.522     3.973    i_clk_IBUF
    BUFGCTRL_X0Y16       BUFG (Prop_bufg_I_O)         0.101     4.074 r  i_clk_IBUF_BUFG_inst/O
                         net (fo=36, routed)          1.860     5.934    cdiv/CLK
    SLICE_X109Y88        FDRE                                         r  cdiv/counter_reg[6]/C
  -------------------------------------------------------------------    -------------------
    SLICE_X109Y88        FDRE (Prop_fdre_C_Q)         0.419     6.353 r  cdiv/counter_reg[6]/Q
                         net (fo=2, routed)           1.015     7.367    cdiv/sel0[6]
    SLICE_X110Y88        LUT4 (Prop_lut4_I1_O)        0.299     7.666 r  cdiv/counter[25]_i_5/O
                         net (fo=1, routed)           0.581     8.247    cdiv/counter[25]_i_5_n_0
    SLICE_X110Y90        LUT6 (Prop_lut6_I2_O)        0.124     8.371 r  cdiv/counter[25]_i_2/O
                         net (fo=27, routed)          0.926     9.297    cdiv/counter[25]_i_2_n_0
    SLICE_X110Y87        LUT2 (Prop_lut2_I0_O)        0.124     9.421 r  cdiv/counter[1]_i_1/O
                         net (fo=1, routed)           0.000     9.421    cdiv/counter[1]
    SLICE_X110Y87        FDRE                                         r  cdiv/counter_reg[1]/D
  -------------------------------------------------------------------    -------------------

                         (clock clk rise edge)        8.000     8.000 r  
    H16                                               0.000     8.000 r  i_clk (IN)
                         net (fo=0)                   0.000     8.000    i_clk
    H16                  IBUF (Prop_ibuf_I_O)         1.380     9.380 r  i_clk_IBUF_inst/O
                         net (fo=1, routed)           2.293    11.673    i_clk_IBUF
    BUFGCTRL_X0Y16       BUFG (Prop_bufg_I_O)         0.091    11.764 r  i_clk_IBUF_BUFG_inst/O
                         net (fo=36, routed)          1.682    13.446    cdiv/CLK
    SLICE_X110Y87        FDRE                                         r  cdiv/counter_reg[1]/C
                         clock pessimism              0.423    13.870    
                         clock uncertainty           -0.035    13.834    
    SLICE_X110Y87        FDRE (Setup_fdre_C_D)        0.029    13.863    cdiv/counter_reg[1]
  -------------------------------------------------------------------
                         required time                         13.863    
                         arrival time                          -9.421    
  -------------------------------------------------------------------
                         slack                                  4.442    

Slack (MET) :             4.446ns  (required time - arrival time)
  Source:                 cdiv/counter_reg[18]/C
                            (rising edge-triggered cell FDRE clocked by clk  {rise@0.000ns fall@4.000ns period=8.000ns})
  Destination:            cdiv/counter_reg[7]/D
                            (rising edge-triggered cell FDRE clocked by clk  {rise@0.000ns fall@4.000ns period=8.000ns})
  Path Group:             clk
  Path Type:              Setup (Max at Slow Process Corner)
  Requirement:            8.000ns  (clk rise@8.000ns - clk rise@0.000ns)
  Data Path Delay:        3.481ns  (logic 1.021ns (29.330%)  route 2.460ns (70.670%))
  Logic Levels:           3  (LUT2=1 LUT4=1 LUT6=1)
  Clock Path Skew:        -0.069ns (DCD - SCD + CPR)
    Destination Clock Delay (DCD):    5.444ns = ( 13.444 - 8.000 ) 
    Source Clock Delay      (SCD):    5.937ns
    Clock Pessimism Removal (CPR):    0.423ns
  Clock Uncertainty:      0.035ns  ((TSJ^2 + TIJ^2)^1/2 + DJ) / 2 + PE
    Total System Jitter     (TSJ):    0.071ns
    Total Input Jitter      (TIJ):    0.000ns
    Discrete Jitter          (DJ):    0.000ns
    Phase Error              (PE):    0.000ns

    Location             Delay type                Incr(ns)  Path(ns)    Netlist Resource(s)
  -------------------------------------------------------------------    -------------------
                         (clock clk rise edge)        0.000     0.000 r  
    H16                                               0.000     0.000 r  i_clk (IN)
                         net (fo=0)                   0.000     0.000    i_clk
    H16                  IBUF (Prop_ibuf_I_O)         1.451     1.451 r  i_clk_IBUF_inst/O
                         net (fo=1, routed)           2.522     3.973    i_clk_IBUF
    BUFGCTRL_X0Y16       BUFG (Prop_bufg_I_O)         0.101     4.074 r  i_clk_IBUF_BUFG_inst/O
                         net (fo=36, routed)          1.863     5.937    cdiv/CLK
    SLICE_X112Y90        FDRE                                         r  cdiv/counter_reg[18]/C
  -------------------------------------------------------------------    -------------------
    SLICE_X112Y90        FDRE (Prop_fdre_C_Q)         0.478     6.415 r  cdiv/counter_reg[18]/Q
                         net (fo=2, routed)           0.603     7.017    cdiv/sel0[18]
    SLICE_X110Y91        LUT4 (Prop_lut4_I1_O)        0.295     7.312 r  cdiv/counter[25]_i_4/O
                         net (fo=1, routed)           0.953     8.265    cdiv/counter[25]_i_4_n_0
    SLICE_X110Y90        LUT6 (Prop_lut6_I1_O)        0.124     8.389 r  cdiv/counter[25]_i_2/O
                         net (fo=27, routed)          0.905     9.294    cdiv/counter[25]_i_2_n_0
    SLICE_X109Y88        LUT2 (Prop_lut2_I0_O)        0.124     9.418 r  cdiv/counter[7]_i_1/O
                         net (fo=1, routed)           0.000     9.418    cdiv/counter[7]
    SLICE_X109Y88        FDRE                                         r  cdiv/counter_reg[7]/D
  -------------------------------------------------------------------    -------------------

                         (clock clk rise edge)        8.000     8.000 r  
    H16                                               0.000     8.000 r  i_clk (IN)
                         net (fo=0)                   0.000     8.000    i_clk
    H16                  IBUF (Prop_ibuf_I_O)         1.380     9.380 r  i_clk_IBUF_inst/O
                         net (fo=1, routed)           2.293    11.673    i_clk_IBUF
    BUFGCTRL_X0Y16       BUFG (Prop_bufg_I_O)         0.091    11.764 r  i_clk_IBUF_BUFG_inst/O
                         net (fo=36, routed)          1.680    13.444    cdiv/CLK
    SLICE_X109Y88        FDRE                                         r  cdiv/counter_reg[7]/C
                         clock pessimism              0.423    13.868    
                         clock uncertainty           -0.035    13.832    
    SLICE_X109Y88        FDRE (Setup_fdre_C_D)        0.031    13.863    cdiv/counter_reg[7]
  -------------------------------------------------------------------
                         required time                         13.863    
                         arrival time                          -9.418    
  -------------------------------------------------------------------
                         slack                                  4.446    

Slack (MET) :             4.455ns  (required time - arrival time)
  Source:                 cdiv/counter_reg[6]/C
                            (rising edge-triggered cell FDRE clocked by clk  {rise@0.000ns fall@4.000ns period=8.000ns})
  Destination:            cdiv/counter_reg[2]/D
                            (rising edge-triggered cell FDRE clocked by clk  {rise@0.000ns fall@4.000ns period=8.000ns})
  Path Group:             clk
  Path Type:              Setup (Max at Slow Process Corner)
  Requirement:            8.000ns  (clk rise@8.000ns - clk rise@0.000ns)
  Data Path Delay:        3.476ns  (logic 0.966ns (27.788%)  route 2.510ns (72.212%))
  Logic Levels:           3  (LUT2=1 LUT4=1 LUT6=1)
  Clock Path Skew:        -0.064ns (DCD - SCD + CPR)
    Destination Clock Delay (DCD):    5.446ns = ( 13.446 - 8.000 ) 
    Source Clock Delay      (SCD):    5.934ns
    Clock Pessimism Removal (CPR):    0.423ns
  Clock Uncertainty:      0.035ns  ((TSJ^2 + TIJ^2)^1/2 + DJ) / 2 + PE
    Total System Jitter     (TSJ):    0.071ns
    Total Input Jitter      (TIJ):    0.000ns
    Discrete Jitter          (DJ):    0.000ns
    Phase Error              (PE):    0.000ns

    Location             Delay type                Incr(ns)  Path(ns)    Netlist Resource(s)
  -------------------------------------------------------------------    -------------------
                         (clock clk rise edge)        0.000     0.000 r  
    H16                                               0.000     0.000 r  i_clk (IN)
                         net (fo=0)                   0.000     0.000    i_clk
    H16                  IBUF (Prop_ibuf_I_O)         1.451     1.451 r  i_clk_IBUF_inst/O
                         net (fo=1, routed)           2.522     3.973    i_clk_IBUF
    BUFGCTRL_X0Y16       BUFG (Prop_bufg_I_O)         0.101     4.074 r  i_clk_IBUF_BUFG_inst/O
                         net (fo=36, routed)          1.860     5.934    cdiv/CLK
    SLICE_X109Y88        FDRE                                         r  cdiv/counter_reg[6]/C
  -------------------------------------------------------------------    -------------------
    SLICE_X109Y88        FDRE (Prop_fdre_C_Q)         0.419     6.353 r  cdiv/counter_reg[6]/Q
                         net (fo=2, routed)           1.015     7.367    cdiv/sel0[6]
    SLICE_X110Y88        LUT4 (Prop_lut4_I1_O)        0.299     7.666 r  cdiv/counter[25]_i_5/O
                         net (fo=1, routed)           0.581     8.247    cdiv/counter[25]_i_5_n_0
    SLICE_X110Y90        LUT6 (Prop_lut6_I2_O)        0.124     8.371 r  cdiv/counter[25]_i_2/O
                         net (fo=27, routed)          0.915     9.286    cdiv/counter[25]_i_2_n_0
    SLICE_X110Y87        LUT2 (Prop_lut2_I0_O)        0.124     9.410 r  cdiv/counter[2]_i_1/O
                         net (fo=1, routed)           0.000     9.410    cdiv/counter[2]
    SLICE_X110Y87        FDRE                                         r  cdiv/counter_reg[2]/D
  -------------------------------------------------------------------    -------------------

                         (clock clk rise edge)        8.000     8.000 r  
    H16                                               0.000     8.000 r  i_clk (IN)
                         net (fo=0)                   0.000     8.000    i_clk
    H16                  IBUF (Prop_ibuf_I_O)         1.380     9.380 r  i_clk_IBUF_inst/O
                         net (fo=1, routed)           2.293    11.673    i_clk_IBUF
    BUFGCTRL_X0Y16       BUFG (Prop_bufg_I_O)         0.091    11.764 r  i_clk_IBUF_BUFG_inst/O
                         net (fo=36, routed)          1.682    13.446    cdiv/CLK
    SLICE_X110Y87        FDRE                                         r  cdiv/counter_reg[2]/C
                         clock pessimism              0.423    13.870    
                         clock uncertainty           -0.035    13.834    
    SLICE_X110Y87        FDRE (Setup_fdre_C_D)        0.031    13.865    cdiv/counter_reg[2]
  -------------------------------------------------------------------
                         required time                         13.865    
                         arrival time                          -9.410    
  -------------------------------------------------------------------
                         slack                                  4.455    





Min Delay Paths
--------------------------------------------------------------------------------------
Slack (MET) :             0.224ns  (arrival time - required time)
  Source:                 uut/FSM_sequential_state_reg[1]/C
                            (rising edge-triggered cell FDCE clocked by clk  {rise@0.000ns fall@4.000ns period=8.000ns})
  Destination:            uut/FSM_sequential_state_reg[2]/D
                            (rising edge-triggered cell FDCE clocked by clk  {rise@0.000ns fall@4.000ns period=8.000ns})
  Path Group:             clk
  Path Type:              Hold (Min at Fast Process Corner)
  Requirement:            0.000ns  (clk rise@0.000ns - clk rise@0.000ns)
  Data Path Delay:        0.360ns  (logic 0.186ns (51.731%)  route 0.174ns (48.269%))
  Logic Levels:           1  (LUT6=1)
  Clock Path Skew:        0.016ns (DCD - SCD - CPR)
    Destination Clock Delay (DCD):    2.248ns
    Source Clock Delay      (SCD):    1.720ns
    Clock Pessimism Removal (CPR):    0.512ns

    Location             Delay type                Incr(ns)  Path(ns)    Netlist Resource(s)
  -------------------------------------------------------------------    -------------------
                         (clock clk rise edge)        0.000     0.000 r  
    H16                                               0.000     0.000 r  i_clk (IN)
                         net (fo=0)                   0.000     0.000    i_clk
    H16                  IBUF (Prop_ibuf_I_O)         0.219     0.219 r  i_clk_IBUF_inst/O
                         net (fo=1, routed)           0.842     1.060    i_clk_IBUF
    BUFGCTRL_X0Y16       BUFG (Prop_bufg_I_O)         0.026     1.086 r  i_clk_IBUF_BUFG_inst/O
                         net (fo=36, routed)          0.634     1.720    uut/CLK
    SLICE_X111Y89        FDCE                                         r  uut/FSM_sequential_state_reg[1]/C
  -------------------------------------------------------------------    -------------------
    SLICE_X111Y89        FDCE (Prop_fdce_C_Q)         0.141     1.861 r  uut/FSM_sequential_state_reg[1]/Q
                         net (fo=9, routed)           0.174     2.035    uut/state[1]
    SLICE_X112Y89        LUT6 (Prop_lut6_I3_O)        0.045     2.080 r  uut/FSM_sequential_state[2]_i_1/O
                         net (fo=1, routed)           0.000     2.080    uut/FSM_sequential_state[2]_i_1_n_0
    SLICE_X112Y89        FDCE                                         r  uut/FSM_sequential_state_reg[2]/D
  -------------------------------------------------------------------    -------------------

                         (clock clk rise edge)        0.000     0.000 r  
    H16                                               0.000     0.000 r  i_clk (IN)
                         net (fo=0)                   0.000     0.000    i_clk
    H16                  IBUF (Prop_ibuf_I_O)         0.406     0.406 r  i_clk_IBUF_inst/O
                         net (fo=1, routed)           0.907     1.313    i_clk_IBUF
    BUFGCTRL_X0Y16       BUFG (Prop_bufg_I_O)         0.029     1.342 r  i_clk_IBUF_BUFG_inst/O
                         net (fo=36, routed)          0.906     2.248    uut/CLK
    SLICE_X112Y89        FDCE                                         r  uut/FSM_sequential_state_reg[2]/C
                         clock pessimism             -0.512     1.736    
    SLICE_X112Y89        FDCE (Hold_fdce_C_D)         0.120     1.856    uut/FSM_sequential_state_reg[2]
  -------------------------------------------------------------------
                         required time                         -1.856    
                         arrival time                           2.080    
  -------------------------------------------------------------------
                         slack                                  0.224    

Slack (MET) :             0.234ns  (arrival time - required time)
  Source:                 uut/FSM_sequential_state_reg[2]/C
                            (rising edge-triggered cell FDCE clocked by clk  {rise@0.000ns fall@4.000ns period=8.000ns})
  Destination:            uut/o_lockout_reg/D
                            (rising edge-triggered cell FDCE clocked by clk  {rise@0.000ns fall@4.000ns period=8.000ns})
  Path Group:             clk
  Path Type:              Hold (Min at Fast Process Corner)
  Requirement:            0.000ns  (clk rise@0.000ns - clk rise@0.000ns)
  Data Path Delay:        0.338ns  (logic 0.209ns (61.911%)  route 0.129ns (38.089%))
  Logic Levels:           1  (LUT3=1)
  Clock Path Skew:        0.013ns (DCD - SCD - CPR)
    Destination Clock Delay (DCD):    2.248ns
    Source Clock Delay      (SCD):    1.720ns
    Clock Pessimism Removal (CPR):    0.515ns

    Location             Delay type                Incr(ns)  Path(ns)    Netlist Resource(s)
  -------------------------------------------------------------------    -------------------
                         (clock clk rise edge)        0.000     0.000 r  
    H16                                               0.000     0.000 r  i_clk (IN)
                         net (fo=0)                   0.000     0.000    i_clk
    H16                  IBUF (Prop_ibuf_I_O)         0.219     0.219 r  i_clk_IBUF_inst/O
                         net (fo=1, routed)           0.842     1.060    i_clk_IBUF
    BUFGCTRL_X0Y16       BUFG (Prop_bufg_I_O)         0.026     1.086 r  i_clk_IBUF_BUFG_inst/O
                         net (fo=36, routed)          0.634     1.720    uut/CLK
    SLICE_X112Y89        FDCE                                         r  uut/FSM_sequential_state_reg[2]/C
  -------------------------------------------------------------------    -------------------
    SLICE_X112Y89        FDCE (Prop_fdce_C_Q)         0.164     1.884 f  uut/FSM_sequential_state_reg[2]/Q
                         net (fo=10, routed)          0.129     2.013    uut/state[2]
    SLICE_X113Y89        LUT3 (Prop_lut3_I0_O)        0.045     2.058 r  uut/o_lockout_i_2/O
                         net (fo=1, routed)           0.000     2.058    uut/o_lockout_i_2_n_0
    SLICE_X113Y89        FDCE                                         r  uut/o_lockout_reg/D
  -------------------------------------------------------------------    -------------------

                         (clock clk rise edge)        0.000     0.000 r  
    H16                                               0.000     0.000 r  i_clk (IN)
                         net (fo=0)                   0.000     0.000    i_clk
    H16                  IBUF (Prop_ibuf_I_O)         0.406     0.406 r  i_clk_IBUF_inst/O
                         net (fo=1, routed)           0.907     1.313    i_clk_IBUF
    BUFGCTRL_X0Y16       BUFG (Prop_bufg_I_O)         0.029     1.342 r  i_clk_IBUF_BUFG_inst/O
                         net (fo=36, routed)          0.906     2.248    uut/CLK
    SLICE_X113Y89        FDCE                                         r  uut/o_lockout_reg/C
                         clock pessimism             -0.515     1.733    
    SLICE_X113Y89        FDCE (Hold_fdce_C_D)         0.091     1.824    uut/o_lockout_reg
  -------------------------------------------------------------------
                         required time                         -1.824    
                         arrival time                           2.058    
  -------------------------------------------------------------------
                         slack                                  0.234    

Slack (MET) :             0.280ns  (arrival time - required time)
  Source:                 uut/attempt_count_reg[1]/C
                            (rising edge-triggered cell FDCE clocked by clk  {rise@0.000ns fall@4.000ns period=8.000ns})
  Destination:            uut/attempt_count_reg[1]/D
                            (rising edge-triggered cell FDCE clocked by clk  {rise@0.000ns fall@4.000ns period=8.000ns})
  Path Group:             clk
  Path Type:              Hold (Min at Fast Process Corner)
  Requirement:            0.000ns  (clk rise@0.000ns - clk rise@0.000ns)
  Data Path Delay:        0.371ns  (logic 0.186ns (50.171%)  route 0.185ns (49.829%))
  Logic Levels:           1  (LUT6=1)
  Clock Path Skew:        0.000ns (DCD - SCD - CPR)
    Destination Clock Delay (DCD):    2.248ns
    Source Clock Delay      (SCD):    1.720ns
    Clock Pessimism Removal (CPR):    0.528ns

    Location             Delay type                Incr(ns)  Path(ns)    Netlist Resource(s)
  -------------------------------------------------------------------    -------------------
                         (clock clk rise edge)        0.000     0.000 r  
    H16                                               0.000     0.000 r  i_clk (IN)
                         net (fo=0)                   0.000     0.000    i_clk
    H16                  IBUF (Prop_ibuf_I_O)         0.219     0.219 r  i_clk_IBUF_inst/O
                         net (fo=1, routed)           0.842     1.060    i_clk_IBUF
    BUFGCTRL_X0Y16       BUFG (Prop_bufg_I_O)         0.026     1.086 r  i_clk_IBUF_BUFG_inst/O
                         net (fo=36, routed)          0.634     1.720    uut/CLK
    SLICE_X110Y88        FDCE                                         r  uut/attempt_count_reg[1]/C
  -------------------------------------------------------------------    -------------------
    SLICE_X110Y88        FDCE (Prop_fdce_C_Q)         0.141     1.861 r  uut/attempt_count_reg[1]/Q
                         net (fo=2, routed)           0.185     2.046    uut/attempt_count_reg_n_0_[1]
    SLICE_X110Y88        LUT6 (Prop_lut6_I5_O)        0.045     2.091 r  uut/attempt_count[1]_i_1/O
                         net (fo=1, routed)           0.000     2.091    uut/attempt_count[1]_i_1_n_0
    SLICE_X110Y88        FDCE                                         r  uut/attempt_count_reg[1]/D
  -------------------------------------------------------------------    -------------------

                         (clock clk rise edge)        0.000     0.000 r  
    H16                                               0.000     0.000 r  i_clk (IN)
                         net (fo=0)                   0.000     0.000    i_clk
    H16                  IBUF (Prop_ibuf_I_O)         0.406     0.406 r  i_clk_IBUF_inst/O
                         net (fo=1, routed)           0.907     1.313    i_clk_IBUF
    BUFGCTRL_X0Y16       BUFG (Prop_bufg_I_O)         0.029     1.342 r  i_clk_IBUF_BUFG_inst/O
                         net (fo=36, routed)          0.906     2.248    uut/CLK
    SLICE_X110Y88        FDCE                                         r  uut/attempt_count_reg[1]/C
                         clock pessimism             -0.528     1.720    
    SLICE_X110Y88        FDCE (Hold_fdce_C_D)         0.091     1.811    uut/attempt_count_reg[1]
  -------------------------------------------------------------------
                         required time                         -1.811    
                         arrival time                           2.091    
  -------------------------------------------------------------------
                         slack                                  0.280    

Slack (MET) :             0.281ns  (arrival time - required time)
  Source:                 uut/FSM_sequential_state_reg[2]/C
                            (rising edge-triggered cell FDCE clocked by clk  {rise@0.000ns fall@4.000ns period=8.000ns})
  Destination:            uut/o_pwd_valid_reg/D
                            (rising edge-triggered cell FDCE clocked by clk  {rise@0.000ns fall@4.000ns period=8.000ns})
  Path Group:             clk
  Path Type:              Hold (Min at Fast Process Corner)
  Requirement:            0.000ns  (clk rise@0.000ns - clk rise@0.000ns)
  Data Path Delay:        0.405ns  (logic 0.212ns (52.282%)  route 0.193ns (47.718%))
  Logic Levels:           1  (LUT4=1)
  Clock Path Skew:        0.017ns (DCD - SCD - CPR)
    Destination Clock Delay (DCD):    2.249ns
    Source Clock Delay      (SCD):    1.720ns
    Clock Pessimism Removal (CPR):    0.512ns

    Location             Delay type                Incr(ns)  Path(ns)    Netlist Resource(s)
  -------------------------------------------------------------------    -------------------
                         (clock clk rise edge)        0.000     0.000 r  
    H16                                               0.000     0.000 r  i_clk (IN)
                         net (fo=0)                   0.000     0.000    i_clk
    H16                  IBUF (Prop_ibuf_I_O)         0.219     0.219 r  i_clk_IBUF_inst/O
                         net (fo=1, routed)           0.842     1.060    i_clk_IBUF
    BUFGCTRL_X0Y16       BUFG (Prop_bufg_I_O)         0.026     1.086 r  i_clk_IBUF_BUFG_inst/O
                         net (fo=36, routed)          0.634     1.720    uut/CLK
    SLICE_X112Y89        FDCE                                         r  uut/FSM_sequential_state_reg[2]/C
  -------------------------------------------------------------------    -------------------
    SLICE_X112Y89        FDCE (Prop_fdce_C_Q)         0.164     1.884 f  uut/FSM_sequential_state_reg[2]/Q
                         net (fo=10, routed)          0.193     2.078    uut/state[2]
    SLICE_X113Y90        LUT4 (Prop_lut4_I1_O)        0.048     2.126 r  uut/o_pwd_valid_i_1/O
                         net (fo=1, routed)           0.000     2.126    uut/o_pwd_valid_i_1_n_0
    SLICE_X113Y90        FDCE                                         r  uut/o_pwd_valid_reg/D
  -------------------------------------------------------------------    -------------------

                         (clock clk rise edge)        0.000     0.000 r  
    H16                                               0.000     0.000 r  i_clk (IN)
                         net (fo=0)                   0.000     0.000    i_clk
    H16                  IBUF (Prop_ibuf_I_O)         0.406     0.406 r  i_clk_IBUF_inst/O
                         net (fo=1, routed)           0.907     1.313    i_clk_IBUF
    BUFGCTRL_X0Y16       BUFG (Prop_bufg_I_O)         0.029     1.342 r  i_clk_IBUF_BUFG_inst/O
                         net (fo=36, routed)          0.907     2.249    uut/CLK
    SLICE_X113Y90        FDCE                                         r  uut/o_pwd_valid_reg/C
                         clock pessimism             -0.512     1.737    
    SLICE_X113Y90        FDCE (Hold_fdce_C_D)         0.107     1.844    uut/o_pwd_valid_reg
  -------------------------------------------------------------------
                         required time                         -1.844    
                         arrival time                           2.126    
  -------------------------------------------------------------------
                         slack                                  0.281    

Slack (MET) :             0.294ns  (arrival time - required time)
  Source:                 uut/FSM_sequential_state_reg[2]/C
                            (rising edge-triggered cell FDCE clocked by clk  {rise@0.000ns fall@4.000ns period=8.000ns})
  Destination:            uut/o_pwd_invalid_reg/D
                            (rising edge-triggered cell FDCE clocked by clk  {rise@0.000ns fall@4.000ns period=8.000ns})
  Path Group:             clk
  Path Type:              Hold (Min at Fast Process Corner)
  Requirement:            0.000ns  (clk rise@0.000ns - clk rise@0.000ns)
  Data Path Delay:        0.402ns  (logic 0.209ns (51.926%)  route 0.193ns (48.074%))
  Logic Levels:           1  (LUT4=1)
  Clock Path Skew:        0.017ns (DCD - SCD - CPR)
    Destination Clock Delay (DCD):    2.249ns
    Source Clock Delay      (SCD):    1.720ns
    Clock Pessimism Removal (CPR):    0.512ns

    Location             Delay type                Incr(ns)  Path(ns)    Netlist Resource(s)
  -------------------------------------------------------------------    -------------------
                         (clock clk rise edge)        0.000     0.000 r  
    H16                                               0.000     0.000 r  i_clk (IN)
                         net (fo=0)                   0.000     0.000    i_clk
    H16                  IBUF (Prop_ibuf_I_O)         0.219     0.219 r  i_clk_IBUF_inst/O
                         net (fo=1, routed)           0.842     1.060    i_clk_IBUF
    BUFGCTRL_X0Y16       BUFG (Prop_bufg_I_O)         0.026     1.086 r  i_clk_IBUF_BUFG_inst/O
                         net (fo=36, routed)          0.634     1.720    uut/CLK
    SLICE_X112Y89        FDCE                                         r  uut/FSM_sequential_state_reg[2]/C
  -------------------------------------------------------------------    -------------------
    SLICE_X112Y89        FDCE (Prop_fdce_C_Q)         0.164     1.884 r  uut/FSM_sequential_state_reg[2]/Q
                         net (fo=10, routed)          0.193     2.078    uut/state[2]
    SLICE_X113Y90        LUT4 (Prop_lut4_I3_O)        0.045     2.123 r  uut/o_pwd_invalid_i_1/O
                         net (fo=1, routed)           0.000     2.123    uut/o_pwd_invalid_i_1_n_0
    SLICE_X113Y90        FDCE                                         r  uut/o_pwd_invalid_reg/D
  -------------------------------------------------------------------    -------------------

                         (clock clk rise edge)        0.000     0.000 r  
    H16                                               0.000     0.000 r  i_clk (IN)
                         net (fo=0)                   0.000     0.000    i_clk
    H16                  IBUF (Prop_ibuf_I_O)         0.406     0.406 r  i_clk_IBUF_inst/O
                         net (fo=1, routed)           0.907     1.313    i_clk_IBUF
    BUFGCTRL_X0Y16       BUFG (Prop_bufg_I_O)         0.029     1.342 r  i_clk_IBUF_BUFG_inst/O
                         net (fo=36, routed)          0.907     2.249    uut/CLK
    SLICE_X113Y90        FDCE                                         r  uut/o_pwd_invalid_reg/C
                         clock pessimism             -0.512     1.737    
    SLICE_X113Y90        FDCE (Hold_fdce_C_D)         0.091     1.828    uut/o_pwd_invalid_reg
  -------------------------------------------------------------------
                         required time                         -1.828    
                         arrival time                           2.123    
  -------------------------------------------------------------------
                         slack                                  0.294    

Slack (MET) :             0.342ns  (arrival time - required time)
  Source:                 uut/attempt_count_reg[0]/C
                            (rising edge-triggered cell FDCE clocked by clk  {rise@0.000ns fall@4.000ns period=8.000ns})
  Destination:            uut/attempt_count_reg[0]/D
                            (rising edge-triggered cell FDCE clocked by clk  {rise@0.000ns fall@4.000ns period=8.000ns})
  Path Group:             clk
  Path Type:              Hold (Min at Fast Process Corner)
  Requirement:            0.000ns  (clk rise@0.000ns - clk rise@0.000ns)
  Data Path Delay:        0.434ns  (logic 0.186ns (42.871%)  route 0.248ns (57.129%))
  Logic Levels:           1  (LUT5=1)
  Clock Path Skew:        0.000ns (DCD - SCD - CPR)
    Destination Clock Delay (DCD):    2.248ns
    Source Clock Delay      (SCD):    1.720ns
    Clock Pessimism Removal (CPR):    0.528ns

    Location             Delay type                Incr(ns)  Path(ns)    Netlist Resource(s)
  -------------------------------------------------------------------    -------------------
                         (clock clk rise edge)        0.000     0.000 r  
    H16                                               0.000     0.000 r  i_clk (IN)
                         net (fo=0)                   0.000     0.000    i_clk
    H16                  IBUF (Prop_ibuf_I_O)         0.219     0.219 r  i_clk_IBUF_inst/O
                         net (fo=1, routed)           0.842     1.060    i_clk_IBUF
    BUFGCTRL_X0Y16       BUFG (Prop_bufg_I_O)         0.026     1.086 r  i_clk_IBUF_BUFG_inst/O
                         net (fo=36, routed)          0.634     1.720    uut/CLK
    SLICE_X110Y88        FDCE                                         r  uut/attempt_count_reg[0]/C
  -------------------------------------------------------------------    -------------------
    SLICE_X110Y88        FDCE (Prop_fdce_C_Q)         0.141     1.861 r  uut/attempt_count_reg[0]/Q
                         net (fo=3, routed)           0.248     2.109    uut/attempt_count_reg_n_0_[0]
    SLICE_X110Y88        LUT5 (Prop_lut5_I4_O)        0.045     2.154 r  uut/attempt_count[0]_i_1/O
                         net (fo=1, routed)           0.000     2.154    uut/attempt_count[0]_i_1_n_0
    SLICE_X110Y88        FDCE                                         r  uut/attempt_count_reg[0]/D
  -------------------------------------------------------------------    -------------------

                         (clock clk rise edge)        0.000     0.000 r  
    H16                                               0.000     0.000 r  i_clk (IN)
                         net (fo=0)                   0.000     0.000    i_clk
    H16                  IBUF (Prop_ibuf_I_O)         0.406     0.406 r  i_clk_IBUF_inst/O
                         net (fo=1, routed)           0.907     1.313    i_clk_IBUF
    BUFGCTRL_X0Y16       BUFG (Prop_bufg_I_O)         0.029     1.342 r  i_clk_IBUF_BUFG_inst/O
                         net (fo=36, routed)          0.906     2.248    uut/CLK
    SLICE_X110Y88        FDCE                                         r  uut/attempt_count_reg[0]/C
                         clock pessimism             -0.528     1.720    
    SLICE_X110Y88        FDCE (Hold_fdce_C_D)         0.092     1.812    uut/attempt_count_reg[0]
  -------------------------------------------------------------------
                         required time                         -1.812    
                         arrival time                           2.154    
  -------------------------------------------------------------------
                         slack                                  0.342    

Slack (MET) :             0.349ns  (arrival time - required time)
  Source:                 cdiv/counter_reg[0]/C
                            (rising edge-triggered cell FDRE clocked by clk  {rise@0.000ns fall@4.000ns period=8.000ns})
  Destination:            cdiv/counter_reg[0]/D
                            (rising edge-triggered cell FDRE clocked by clk  {rise@0.000ns fall@4.000ns period=8.000ns})
  Path Group:             clk
  Path Type:              Hold (Min at Fast Process Corner)
  Requirement:            0.000ns  (clk rise@0.000ns - clk rise@0.000ns)
  Data Path Delay:        0.441ns  (logic 0.186ns (42.209%)  route 0.255ns (57.791%))
  Logic Levels:           1  (LUT1=1)
  Clock Path Skew:        0.000ns (DCD - SCD - CPR)
    Destination Clock Delay (DCD):    2.246ns
    Source Clock Delay      (SCD):    1.719ns
    Clock Pessimism Removal (CPR):    0.527ns

    Location             Delay type                Incr(ns)  Path(ns)    Netlist Resource(s)
  -------------------------------------------------------------------    -------------------
                         (clock clk rise edge)        0.000     0.000 r  
    H16                                               0.000     0.000 r  i_clk (IN)
                         net (fo=0)                   0.000     0.000    i_clk
    H16                  IBUF (Prop_ibuf_I_O)         0.219     0.219 r  i_clk_IBUF_inst/O
                         net (fo=1, routed)           0.842     1.060    i_clk_IBUF
    BUFGCTRL_X0Y16       BUFG (Prop_bufg_I_O)         0.026     1.086 r  i_clk_IBUF_BUFG_inst/O
                         net (fo=36, routed)          0.633     1.719    cdiv/CLK
    SLICE_X110Y87        FDRE                                         r  cdiv/counter_reg[0]/C
  -------------------------------------------------------------------    -------------------
    SLICE_X110Y87        FDRE (Prop_fdre_C_Q)         0.141     1.860 f  cdiv/counter_reg[0]/Q
                         net (fo=3, routed)           0.255     2.115    cdiv/sel0[0]
    SLICE_X110Y87        LUT1 (Prop_lut1_I0_O)        0.045     2.160 r  cdiv/counter[0]_i_1/O
                         net (fo=1, routed)           0.000     2.160    cdiv/counter[0]
    SLICE_X110Y87        FDRE                                         r  cdiv/counter_reg[0]/D
  -------------------------------------------------------------------    -------------------

                         (clock clk rise edge)        0.000     0.000 r  
    H16                                               0.000     0.000 r  i_clk (IN)
                         net (fo=0)                   0.000     0.000    i_clk
    H16                  IBUF (Prop_ibuf_I_O)         0.406     0.406 r  i_clk_IBUF_inst/O
                         net (fo=1, routed)           0.907     1.313    i_clk_IBUF
    BUFGCTRL_X0Y16       BUFG (Prop_bufg_I_O)         0.029     1.342 r  i_clk_IBUF_BUFG_inst/O
                         net (fo=36, routed)          0.904     2.246    cdiv/CLK
    SLICE_X110Y87        FDRE                                         r  cdiv/counter_reg[0]/C
                         clock pessimism             -0.527     1.719    
    SLICE_X110Y87        FDRE (Hold_fdre_C_D)         0.092     1.811    cdiv/counter_reg[0]
  -------------------------------------------------------------------
                         required time                         -1.811    
                         arrival time                           2.160    
  -------------------------------------------------------------------
                         slack                                  0.349    

Slack (MET) :             0.415ns  (arrival time - required time)
  Source:                 uut/FSM_sequential_state_reg[0]/C
                            (rising edge-triggered cell FDCE clocked by clk  {rise@0.000ns fall@4.000ns period=8.000ns})
  Destination:            uut/o_lockout_reg/CE
                            (rising edge-triggered cell FDCE clocked by clk  {rise@0.000ns fall@4.000ns period=8.000ns})
  Path Group:             clk
  Path Type:              Hold (Min at Fast Process Corner)
  Requirement:            0.000ns  (clk rise@0.000ns - clk rise@0.000ns)
  Data Path Delay:        0.392ns  (logic 0.186ns (47.440%)  route 0.206ns (52.560%))
  Logic Levels:           1  (LUT6=1)
  Clock Path Skew:        0.016ns (DCD - SCD - CPR)
    Destination Clock Delay (DCD):    2.248ns
    Source Clock Delay      (SCD):    1.720ns
    Clock Pessimism Removal (CPR):    0.512ns

    Location             Delay type                Incr(ns)  Path(ns)    Netlist Resource(s)
  -------------------------------------------------------------------    -------------------
                         (clock clk rise edge)        0.000     0.000 r  
    H16                                               0.000     0.000 r  i_clk (IN)
                         net (fo=0)                   0.000     0.000    i_clk
    H16                  IBUF (Prop_ibuf_I_O)         0.219     0.219 r  i_clk_IBUF_inst/O
                         net (fo=1, routed)           0.842     1.060    i_clk_IBUF
    BUFGCTRL_X0Y16       BUFG (Prop_bufg_I_O)         0.026     1.086 r  i_clk_IBUF_BUFG_inst/O
                         net (fo=36, routed)          0.634     1.720    uut/CLK
    SLICE_X111Y89        FDCE                                         r  uut/FSM_sequential_state_reg[0]/C
  -------------------------------------------------------------------    -------------------
    SLICE_X111Y89        FDCE (Prop_fdce_C_Q)         0.141     1.861 r  uut/FSM_sequential_state_reg[0]/Q
                         net (fo=9, routed)           0.150     2.012    uut/state[0]
    SLICE_X112Y89        LUT6 (Prop_lut6_I2_O)        0.045     2.057 r  uut/o_lockout_i_1/O
                         net (fo=1, routed)           0.056     2.112    uut/o_lockout0_out
    SLICE_X113Y89        FDCE                                         r  uut/o_lockout_reg/CE
  -------------------------------------------------------------------    -------------------

                         (clock clk rise edge)        0.000     0.000 r  
    H16                                               0.000     0.000 r  i_clk (IN)
                         net (fo=0)                   0.000     0.000    i_clk
    H16                  IBUF (Prop_ibuf_I_O)         0.406     0.406 r  i_clk_IBUF_inst/O
                         net (fo=1, routed)           0.907     1.313    i_clk_IBUF
    BUFGCTRL_X0Y16       BUFG (Prop_bufg_I_O)         0.029     1.342 r  i_clk_IBUF_BUFG_inst/O
                         net (fo=36, routed)          0.906     2.248    uut/CLK
    SLICE_X113Y89        FDCE                                         r  uut/o_lockout_reg/C
                         clock pessimism             -0.512     1.736    
    SLICE_X113Y89        FDCE (Hold_fdce_C_CE)       -0.039     1.697    uut/o_lockout_reg
  -------------------------------------------------------------------
                         required time                         -1.697    
                         arrival time                           2.112    
  -------------------------------------------------------------------
                         slack                                  0.415    

Slack (MET) :             0.417ns  (arrival time - required time)
  Source:                 cdiv/o_clk_reg/C
                            (rising edge-triggered cell FDRE clocked by clk  {rise@0.000ns fall@4.000ns period=8.000ns})
  Destination:            cdiv/o_clk_reg/D
                            (rising edge-triggered cell FDRE clocked by clk  {rise@0.000ns fall@4.000ns period=8.000ns})
  Path Group:             clk
  Path Type:              Hold (Min at Fast Process Corner)
  Requirement:            0.000ns  (clk rise@0.000ns - clk rise@0.000ns)
  Data Path Delay:        0.524ns  (logic 0.226ns (43.099%)  route 0.298ns (56.901%))
  Logic Levels:           1  (LUT2=1)
  Clock Path Skew:        0.000ns (DCD - SCD - CPR)
    Destination Clock Delay (DCD):    2.246ns
    Source Clock Delay      (SCD):    1.719ns
    Clock Pessimism Removal (CPR):    0.527ns

    Location             Delay type                Incr(ns)  Path(ns)    Netlist Resource(s)
  -------------------------------------------------------------------    -------------------
                         (clock clk rise edge)        0.000     0.000 r  
    H16                                               0.000     0.000 r  i_clk (IN)
                         net (fo=0)                   0.000     0.000    i_clk
    H16                  IBUF (Prop_ibuf_I_O)         0.219     0.219 r  i_clk_IBUF_inst/O
                         net (fo=1, routed)           0.842     1.060    i_clk_IBUF
    BUFGCTRL_X0Y16       BUFG (Prop_bufg_I_O)         0.026     1.086 r  i_clk_IBUF_BUFG_inst/O
                         net (fo=36, routed)          0.633     1.719    cdiv/CLK
    SLICE_X110Y87        FDRE                                         r  cdiv/o_clk_reg/C
  -------------------------------------------------------------------    -------------------
    SLICE_X110Y87        FDRE (Prop_fdre_C_Q)         0.128     1.847 r  cdiv/o_clk_reg/Q
                         net (fo=3, routed)           0.298     2.146    cdiv/o_clk_OBUF
    SLICE_X110Y87        LUT2 (Prop_lut2_I1_O)        0.098     2.244 r  cdiv/o_clk_i_1/O
                         net (fo=1, routed)           0.000     2.244    cdiv/o_clk_i_1_n_0
    SLICE_X110Y87        FDRE                                         r  cdiv/o_clk_reg/D
  -------------------------------------------------------------------    -------------------

                         (clock clk rise edge)        0.000     0.000 r  
    H16                                               0.000     0.000 r  i_clk (IN)
                         net (fo=0)                   0.000     0.000    i_clk
    H16                  IBUF (Prop_ibuf_I_O)         0.406     0.406 r  i_clk_IBUF_inst/O
                         net (fo=1, routed)           0.907     1.313    i_clk_IBUF
    BUFGCTRL_X0Y16       BUFG (Prop_bufg_I_O)         0.029     1.342 r  i_clk_IBUF_BUFG_inst/O
                         net (fo=36, routed)          0.904     2.246    cdiv/CLK
    SLICE_X110Y87        FDRE                                         r  cdiv/o_clk_reg/C
                         clock pessimism             -0.527     1.719    
    SLICE_X110Y87        FDRE (Hold_fdre_C_D)         0.107     1.826    cdiv/o_clk_reg
  -------------------------------------------------------------------
                         required time                         -1.826    
                         arrival time                           2.244    
  -------------------------------------------------------------------
                         slack                                  0.417    

Slack (MET) :             0.419ns  (arrival time - required time)
  Source:                 cdiv/o_en_reg/C
                            (rising edge-triggered cell FDRE clocked by clk  {rise@0.000ns fall@4.000ns period=8.000ns})
  Destination:            uut/o_pwd_invalid_reg/CE
                            (rising edge-triggered cell FDCE clocked by clk  {rise@0.000ns fall@4.000ns period=8.000ns})
  Path Group:             clk
  Path Type:              Hold (Min at Fast Process Corner)
  Requirement:            0.000ns  (clk rise@0.000ns - clk rise@0.000ns)
  Data Path Delay:        0.397ns  (logic 0.141ns (35.548%)  route 0.256ns (64.452%))
  Logic Levels:           0  
  Clock Path Skew:        0.017ns (DCD - SCD - CPR)
    Destination Clock Delay (DCD):    2.249ns
    Source Clock Delay      (SCD):    1.720ns
    Clock Pessimism Removal (CPR):    0.512ns

    Location             Delay type                Incr(ns)  Path(ns)    Netlist Resource(s)
  -------------------------------------------------------------------    -------------------
                         (clock clk rise edge)        0.000     0.000 r  
    H16                                               0.000     0.000 r  i_clk (IN)
                         net (fo=0)                   0.000     0.000    i_clk
    H16                  IBUF (Prop_ibuf_I_O)         0.219     0.219 r  i_clk_IBUF_inst/O
                         net (fo=1, routed)           0.842     1.060    i_clk_IBUF
    BUFGCTRL_X0Y16       BUFG (Prop_bufg_I_O)         0.026     1.086 r  i_clk_IBUF_BUFG_inst/O
                         net (fo=36, routed)          0.634     1.720    cdiv/CLK
    SLICE_X110Y89        FDRE                                         r  cdiv/o_en_reg/C
  -------------------------------------------------------------------    -------------------
    SLICE_X110Y89        FDRE (Prop_fdre_C_Q)         0.141     1.861 r  cdiv/o_en_reg/Q
                         net (fo=7, routed)           0.256     2.117    uut/enable
    SLICE_X113Y90        FDCE                                         r  uut/o_pwd_invalid_reg/CE
  -------------------------------------------------------------------    -------------------

                         (clock clk rise edge)        0.000     0.000 r  
    H16                                               0.000     0.000 r  i_clk (IN)
                         net (fo=0)                   0.000     0.000    i_clk
    H16                  IBUF (Prop_ibuf_I_O)         0.406     0.406 r  i_clk_IBUF_inst/O
                         net (fo=1, routed)           0.907     1.313    i_clk_IBUF
    BUFGCTRL_X0Y16       BUFG (Prop_bufg_I_O)         0.029     1.342 r  i_clk_IBUF_BUFG_inst/O
                         net (fo=36, routed)          0.907     2.249    uut/CLK
    SLICE_X113Y90        FDCE                                         r  uut/o_pwd_invalid_reg/C
                         clock pessimism             -0.512     1.737    
    SLICE_X113Y90        FDCE (Hold_fdce_C_CE)       -0.039     1.698    uut/o_pwd_invalid_reg
  -------------------------------------------------------------------
                         required time                         -1.698    
                         arrival time                           2.117    
  -------------------------------------------------------------------
                         slack                                  0.419    





Pulse Width Checks
--------------------------------------------------------------------------------------
Clock Name:         clk
Waveform(ns):       { 0.000 4.000 }
Period(ns):         8.000
Sources:            { i_clk }

Check Type        Corner  Lib Pin  Reference Pin  Required(ns)  Actual(ns)  Slack(ns)  Location        Pin
Min Period        n/a     BUFG/I   n/a            2.155         8.000       5.845      BUFGCTRL_X0Y16  i_clk_IBUF_BUFG_inst/I
Min Period        n/a     FDRE/C   n/a            1.000         8.000       7.000      SLICE_X110Y87   cdiv/counter_reg[0]/C
Min Period        n/a     FDRE/C   n/a            1.000         8.000       7.000      SLICE_X112Y90   cdiv/counter_reg[10]/C
Min Period        n/a     FDRE/C   n/a            1.000         8.000       7.000      SLICE_X112Y90   cdiv/counter_reg[11]/C
Min Period        n/a     FDRE/C   n/a            1.000         8.000       7.000      SLICE_X110Y90   cdiv/counter_reg[12]/C
Min Period        n/a     FDRE/C   n/a            1.000         8.000       7.000      SLICE_X110Y90   cdiv/counter_reg[13]/C
Min Period        n/a     FDRE/C   n/a            1.000         8.000       7.000      SLICE_X112Y91   cdiv/counter_reg[14]/C
Min Period        n/a     FDRE/C   n/a            1.000         8.000       7.000      SLICE_X112Y90   cdiv/counter_reg[15]/C
Min Period        n/a     FDRE/C   n/a            1.000         8.000       7.000      SLICE_X112Y90   cdiv/counter_reg[16]/C
Min Period        n/a     FDRE/C   n/a            1.000         8.000       7.000      SLICE_X110Y91   cdiv/counter_reg[17]/C
Low Pulse Width   Slow    FDRE/C   n/a            0.500         4.000       3.500      SLICE_X110Y87   cdiv/counter_reg[0]/C
Low Pulse Width   Slow    FDRE/C   n/a            0.500         4.000       3.500      SLICE_X110Y87   cdiv/counter_reg[1]/C
Low Pulse Width   Slow    FDRE/C   n/a            0.500         4.000       3.500      SLICE_X110Y87   cdiv/counter_reg[2]/C
Low Pulse Width   Slow    FDRE/C   n/a            0.500         4.000       3.500      SLICE_X110Y87   cdiv/counter_reg[3]/C
Low Pulse Width   Slow    FDRE/C   n/a            0.500         4.000       3.500      SLICE_X110Y87   cdiv/o_clk_reg/C
Low Pulse Width   Fast    FDRE/C   n/a            0.500         4.000       3.500      SLICE_X112Y88   cdiv/counter_reg[4]/C
Low Pulse Width   Slow    FDRE/C   n/a            0.500         4.000       3.500      SLICE_X109Y88   cdiv/counter_reg[5]/C
Low Pulse Width   Slow    FDRE/C   n/a            0.500         4.000       3.500      SLICE_X109Y88   cdiv/counter_reg[6]/C
Low Pulse Width   Slow    FDRE/C   n/a            0.500         4.000       3.500      SLICE_X109Y88   cdiv/counter_reg[7]/C
Low Pulse Width   Fast    FDRE/C   n/a            0.500         4.000       3.500      SLICE_X112Y88   cdiv/counter_reg[8]/C
High Pulse Width  Fast    FDRE/C   n/a            0.500         4.000       3.500      SLICE_X110Y87   cdiv/counter_reg[0]/C
High Pulse Width  Slow    FDRE/C   n/a            0.500         4.000       3.500      SLICE_X112Y90   cdiv/counter_reg[10]/C
High Pulse Width  Fast    FDRE/C   n/a            0.500         4.000       3.500      SLICE_X112Y90   cdiv/counter_reg[10]/C
High Pulse Width  Slow    FDRE/C   n/a            0.500         4.000       3.500      SLICE_X112Y90   cdiv/counter_reg[11]/C
High Pulse Width  Fast    FDRE/C   n/a            0.500         4.000       3.500      SLICE_X112Y90   cdiv/counter_reg[11]/C
High Pulse Width  Slow    FDRE/C   n/a            0.500         4.000       3.500      SLICE_X110Y90   cdiv/counter_reg[12]/C
High Pulse Width  Fast    FDRE/C   n/a            0.500         4.000       3.500      SLICE_X110Y90   cdiv/counter_reg[12]/C
High Pulse Width  Slow    FDRE/C   n/a            0.500         4.000       3.500      SLICE_X110Y90   cdiv/counter_reg[13]/C
High Pulse Width  Fast    FDRE/C   n/a            0.500         4.000       3.500      SLICE_X110Y90   cdiv/counter_reg[13]/C
High Pulse Width  Slow    FDRE/C   n/a            0.500         4.000       3.500      SLICE_X112Y91   cdiv/counter_reg[14]/C



