#-----------------------------------------------------------
# Vivado v2019.2 (64-bit)
# SW Build 2708876 on Wed Nov  6 21:39:14 MST 2019
# IP Build 2700528 on Thu Nov  7 00:09:20 MST 2019
# Start of session at: Sat Aug 22 14:30:53 2026
# Process ID: 61374
# Current directory: /home/pranav/Documents/4-2-notes/fpga-lab/fpga-assignment-1/task-1
# Command line: vivado
# Log file: /home/pranav/Documents/4-2-notes/fpga-lab/fpga-assignment-1/task-1/vivado.log
# Journal file: /home/pranav/Documents/4-2-notes/fpga-lab/fpga-assignment-1/task-1/vivado.jou
#-----------------------------------------------------------
start_gui
pwd
/home/pranav/Documents/4-2-notes/fpga-lab/fpga-assignment-1/task-1
create_project task-1-sequence-detector /home/pranav/Documents/4-2-notes/fpga-lab/fpga-assignment-1/task-1/task-1-sequence-detector -part xc7z020clg400-1
INFO: [IP_Flow 19-234] Refreshing IP repositories
INFO: [IP_Flow 19-1704] No user IP repositories specified
INFO: [IP_Flow 19-2313] Loaded Vivado IP repository '/opt/Xilinx_2019_2/Vivado/2019.2/data/ip'.
create_project: Time (s): cpu = 00:00:25 ; elapsed = 00:00:09 . Memory (MB): peak = 6625.473 ; gain = 35.000 ; free physical = 394 ; free virtual = 30398
set_property  ip_repo_paths  /home/pranav/PersonalProjects/vivado_ip_cores [current_project]
update_ip_catalog
INFO: [IP_Flow 19-234] Refreshing IP repositories
INFO: [IP_Flow 19-1700] Loaded user IP repository '/home/pranav/PersonalProjects/vivado_ip_cores'.
file mkdir /home/pranav/Documents/4-2-notes/fpga-lab/fpga-assignment-1/task-1/task-1-sequence-detector/task-1-sequence-detector.srcs/sources_1/new
close [ open /home/pranav/Documents/4-2-notes/fpga-lab/fpga-assignment-1/task-1/task-1-sequence-detector/task-1-sequence-detector.srcs/sources_1/new/top.v w ]
add_files /home/pranav/Documents/4-2-notes/fpga-lab/fpga-assignment-1/task-1/task-1-sequence-detector/task-1-sequence-detector.srcs/sources_1/new/top.v
update_compile_order -fileset sources_1
file mkdir /home/pranav/Documents/4-2-notes/fpga-lab/fpga-assignment-1/task-1/task-1-sequence-detector/task-1-sequence-detector.srcs/sim_1/new
set_property SOURCE_SET sources_1 [get_filesets sim_1]
close [ open /home/pranav/Documents/4-2-notes/fpga-lab/fpga-assignment-1/task-1/task-1-sequence-detector/task-1-sequence-detector.srcs/sim_1/new/top_tb.v w ]
add_files -fileset sim_1 /home/pranav/Documents/4-2-notes/fpga-lab/fpga-assignment-1/task-1/task-1-sequence-detector/task-1-sequence-detector.srcs/sim_1/new/top_tb.v
update_compile_order -fileset sim_1
update_compile_order -fileset sim_1
launch_simulation
Command: launch_simulation 
INFO: [Vivado 12-5682] Launching behavioral simulation in '/home/pranav/Documents/4-2-notes/fpga-lab/fpga-assignment-1/task-1/task-1-sequence-detector/task-1-sequence-detector.sim/sim_1/behav/xsim'
INFO: [SIM-utils-51] Simulation object is 'sim_1'
INFO: [SIM-utils-54] Inspecting design source files for 'top_tb' in fileset 'sim_1'...
INFO: [USF-XSim-97] Finding global include files...
INFO: [USF-XSim-98] Fetching design files from 'sim_1'...
INFO: [USF-XSim-2] XSim::Compile design
INFO: [USF-XSim-61] Executing 'COMPILE and ANALYZE' step in '/home/pranav/Documents/4-2-notes/fpga-lab/fpga-assignment-1/task-1/task-1-sequence-detector/task-1-sequence-detector.sim/sim_1/behav/xsim'
xvlog --incr --relax -prj top_tb_vlog.prj
INFO: [VRFC 10-2263] Analyzing Verilog file "/home/pranav/Documents/4-2-notes/fpga-lab/fpga-assignment-1/task-1/task-1-sequence-detector/task-1-sequence-detector.srcs/sources_1/new/top.v" into library xil_defaultlib
INFO: [VRFC 10-311] analyzing module top
INFO: [VRFC 10-2263] Analyzing Verilog file "/home/pranav/Documents/4-2-notes/fpga-lab/fpga-assignment-1/task-1/task-1-sequence-detector/task-1-sequence-detector.srcs/sim_1/new/top_tb.v" into library xil_defaultlib
INFO: [VRFC 10-311] analyzing module top_tb
INFO: [VRFC 10-2263] Analyzing Verilog file "/home/pranav/Documents/4-2-notes/fpga-lab/fpga-assignment-1/task-1/task-1-sequence-detector/task-1-sequence-detector.sim/sim_1/behav/xsim/glbl.v" into library xil_defaultlib
INFO: [VRFC 10-311] analyzing module glbl
INFO: [USF-XSim-69] 'compile' step finished in '3' seconds
INFO: [USF-XSim-3] XSim::Elaborate design
INFO: [USF-XSim-61] Executing 'ELABORATE' step in '/home/pranav/Documents/4-2-notes/fpga-lab/fpga-assignment-1/task-1/task-1-sequence-detector/task-1-sequence-detector.sim/sim_1/behav/xsim'
xelab -wto b1ae8ddbf7024bc38d3a7ead454bcd1e --incr --debug typical --relax --mt 8 -L xil_defaultlib -L unisims_ver -L unimacro_ver -L secureip --snapshot top_tb_behav xil_defaultlib.top_tb xil_defaultlib.glbl -log elaborate.log
Vivado Simulator 2019.2
Copyright 1986-1999, 2001-2019 Xilinx, Inc. All Rights Reserved.
Running: /opt/Xilinx_2019_2/Vivado/2019.2/bin/unwrapped/lnx64.o/xelab -wto b1ae8ddbf7024bc38d3a7ead454bcd1e --incr --debug typical --relax --mt 8 -L xil_defaultlib -L unisims_ver -L unimacro_ver -L secureip --snapshot top_tb_behav xil_defaultlib.top_tb xil_defaultlib.glbl -log elaborate.log 
Using 8 slave threads.
Starting static elaboration
Pass Through NonSizing Optimizer
Completed static elaboration
Starting simulation data flow analysis
Completed simulation data flow analysis
Time Resolution for simulation is 1ps
Compiling module xil_defaultlib.top
Compiling module xil_defaultlib.top_tb
Compiling module xil_defaultlib.glbl
Built simulation snapshot top_tb_behav

****** Webtalk v2019.2 (64-bit)
  **** SW Build 2708876 on Wed Nov  6 21:39:14 MST 2019
  **** IP Build 2700528 on Thu Nov  7 00:09:20 MST 2019
    ** Copyright 1986-2019 Xilinx, Inc. All Rights Reserved.

source /home/pranav/Documents/4-2-notes/fpga-lab/fpga-assignment-1/task-1/task-1-sequence-detector/task-1-sequence-detector.sim/sim_1/behav/xsim/xsim.dir/top_tb_behav/webtalk/xsim_webtalk.tcl -notrace
INFO: [Common 17-206] Exiting Webtalk at Sat Aug 22 15:21:35 2026...
run_program: Time (s): cpu = 00:00:05 ; elapsed = 00:00:06 . Memory (MB): peak = 6979.355 ; gain = 0.000 ; free physical = 1983 ; free virtual = 30520
INFO: [USF-XSim-69] 'elaborate' step finished in '7' seconds
INFO: [USF-XSim-4] XSim::Simulate design
INFO: [USF-XSim-61] Executing 'SIMULATE' step in '/home/pranav/Documents/4-2-notes/fpga-lab/fpga-assignment-1/task-1/task-1-sequence-detector/task-1-sequence-detector.sim/sim_1/behav/xsim'
INFO: [USF-XSim-98] *** Running xsim
   with args "top_tb_behav -key {Behavioral:sim_1:Functional:top_tb} -tclbatch {top_tb.tcl} -log {simulate.log}"
INFO: [USF-XSim-8] Loading simulator feature
Vivado Simulator 2019.2
Time resolution is 1 ps
source top_tb.tcl
# set curr_wave [current_wave_config]
# if { [string length $curr_wave] == 0 } {
#   if { [llength [get_objects]] > 0} {
#     add_wave /
#     set_property needs_save false [current_wave_config]
#   } else {
#      send_msg_id Add_Wave-1 WARNING "No top level signals found. Simulator will start without a wave window. If you want to open a wave window go to 'File->New Waveform Configuration' or type 'create_wave_config' in the TCL console."
#   }
# }
# run 1000ns

============================================================
TEST 1:                                                                                                                                                                                               Basic 0010
SEQUENCE = 000000001010
LENGTH   = 8
============================================================
TEST PASSED

============================================================
TEST 2:                                                                                                                                                                                               Basic 0100
SEQUENCE = 000000000100
LENGTH   = 8
============================================================
ERROR @ time 236000 : input=0 expected_valid=0 actual=1
TEST PASSED

============================================================
TEST 3:                                                                                                                                                                                  0010 with leading zeros
SEQUENCE = 000000010010
LENGTH   = 8
============================================================
ERROR @ time 346000 : input=0 expected_valid=0 actual=1
ERROR: pattern_valid remained HIGH after test 3

============================================================
TEST 4:                                                                                                                                                                                      0100 near beginning
SEQUENCE = 000000001100
LENGTH   = 8
============================================================
TEST PASSED

============================================================
TEST 5:                                                                                                                                                                                                 All ones
SEQUENCE = 000011111111
LENGTH   = 8
============================================================
TEST PASSED

============================================================
TEST 6:                                                                                                                                                                                                All zeros
SEQUENCE = 000000000000
LENGTH   = 8
============================================================
TEST PASSED

============================================================
TEST 7:                                                                                                                                                                                        11110000 no match
SEQUENCE = 000011110000
LENGTH   = 8
============================================================
TEST PASSED

============================================================
TEST 8:                                                                                                                                                                                     Alternating 10101010
SEQUENCE = 000010101010
LENGTH   = 8
============================================================
INFO: [USF-XSim-96] XSim completed. Design snapshot 'top_tb_behav' loaded.
INFO: [USF-XSim-97] XSim simulation ran for 1000ns
launch_simulation: Time (s): cpu = 00:00:20 ; elapsed = 00:00:15 . Memory (MB): peak = 7138.203 ; gain = 158.848 ; free physical = 1883 ; free virtual = 30462
close_sim
INFO: [Simtcl 6-16] Simulation closed
launch_simulation
Command: launch_simulation 
INFO: [Vivado 12-5682] Launching behavioral simulation in '/home/pranav/Documents/4-2-notes/fpga-lab/fpga-assignment-1/task-1/task-1-sequence-detector/task-1-sequence-detector.sim/sim_1/behav/xsim'
INFO: [SIM-utils-51] Simulation object is 'sim_1'
INFO: [SIM-utils-54] Inspecting design source files for 'top_tb' in fileset 'sim_1'...
INFO: [USF-XSim-97] Finding global include files...
INFO: [USF-XSim-98] Fetching design files from 'sim_1'...
INFO: [USF-XSim-2] XSim::Compile design
INFO: [USF-XSim-61] Executing 'COMPILE and ANALYZE' step in '/home/pranav/Documents/4-2-notes/fpga-lab/fpga-assignment-1/task-1/task-1-sequence-detector/task-1-sequence-detector.sim/sim_1/behav/xsim'
xvlog --incr --relax -prj top_tb_vlog.prj
INFO: [VRFC 10-2263] Analyzing Verilog file "/home/pranav/Documents/4-2-notes/fpga-lab/fpga-assignment-1/task-1/task-1-sequence-detector/task-1-sequence-detector.srcs/sources_1/new/top.v" into library xil_defaultlib
INFO: [VRFC 10-311] analyzing module top
INFO: [VRFC 10-2263] Analyzing Verilog file "/home/pranav/Documents/4-2-notes/fpga-lab/fpga-assignment-1/task-1/task-1-sequence-detector/task-1-sequence-detector.srcs/sim_1/new/top_tb.v" into library xil_defaultlib
INFO: [VRFC 10-311] analyzing module top_tb
INFO: [USF-XSim-69] 'compile' step finished in '2' seconds
INFO: [USF-XSim-3] XSim::Elaborate design
INFO: [USF-XSim-61] Executing 'ELABORATE' step in '/home/pranav/Documents/4-2-notes/fpga-lab/fpga-assignment-1/task-1/task-1-sequence-detector/task-1-sequence-detector.sim/sim_1/behav/xsim'
xelab -wto b1ae8ddbf7024bc38d3a7ead454bcd1e --incr --debug typical --relax --mt 8 -L xil_defaultlib -L unisims_ver -L unimacro_ver -L secureip --snapshot top_tb_behav xil_defaultlib.top_tb xil_defaultlib.glbl -log elaborate.log
Vivado Simulator 2019.2
Copyright 1986-1999, 2001-2019 Xilinx, Inc. All Rights Reserved.
Running: /opt/Xilinx_2019_2/Vivado/2019.2/bin/unwrapped/lnx64.o/xelab -wto b1ae8ddbf7024bc38d3a7ead454bcd1e --incr --debug typical --relax --mt 8 -L xil_defaultlib -L unisims_ver -L unimacro_ver -L secureip --snapshot top_tb_behav xil_defaultlib.top_tb xil_defaultlib.glbl -log elaborate.log 
Using 8 slave threads.
Starting static elaboration
Pass Through NonSizing Optimizer
Completed static elaboration
Starting simulation data flow analysis
Completed simulation data flow analysis
Time Resolution for simulation is 1ps
Compiling module xil_defaultlib.top
Compiling module xil_defaultlib.top_tb
Compiling module xil_defaultlib.glbl
Built simulation snapshot top_tb_behav
INFO: [USF-XSim-69] 'elaborate' step finished in '2' seconds
INFO: [USF-XSim-4] XSim::Simulate design
INFO: [USF-XSim-61] Executing 'SIMULATE' step in '/home/pranav/Documents/4-2-notes/fpga-lab/fpga-assignment-1/task-1/task-1-sequence-detector/task-1-sequence-detector.sim/sim_1/behav/xsim'
INFO: [USF-XSim-98] *** Running xsim
   with args "top_tb_behav -key {Behavioral:sim_1:Functional:top_tb} -tclbatch {top_tb.tcl} -log {simulate.log}"
INFO: [USF-XSim-8] Loading simulator feature
Vivado Simulator 2019.2
Time resolution is 1 ps
source top_tb.tcl
# set curr_wave [current_wave_config]
# if { [string length $curr_wave] == 0 } {
#   if { [llength [get_objects]] > 0} {
#     add_wave /
#     set_property needs_save false [current_wave_config]
#   } else {
#      send_msg_id Add_Wave-1 WARNING "No top level signals found. Simulator will start without a wave window. If you want to open a wave window go to 'File->New Waveform Configuration' or type 'create_wave_config' in the TCL console."
#   }
# }
# run 1000ns

------------------------------------------------------------
TEST 1:      0010 at end
INPUT: 000000001010
------------------------------------------------------------
  PASS

------------------------------------------------------------
TEST 2:      0100 at end
INPUT: 000000000100
------------------------------------------------------------
  PASS

------------------------------------------------------------
TEST 3: 010 at beginning
INPUT: 000000100000
------------------------------------------------------------
  PASS

------------------------------------------------------------
TEST 4: 100 at beginning
INPUT: 000001000000
------------------------------------------------------------
  PASS

------------------------------------------------------------
TEST 5:    0010 near end
INPUT: 000000010010
------------------------------------------------------------
  ERROR: o_pattern_valid did not return LOW

------------------------------------------------------------
TEST 6:    0100 near end
INPUT: 000000010100
------------------------------------------------------------
  PASS

------------------------------------------------------------
TEST 7:         All ones
INPUT: 000011111111
------------------------------------------------------------
  PASS

------------------------------------------------------------
TEST 8:        All zeros
INPUT: 000000000000
------------------------------------------------------------
  PASS

------------------------------------------------------------
TEST 9: rnating 10101010
INPUT: 000010101010
------------------------------------------------------------
INFO: [USF-XSim-96] XSim completed. Design snapshot 'top_tb_behav' loaded.
INFO: [USF-XSim-97] XSim simulation ran for 1000ns
launch_simulation: Time (s): cpu = 00:00:09 ; elapsed = 00:00:07 . Memory (MB): peak = 7175.734 ; gain = 37.531 ; free physical = 1976 ; free virtual = 30444
run 100us
  ERROR: o_pattern_valid did not return LOW

------------------------------------------------------------
TEST 10: rnating 01010101
INPUT: 000001010101
------------------------------------------------------------
  PASS

------------------------------------------------------------
TEST 11:         11110000
INPUT: 000011110000
------------------------------------------------------------
  PASS

------------------------------------------------------------
TEST 12:         11001100
INPUT: 000011001100
------------------------------------------------------------
  PASS

------------------------------------------------------------
TEST 13:  ones then zeros
INPUT: 001111110000
------------------------------------------------------------
  PASS

------------------------------------------------------------
TEST 14:  zeros then ones
INPUT: 000000001111
------------------------------------------------------------
  PASS

------------------------------------------------------------
TEST 15: 10 at position 1
INPUT: 000000101111
------------------------------------------------------------
  PASS

------------------------------------------------------------
TEST 16:   0010 in middle
INPUT: 000010010111
------------------------------------------------------------
  PASS

------------------------------------------------------------
TEST 17: 0010 in middle 2
INPUT: 000011001011
------------------------------------------------------------
  PASS

------------------------------------------------------------
TEST 18:    0100 near end
INPUT: 000011100100
------------------------------------------------------------
  PASS

------------------------------------------------------------
TEST 19: 00 at position 1
INPUT: 000001001111
------------------------------------------------------------
  PASS

------------------------------------------------------------
TEST 20:   0100 in middle
INPUT: 000011010011
------------------------------------------------------------
  PASS

------------------------------------------------------------
TEST 21: 0100 in middle 2
INPUT: 000011101001
------------------------------------------------------------
  PASS

------------------------------------------------------------
TEST 22:   0010 then 0100
INPUT: 000000100100
------------------------------------------------------------
  PASS

------------------------------------------------------------
TEST 23:   0100 then 0010
INPUT: 000001000010
------------------------------------------------------------
  PASS

------------------------------------------------------------
TEST 24:   0010 then 0010
INPUT: 000000100010
------------------------------------------------------------
  PASS

------------------------------------------------------------
TEST 25:   0100 then 0100
INPUT: 000001000100
------------------------------------------------------------
  PASS

------------------------------------------------------------
TEST 26:   0010 0100 0010
INPUT: 001001001010
------------------------------------------------------------
  ERROR: o_pattern_valid did not return LOW

------------------------------------------------------------
TEST 27:   0100 0010 0100
INPUT: 010000100100
------------------------------------------------------------
  PASS

------------------------------------------------------------
TEST 28:    0010 repeated
INPUT: 001000100010
------------------------------------------------------------
  PASS

------------------------------------------------------------
TEST 29:    0100 repeated
INPUT: 010001000100
------------------------------------------------------------
  PASS

------------------------------------------------------------
TEST 30:  instead of 0010
INPUT: 000000111111
------------------------------------------------------------
  PASS

------------------------------------------------------------
TEST 31:   0001 near miss
INPUT: 000000011111
------------------------------------------------------------
  PASS

------------------------------------------------------------
TEST 32:  instead of 0100
INPUT: 000001011111
------------------------------------------------------------
  PASS

------------------------------------------------------------
TEST 33:   0111 near miss
INPUT: 000001111111
------------------------------------------------------------
  PASS

------------------------------------------------------------
TEST 34:    0011 repeated
INPUT: 000000110011
------------------------------------------------------------
  PASS

------------------------------------------------------------
TEST 35:   0101 near miss
INPUT: 000001010111
------------------------------------------------------------
  PASS

------------------------------------------------------------
TEST 36:         01100110
INPUT: 000001100110
------------------------------------------------------------
  PASS

------------------------------------------------------------
TEST 37:         00010001
INPUT: 000000010001
------------------------------------------------------------
  ERROR: o_pattern_valid did not return LOW

------------------------------------------------------------
TEST 38: ndidate 00100100
INPUT: 000000100100
------------------------------------------------------------
  PASS

------------------------------------------------------------
TEST 39: ndidate 01001000
INPUT: 000001001000
------------------------------------------------------------
  PASS

------------------------------------------------------------
TEST 40:  0010 candidates
INPUT: 000010010010
------------------------------------------------------------
  PASS

------------------------------------------------------------
TEST 41:  0100 candidates
INPUT: 000100100100
------------------------------------------------------------
  PASS

------------------------------------------------------------
TEST 42:  0010 candidates
INPUT: 001001001001
------------------------------------------------------------
  ERROR: o_pattern_valid did not return LOW

------------------------------------------------------------
TEST 43:  0100 candidates
INPUT: 010010010010
------------------------------------------------------------
  ERROR: o_pattern_valid did not return LOW

------------------------------------------------------------
TEST 44: mixed candidates
INPUT: 001000100100
------------------------------------------------------------
  PASS

------------------------------------------------------------
TEST 45: xed candidates 2
INPUT: 010001001001
------------------------------------------------------------
  ERROR: o_pattern_valid did not return LOW

------------------------------------------------------------
TEST 46: followed by 0010
INPUT: 000000000010
------------------------------------------------------------
  PASS

------------------------------------------------------------
TEST 47: followed by 0100
INPUT: 000000000100
------------------------------------------------------------
  PASS

------------------------------------------------------------
TEST 48: ro run then 0010
INPUT: 000000000010
------------------------------------------------------------
  PASS

------------------------------------------------------------
TEST 49: ro run then 0100
INPUT: 000000000100
------------------------------------------------------------
  PASS

------------------------------------------------------------
TEST 50: heavy sequence 1
INPUT: 000001000010
------------------------------------------------------------
  PASS

------------------------------------------------------------
TEST 51: heavy sequence 2
INPUT: 000010000100
------------------------------------------------------------
  PASS

------------------------------------------------------------
TEST 52: followed by 0010
INPUT: 111111110010
------------------------------------------------------------
  PASS

------------------------------------------------------------
TEST 53: followed by 0100
INPUT: 111111110100
------------------------------------------------------------
  PASS

------------------------------------------------------------
TEST 54: y ones with 0010
INPUT: 111101110010
------------------------------------------------------------
  PASS

------------------------------------------------------------
TEST 55: y ones with 0100
INPUT: 111101110100
------------------------------------------------------------
  PASS

------------------------------------------------------------
TEST 56: Mixed sequence 1
INPUT: 101100101010
------------------------------------------------------------
  ERROR: o_pattern_valid did not return LOW

------------------------------------------------------------
TEST 57: Mixed sequence 2
INPUT: 110010110100
------------------------------------------------------------
  PASS

------------------------------------------------------------
TEST 58: Mixed sequence 3
INPUT: 100100100010
------------------------------------------------------------
  ERROR: o_pattern_valid did not return LOW

------------------------------------------------------------
TEST 59: Mixed sequence 4
INPUT: 011001001100
------------------------------------------------------------
  PASS

------------------------------------------------------------
TEST 60: Mixed sequence 5
INPUT: 101001000110
------------------------------------------------------------
  PASS

------------------------------------------------------------
TEST 61: Mixed sequence 6
INPUT: 110100100011
------------------------------------------------------------
  PASS

------------------------------------------------------------
TEST 62: Mixed sequence 7
INPUT: 100110010010
------------------------------------------------------------
  ERROR: o_pattern_valid did not return LOW

------------------------------------------------------------
TEST 63: Mixed sequence 8
INPUT: 011010010100
------------------------------------------------------------
  PASS

------------------------------------------------------------
TEST 64: 010 garbage 0100
INPUT: 001011110100
------------------------------------------------------------
  PASS

------------------------------------------------------------
TEST 65: 100 garbage 0010
INPUT: 010011110010
------------------------------------------------------------
  PASS

------------------------------------------------------------
TEST 66: xed garbage 0100
INPUT: 001010110100
------------------------------------------------------------
  PASS

------------------------------------------------------------
TEST 67: xed garbage 0010
INPUT: 010001100010
------------------------------------------------------------
  PASS

------------------------------------------------------------
TEST 68: ed 0010 patterns
INPUT: 110010110010
------------------------------------------------------------
  PASS

------------------------------------------------------------
TEST 69: ed 0100 patterns
INPUT: 110100110100
------------------------------------------------------------
  PASS

------------------------------------------------------------
TEST 70: ss plus patterns
INPUT: 001100100100
------------------------------------------------------------
  PASS

------------------------------------------------------------
TEST 71:  plus patterns 2
INPUT: 010100100010
------------------------------------------------------------
  PASS

------------------------------------------------------------
TEST 72: partial prefixes
INPUT: 000100100100
------------------------------------------------------------
  PASS

------------------------------------------------------------
TEST 73:  separated by 11
INPUT: 001001100100
------------------------------------------------------------
  PASS

------------------------------------------------------------
TEST 74: ndidate sequence
INPUT: 010010100010
------------------------------------------------------------
  ERROR: o_pattern_valid did not return LOW

------------------------------------------------------------
TEST 75: idate sequence 2
INPUT: 001010010100
------------------------------------------------------------
  PASS


============================================================
                    FINAL RESULT
============================================================
Tests run    : 75
Tests passed : 64
Errors       : 11
============================================================

**************** TEST FAILED *******************

$finish called at time : 9886 ns : File "/home/pranav/Documents/4-2-notes/fpga-lab/fpga-assignment-1/task-1/task-1-sequence-detector/task-1-sequence-detector.srcs/sim_1/new/top_tb.v" Line 466
close_sim
INFO: [Simtcl 6-16] Simulation closed
add_files -norecurse -scan_for_includes /home/pranav/Documents/4-2-notes/fpga-lab/labs/lab-2/counters/counters.srcs/sources_1/new/clockdiv.v
import_files -norecurse /home/pranav/Documents/4-2-notes/fpga-lab/labs/lab-2/counters/counters.srcs/sources_1/new/clockdiv.v
update_compile_order -fileset sources_1
update_compile_order -fileset sources_1
close [ open /home/pranav/Documents/4-2-notes/fpga-lab/fpga-assignment-1/task-1/task-1-sequence-detector/task-1-sequence-detector.srcs/sources_1/new/detector.v w ]
add_files /home/pranav/Documents/4-2-notes/fpga-lab/fpga-assignment-1/task-1/task-1-sequence-detector/task-1-sequence-detector.srcs/sources_1/new/detector.v
close [ open /home/pranav/Documents/4-2-notes/fpga-lab/fpga-assignment-1/task-1/task-1-sequence-detector/task-1-sequence-detector.srcs/sources_1/new/generator.v w ]
add_files /home/pranav/Documents/4-2-notes/fpga-lab/fpga-assignment-1/task-1/task-1-sequence-detector/task-1-sequence-detector.srcs/sources_1/new/generator.v
update_compile_order -fileset sources_1
update_compile_order -fileset sources_1
update_compile_order -fileset sources_1
exit
INFO: [Common 17-206] Exiting Vivado at Sat Aug 22 18:28:43 2026...
