#-----------------------------------------------------------
# Vivado v2019.2 (64-bit)
# SW Build 2708876 on Wed Nov  6 21:39:14 MST 2019
# IP Build 2700528 on Thu Nov  7 00:09:20 MST 2019
# Start of session at: Tue Aug 25 15:19:38 2026
# Process ID: 50711
# Current directory: /home/pranav/Documents/4-2-notes/fpga-lab/fpga-assignment-1/task-1
# Command line: vivado
# Log file: /home/pranav/Documents/4-2-notes/fpga-lab/fpga-assignment-1/task-1/vivado.log
# Journal file: /home/pranav/Documents/4-2-notes/fpga-lab/fpga-assignment-1/task-1/vivado.jou
#-----------------------------------------------------------
start_gui
open_project /home/pranav/Documents/4-2-notes/fpga-lab/fpga-assignment-1/task-1/task-1-sequence-detector/task-1-sequence-detector.xpr
update_compile_order -fileset sources_1
launch_simulation
launch_simulation
source top_tb.tcl
launch_simulation
source top.tcl
update_compile_order -fileset sim_1
close_sim
close_sim
launch_simulation
source top.tcl
# Disabling source management mode.  This is to allow the top design properties to be set without GUI intervention.
set_property source_mgmt_mode None [current_project]
set_property top detector_tb [get_filesets sim_1]
set_property top_lib xil_defaultlib [get_filesets sim_1]
# Re-enabling previously disabled source management mode.
set_property source_mgmt_mode All [current_project]
update_compile_order -fileset sim_1
launch_simulation
source detector_tb.tcl
update_compile_order -fileset sim_1
# Disabling source management mode.  This is to allow the top design properties to be set without GUI intervention.
set_property source_mgmt_mode None [current_project]
set_property top top_tb [get_filesets sim_1]
set_property top_lib xil_defaultlib [get_filesets sim_1]
# Re-enabling previously disabled source management mode.
set_property source_mgmt_mode All [current_project]
update_compile_order -fileset sim_1
current_sim simulation_3
close_sim
launch_simulation
source top_tb.tcl
close_sim
close_sim
close_project
open_project /home/pranav/Documents/4-2-notes/fpga-lab/fpga-assignment-1/task-2/task-2-password-locker/task-2-password-locker.xpr
update_compile_order -fileset sources_1
launch_simulation
source top.tcl
file mkdir /home/pranav/Documents/4-2-notes/fpga-lab/fpga-assignment-1/task-2/task-2-password-locker/task-2-password-locker.srcs/sim_1/new
set_property SOURCE_SET sources_1 [get_filesets sim_1]
close [ open /home/pranav/Documents/4-2-notes/fpga-lab/fpga-assignment-1/task-2/task-2-password-locker/task-2-password-locker.srcs/sim_1/new/top_tb.v w ]
add_files -fileset sim_1 /home/pranav/Documents/4-2-notes/fpga-lab/fpga-assignment-1/task-2/task-2-password-locker/task-2-password-locker.srcs/sim_1/new/top_tb.v
update_compile_order -fileset sim_1
# Disabling source management mode.  This is to allow the top design properties to be set without GUI intervention.
set_property source_mgmt_mode None [current_project]
set_property top top_tb [get_filesets sim_1]
set_property top_lib xil_defaultlib [get_filesets sim_1]
# Re-enabling previously disabled source management mode.
set_property source_mgmt_mode All [current_project]
update_compile_order -fileset sim_1
update_compile_order -fileset sim_1
# Disabling source management mode.  This is to allow the top design properties to be set without GUI intervention.
set_property source_mgmt_mode None [current_project]
set_property top mealy_detector_tb [get_filesets sim_1]
set_property top_lib xil_defaultlib [get_filesets sim_1]
# Re-enabling previously disabled source management mode.
set_property source_mgmt_mode All [current_project]
update_compile_order -fileset sim_1
launch_simulation
source mealy_detector_tb.tcl
close_sim
close_sim
