#-----------------------------------------------------------
# Vivado v2019.2 (64-bit)
# SW Build 2708876 on Wed Nov  6 21:39:14 MST 2019
# IP Build 2700528 on Thu Nov  7 00:09:20 MST 2019
# Start of session at: Tue Aug 25 01:09:30 2026
# Process ID: 13676
# Current directory: /home/pranav/Documents/4-2-notes/fpga-lab/fpga-assignment-1/task-2
# Command line: vivado
# Log file: /home/pranav/Documents/4-2-notes/fpga-lab/fpga-assignment-1/task-2/vivado.log
# Journal file: /home/pranav/Documents/4-2-notes/fpga-lab/fpga-assignment-1/task-2/vivado.jou
#-----------------------------------------------------------
start_gui
open_project /home/pranav/Documents/4-2-notes/fpga-lab/fpga-assignment-1/task-2/task-2-password-locker/task-2-password-locker.xpr
Scanning sources...
Finished scanning sources
INFO: [IP_Flow 19-234] Refreshing IP repositories
INFO: [IP_Flow 19-1700] Loaded user IP repository '/home/pranav/PersonalProjects/vivado_ip_cores'.
INFO: [IP_Flow 19-2313] Loaded Vivado IP repository '/opt/Xilinx_2019_2/Vivado/2019.2/data/ip'.
open_project: Time (s): cpu = 00:00:47 ; elapsed = 00:00:18 . Memory (MB): peak = 6648.840 ; gain = 215.504 ; free physical = 682 ; free virtual = 32635
update_compile_order -fileset sources_1
exit
INFO: [Common 17-206] Exiting Vivado at Tue Aug 25 01:50:40 2026...
