#-----------------------------------------------------------
# Vivado v2019.2 (64-bit)
# SW Build 2708876 on Wed Nov  6 21:39:14 MST 2019
# IP Build 2700528 on Thu Nov  7 00:09:20 MST 2019
# Start of session at: Sat Aug 22 18:28:49 2026
# Process ID: 78710
# Current directory: /home/pranav/Documents/4-2-notes/fpga-lab/fpga-assignment-1/task-2
# Command line: vivado
# Log file: /home/pranav/Documents/4-2-notes/fpga-lab/fpga-assignment-1/task-2/vivado.log
# Journal file: /home/pranav/Documents/4-2-notes/fpga-lab/fpga-assignment-1/task-2/vivado.jou
#-----------------------------------------------------------
start_gui
create_project task-2-password-locker /home/pranav/Documents/4-2-notes/fpga-lab/fpga-assignment-1/task-2/task-2-password-locker -part xc7z020clg400-1
INFO: [IP_Flow 19-234] Refreshing IP repositories
INFO: [IP_Flow 19-1704] No user IP repositories specified
INFO: [IP_Flow 19-2313] Loaded Vivado IP repository '/opt/Xilinx_2019_2/Vivado/2019.2/data/ip'.
create_project: Time (s): cpu = 00:00:26 ; elapsed = 00:00:09 . Memory (MB): peak = 6601.227 ; gain = 43.906 ; free physical = 1537 ; free virtual = 31012
set_property  ip_repo_paths  /home/pranav/PersonalProjects/vivado_ip_cores [current_project]
update_ip_catalog
INFO: [IP_Flow 19-234] Refreshing IP repositories
INFO: [IP_Flow 19-1700] Loaded user IP repository '/home/pranav/PersonalProjects/vivado_ip_cores'.
file mkdir /home/pranav/Documents/4-2-notes/fpga-lab/fpga-assignment-1/task-2/task-2-password-locker/task-2-password-locker.srcs/sources_1/new
close [ open /home/pranav/Documents/4-2-notes/fpga-lab/fpga-assignment-1/task-2/task-2-password-locker/task-2-password-locker.srcs/sources_1/new/top.v w ]
add_files /home/pranav/Documents/4-2-notes/fpga-lab/fpga-assignment-1/task-2/task-2-password-locker/task-2-password-locker.srcs/sources_1/new/top.v
update_compile_order -fileset sources_1
add_files -norecurse -scan_for_includes /home/pranav/Documents/4-2-notes/fpga-lab/fpga-assignment-1/task-1/task-1-sequence-detector/task-1-sequence-detector.srcs/sources_1/imports/new/clockdiv.v
import_files -norecurse /home/pranav/Documents/4-2-notes/fpga-lab/fpga-assignment-1/task-1/task-1-sequence-detector/task-1-sequence-detector.srcs/sources_1/imports/new/clockdiv.v
update_compile_order -fileset sources_1
update_compile_order -fileset sources_1
close [ open /home/pranav/Documents/4-2-notes/fpga-lab/fpga-assignment-1/task-2/task-2-password-locker/task-2-password-locker.srcs/sources_1/new/mealy-detector.v w ]
add_files /home/pranav/Documents/4-2-notes/fpga-lab/fpga-assignment-1/task-2/task-2-password-locker/task-2-password-locker.srcs/sources_1/new/mealy-detector.v
update_compile_order -fileset sources_1
update_compile_order -fileset sources_1
exit
INFO: [Common 17-206] Exiting Vivado at Sun Aug 23 02:49:01 2026...
